Archive member included because of file (symbol)

c:/altera/13.0/nios2eds/bin/gnu/h-i686-mingw32/bin/../lib/gcc/nios2-elf/4.1.2/../../../../nios2-elf/lib\libc.a(lib_a-printf.o)
                              obj/default/hello_world.o (printf)
c:/altera/13.0/nios2eds/bin/gnu/h-i686-mingw32/bin/../lib/gcc/nios2-elf/4.1.2/../../../../nios2-elf/lib\libc.a(lib_a-puts.o)
                              obj/default/hello_world.o (puts)
c:/altera/13.0/nios2eds/bin/gnu/h-i686-mingw32/bin/../lib/gcc/nios2-elf/4.1.2/../../../../nios2-elf/lib\libc.a(lib_a-strlen.o)
                              c:/altera/13.0/nios2eds/bin/gnu/h-i686-mingw32/bin/../lib/gcc/nios2-elf/4.1.2/../../../../nios2-elf/lib\libc.a(lib_a-puts.o) (strlen)
c:/altera/13.0/nios2eds/bin/gnu/h-i686-mingw32/bin/../lib/gcc/nios2-elf/4.1.2/../../../../nios2-elf/lib\libc.a(lib_a-vfprintf.o)
                              c:/altera/13.0/nios2eds/bin/gnu/h-i686-mingw32/bin/../lib/gcc/nios2-elf/4.1.2/../../../../nios2-elf/lib\libc.a(lib_a-printf.o) (___vfprintf_internal_r)
c:/altera/13.0/nios2eds/bin/gnu/h-i686-mingw32/bin/../lib/gcc/nios2-elf/4.1.2/../../../../nios2-elf/lib\libc.a(lib_a-wsetup.o)
                              c:/altera/13.0/nios2eds/bin/gnu/h-i686-mingw32/bin/../lib/gcc/nios2-elf/4.1.2/../../../../nios2-elf/lib\libc.a(lib_a-vfprintf.o) (__swsetup_r)
c:/altera/13.0/nios2eds/bin/gnu/h-i686-mingw32/bin/../lib/gcc/nios2-elf/4.1.2/../../../../nios2-elf/lib\libc.a(lib_a-dtoa.o)
                              c:/altera/13.0/nios2eds/bin/gnu/h-i686-mingw32/bin/../lib/gcc/nios2-elf/4.1.2/../../../../nios2-elf/lib\libc.a(lib_a-vfprintf.o) (_dtoa_r)
c:/altera/13.0/nios2eds/bin/gnu/h-i686-mingw32/bin/../lib/gcc/nios2-elf/4.1.2/../../../../nios2-elf/lib\libc.a(lib_a-fflush.o)
                              c:/altera/13.0/nios2eds/bin/gnu/h-i686-mingw32/bin/../lib/gcc/nios2-elf/4.1.2/../../../../nios2-elf/lib\libc.a(lib_a-vfprintf.o) (_fflush_r)
c:/altera/13.0/nios2eds/bin/gnu/h-i686-mingw32/bin/../lib/gcc/nios2-elf/4.1.2/../../../../nios2-elf/lib\libc.a(lib_a-findfp.o)
                              c:/altera/13.0/nios2eds/bin/gnu/h-i686-mingw32/bin/../lib/gcc/nios2-elf/4.1.2/../../../../nios2-elf/lib\libc.a(lib_a-vfprintf.o) (__sinit)
c:/altera/13.0/nios2eds/bin/gnu/h-i686-mingw32/bin/../lib/gcc/nios2-elf/4.1.2/../../../../nios2-elf/lib\libc.a(lib_a-freer.o)
                              c:/altera/13.0/nios2eds/bin/gnu/h-i686-mingw32/bin/../lib/gcc/nios2-elf/4.1.2/../../../../nios2-elf/lib\libc.a(lib_a-wsetup.o) (_free_r)
c:/altera/13.0/nios2eds/bin/gnu/h-i686-mingw32/bin/../lib/gcc/nios2-elf/4.1.2/../../../../nios2-elf/lib\libc.a(lib_a-fvwrite.o)
                              c:/altera/13.0/nios2eds/bin/gnu/h-i686-mingw32/bin/../lib/gcc/nios2-elf/4.1.2/../../../../nios2-elf/lib\libc.a(lib_a-puts.o) (__sfvwrite_r)
c:/altera/13.0/nios2eds/bin/gnu/h-i686-mingw32/bin/../lib/gcc/nios2-elf/4.1.2/../../../../nios2-elf/lib\libc.a(lib_a-fwalk.o)
                              c:/altera/13.0/nios2eds/bin/gnu/h-i686-mingw32/bin/../lib/gcc/nios2-elf/4.1.2/../../../../nios2-elf/lib\libc.a(lib_a-fflush.o) (_fwalk_reent)
c:/altera/13.0/nios2eds/bin/gnu/h-i686-mingw32/bin/../lib/gcc/nios2-elf/4.1.2/../../../../nios2-elf/lib\libc.a(lib_a-impure.o)
                              c:/altera/13.0/nios2eds/bin/gnu/h-i686-mingw32/bin/../lib/gcc/nios2-elf/4.1.2/../../../../nios2-elf/lib\libc.a(lib_a-printf.o) (_impure_ptr)
c:/altera/13.0/nios2eds/bin/gnu/h-i686-mingw32/bin/../lib/gcc/nios2-elf/4.1.2/../../../../nios2-elf/lib\libc.a(lib_a-locale.o)
                              c:/altera/13.0/nios2eds/bin/gnu/h-i686-mingw32/bin/../lib/gcc/nios2-elf/4.1.2/../../../../nios2-elf/lib\libc.a(lib_a-vfprintf.o) (_localeconv_r)
c:/altera/13.0/nios2eds/bin/gnu/h-i686-mingw32/bin/../lib/gcc/nios2-elf/4.1.2/../../../../nios2-elf/lib\libc.a(lib_a-makebuf.o)
                              c:/altera/13.0/nios2eds/bin/gnu/h-i686-mingw32/bin/../lib/gcc/nios2-elf/4.1.2/../../../../nios2-elf/lib\libc.a(lib_a-wsetup.o) (__smakebuf_r)
c:/altera/13.0/nios2eds/bin/gnu/h-i686-mingw32/bin/../lib/gcc/nios2-elf/4.1.2/../../../../nios2-elf/lib\libc.a(lib_a-mallocr.o)
                              c:/altera/13.0/nios2eds/bin/gnu/h-i686-mingw32/bin/../lib/gcc/nios2-elf/4.1.2/../../../../nios2-elf/lib\libc.a(lib_a-findfp.o) (_malloc_r)
c:/altera/13.0/nios2eds/bin/gnu/h-i686-mingw32/bin/../lib/gcc/nios2-elf/4.1.2/../../../../nios2-elf/lib\libc.a(lib_a-memchr.o)
                              c:/altera/13.0/nios2eds/bin/gnu/h-i686-mingw32/bin/../lib/gcc/nios2-elf/4.1.2/../../../../nios2-elf/lib\libc.a(lib_a-vfprintf.o) (memchr)
c:/altera/13.0/nios2eds/bin/gnu/h-i686-mingw32/bin/../lib/gcc/nios2-elf/4.1.2/../../../../nios2-elf/lib\libc.a(lib_a-memcpy.o)
                              c:/altera/13.0/nios2eds/bin/gnu/h-i686-mingw32/bin/../lib/gcc/nios2-elf/4.1.2/../../../../nios2-elf/lib\libc.a(lib_a-dtoa.o) (memcpy)
[...]
Memory Configuration

Name             Origin             Length             Attributes
reset            0x00800000         0x00000020
sdram_controller 0x00800020         0x007fffe0
onchip_mem       0x01008000         0x00008000
*default*        0x00000000         0xffffffff

Linker script and memory map

LOAD ../cs303a2_bsp//obj/HAL/src/crt0.o
LOAD obj/default/hello_world.o
LOAD obj/default/sccharts.o
LOAD c:/altera/13.0/nios2eds/bin/gnu/h-i686-mingw32/bin/../lib/gcc/nios2-elf/4.1.2/../../../../nios2-elf/lib\libstdc++.a
LOAD c:/altera/13.0/nios2eds/bin/gnu/h-i686-mingw32/bin/../lib/gcc/nios2-elf/4.1.2/../../../../nios2-elf/lib\libm.a
LOAD c:/altera/13.0/nios2eds/bin/gnu/h-i686-mingw32/bin/../lib/gcc/nios2-elf/4.1.2\libgcc.a
START GROUP
LOAD c:/altera/13.0/nios2eds/bin/gnu/h-i686-mingw32/bin/../lib/gcc/nios2-elf/4.1.2/../../../../nios2-elf/lib\libc.a
LOAD c:/altera/13.0/nios2eds/bin/gnu/h-i686-mingw32/bin/../lib/gcc/nios2-elf/4.1.2\libgcc.a
LOAD ../cs303a2_bsp/\libhal_bsp.a
END GROUP
LOAD c:/altera/13.0/nios2eds/bin/gnu/h-i686-mingw32/bin/../lib/gcc/nios2-elf/4.1.2\libgcc.a
                0x00800000                __alt_mem_sdram_controller = 0x800000
                0x01008000                __alt_mem_onchip_mem = 0x1008000

.entry          0x00800000       0x20
 *(.entry)
 .entry         0x00800000       0x20 ../cs303a2_bsp//obj/HAL/src/crt0.o
                0x00800000                __reset

.exceptions     0x00800020      0x194
                0x00800020                PROVIDE (__ram_exceptions_start, ABSOLUTE (.))
                0x00800020                . = ALIGN (0x20)
 *(.irq)
 *(.exceptions.entry.label)
 .exceptions.entry.label
                0x00800020        0x0 ../cs303a2_bsp/\libhal_bsp.a(alt_irq_entry.o)
                0x00800020                alt_irq_entry
 .exceptions.entry.label
                0x00800020        0x0 ../cs303a2_bsp/\libhal_bsp.a(alt_exception_entry.o)
                0x00800020                alt_exception
 *(.exceptions.entry.user)
 *(.exceptions.entry)
 .exceptions.entry
                0x00800020       0x54 ../cs303a2_bsp/\libhal_bsp.a(alt_exception_entry.o)
 *(.exceptions.irqtest.user)
 *(.exceptions.irqtest)
 .exceptions.irqtest
                0x00800074       0x10 ../cs303a2_bsp/\libhal_bsp.a(alt_irq_entry.o)
 *(.exceptions.irqhandler.user)
 *(.exceptions.irqhandler)
 .exceptions.irqhandler
                0x00800084        0x4 ../cs303a2_bsp/\libhal_bsp.a(alt_irq_entry.o)
 *(.exceptions.irqreturn.user)
 *(.exceptions.irqreturn)
 .exceptions.irqreturn
                0x00800088        0x4 ../cs303a2_bsp/\libhal_bsp.a(alt_irq_entry.o)
 *(.exceptions.notirq.label)
 .exceptions.notirq.label
                0x0080008c        0x0 ../cs303a2_bsp/\libhal_bsp.a(alt_irq_entry.o)
 *(.exceptions.notirq.user)
 *(.exceptions.notirq)
 .exceptions.notirq
                0x0080008c        0x8 ../cs303a2_bsp/\libhal_bsp.a(alt_exception_entry.o)
 *(.exceptions.soft.user)
 *(.exceptions.soft)
 *(.exceptions.unknown.user)
 *(.exceptions.unknown)
 .exceptions.unknown
                0x00800094        0x4 ../cs303a2_bsp/\libhal_bsp.a(alt_exception_entry.o)
 *(.exceptions.exit.label)
 .exceptions.exit.label
                0x00800098        0x0 ../cs303a2_bsp/\libhal_bsp.a(alt_irq_entry.o)
 .exceptions.exit.label
                0x00800098        0x0 ../cs303a2_bsp/\libhal_bsp.a(alt_exception_entry.o)
 *(.exceptions.exit.user)
 *(.exceptions.exit)
 .exceptions.exit
                0x00800098       0x54 ../cs303a2_bsp/\libhal_bsp.a(alt_exception_entry.o)
 *(.exceptions)
 .exceptions    0x008000ec       0xc8 ../cs303a2_bsp/\libhal_bsp.a(alt_irq_handler.o)
                0x008000ec                alt_irq_handler
                0x008001b4                PROVIDE (__ram_exceptions_end, ABSOLUTE (.))
                0x00800020                PROVIDE (__flash_exceptions_start, LOADADDR (.exceptions))

.text           0x008001b4     0xfdec
                0x008001b4                PROVIDE (stext, ABSOLUTE (.))
 *(.interp)
 *(.hash)
 *(.dynsym)
 *(.dynstr)
 *(.gnu.version)
 *(.gnu.version_d)
 *(.gnu.version_r)
 *(.rel.init)
 *(.rela.init)
 *(.rel.text .rel.text.* .rel.gnu.linkonce.t.*)
 *(.rela.text .rela.text.* .rela.gnu.linkonce.t.*)
 *(.rel.fini)
 *(.rela.fini)
 *(.rel.rodata .rel.rodata.* .rel.gnu.linkonce.r.*)
 *(.rela.rodata .rela.rodata.* .rela.gnu.linkonce.r.*)
 *(.rel.data .rel.data.* .rel.gnu.linkonce.d.*)
 *(.rela.data .rela.data.* .rela.gnu.linkonce.d.*)
 *(.rel.tdata .rel.tdata.* .rel.gnu.linkonce.td.*)
 *(.rela.tdata .rela.tdata.* .rela.gnu.linkonce.td.*)
 *(.rel.tbss .rel.tbss.* .rel.gnu.linkonce.tb.*)
 *(.rela.tbss .rela.tbss.* .rela.gnu.linkonce.tb.*)
 *(.rel.ctors)
 *(.rela.ctors)
 *(.rel.dtors)
 *(.rela.dtors)
 *(.rel.got)
 *(.rela.got)
 *(.rel.sdata .rel.sdata.* .rel.gnu.linkonce.s.*)
 *(.rela.sdata .rela.sdata.* .rela.gnu.linkonce.s.*)
 *(.rel.sbss .rel.sbss.* .rel.gnu.linkonce.sb.*)
 *(.rela.sbss .rela.sbss.* .rela.gnu.linkonce.sb.*)
 *(.rel.sdata2 .rel.sdata2.* .rel.gnu.linkonce.s2.*)
 *(.rela.sdata2 .rela.sdata2.* .rela.gnu.linkonce.s2.*)
 *(.rel.sbss2 .rel.sbss2.* .rel.gnu.linkonce.sb2.*)
 *(.rela.sbss2 .rela.sbss2.* .rela.gnu.linkonce.sb2.*)
 *(.rel.bss .rel.bss.* .rel.gnu.linkonce.b.*)
 *(.rela.bss .rela.bss.* .rela.gnu.linkonce.b.*)
 *(.rel.plt)
 *(.rela.plt)
 *(.rel.dyn)
 *(.init)
 *(.plt)
 *(.text .stub .text.* .gnu.linkonce.t.*)
 .text          0x008001b4       0x4c ../cs303a2_bsp//obj/HAL/src/crt0.o
                0x008001b4                _start
 .text          0x00800200      0x90c obj/default/hello_world.o
                0x00800200                timer_isr_function
                0x00800264                led_off_isr_function
                0x00800294                button_isr_function
                0x00800310                mode_set
                0x00800358                main
 .text          0x00800b0c     0x181c obj/default/sccharts.o
                0x00800b0c                reset
                0x00800b60                tick
 .text          0x00802328       0x78 c:/altera/13.0/nios2eds/bin/gnu/h-i686-mingw32/bin/../lib/gcc/nios2-elf/4.1.2/../../../../nios2-elf/lib\libc.a(lib_a-printf.o)
                0x00802328                printf
                0x0080236c                _printf_r
 .text          0x008023a0       0xb4 c:/altera/13.0/nios2eds/bin/gnu/h-i686-mingw32/bin/../lib/gcc/nios2-elf/4.1.2/../../../../nios2-elf/lib\libc.a(lib_a-puts.o)
                0x008023a0                _puts_r
                0x00802440                puts
 .text          0x00802454       0x74 c:/altera/13.0/nios2eds/bin/gnu/h-i686-mingw32/bin/../lib/gcc/nios2-elf/4.1.2/../../../../nios2-elf/lib\libc.a(lib_a-strlen.o)
                0x00802454                strlen
 .text          0x008024c8     0x1f28 c:/altera/13.0/nios2eds/bin/gnu/h-i686-mingw32/bin/../lib/gcc/nios2-elf/4.1.2/../../../../nios2-elf/lib\libc.a(lib_a-vfprintf.o)
                0x00802520                ___vfprintf_internal_r
                0x008043cc                __vfprintf_internal
 .text          0x008043f0      0x13c c:/altera/13.0/nios2eds/bin/gnu/h-i686-mingw32/bin/../lib/gcc/nios2-elf/4.1.2/../../../../nios2-elf/lib\libc.a(lib_a-wsetup.o)
                0x008043f0                __swsetup_r
 .text          0x0080452c     0x17cc c:/altera/13.0/nios2eds/bin/gnu/h-i686-mingw32/bin/../lib/gcc/nios2-elf/4.1.2/../../../../nios2-elf/lib\libc.a(lib_a-dtoa.o)
                0x00804744                _dtoa_r
 .text          0x00805cf8      0x230 c:/altera/13.0/nios2eds/bin/gnu/h-i686-mingw32/bin/../lib/gcc/nios2-elf/4.1.2/../../../../nios2-elf/lib\libc.a(lib_a-fflush.o)
                0x00805cf8                _fflush_r
                0x00805ef4                fflush
 .text          0x00805f28      0x2c0 c:/altera/13.0/nios2eds/bin/gnu/h-i686-mingw32/bin/../lib/gcc/nios2-elf/4.1.2/../../../../nios2-elf/lib\libc.a(lib_a-findfp.o)
                0x00805f80                __sfp_lock_acquire
                0x00805f84                __sfp_lock_release
                0x00805f88                __sinit_lock_acquire
                0x00805f8c                __sinit_lock_release
                0x00805f90                __sinit
                0x00806044                __fp_unlock_all
                0x0080605c                __fp_lock_all
                0x00806074                _cleanup_r
                0x00806080                _cleanup
                0x00806090                __sfmoreglue
                0x008060f8                __sfp
 .text          0x008061e8      0x440 c:/altera/13.0/nios2eds/bin/gnu/h-i686-mingw32/bin/../lib/gcc/nios2-elf/4.1.2/../../../../nios2-elf/lib\libc.a(lib_a-freer.o)
                0x008061e8                _malloc_trim_r
                0x00806314                _free_r
 .text          0x00806628      0x49c c:/altera/13.0/nios2eds/bin/gnu/h-i686-mingw32/bin/../lib/gcc/nios2-elf/4.1.2/../../../../nios2-elf/lib\libc.a(lib_a-fvwrite.o)
                0x00806628                __sfvwrite_r
 .text          0x00806ac4      0x180 c:/altera/13.0/nios2eds/bin/gnu/h-i686-mingw32/bin/../lib/gcc/nios2-elf/4.1.2/../../../../nios2-elf/lib\libc.a(lib_a-fwalk.o)
                0x00806ac4                _fwalk_reent
                0x00806b8c                _fwalk
 .text          0x00806c44        0x0 c:/altera/13.0/nios2eds/bin/gnu/h-i686-mingw32/bin/../lib/gcc/nios2-elf/4.1.2/../../../../nios2-elf/lib\libc.a(lib_a-impure.o)
 .text          0x00806c44       0xc4 c:/altera/13.0/nios2eds/bin/gnu/h-i686-mingw32/bin/../lib/gcc/nios2-elf/4.1.2/../../../../nios2-elf/lib\libc.a(lib_a-locale.o)
                0x00806c44                __locale_charset
                0x00806c4c                _localeconv_r
                0x00806c58                localeconv
                0x00806c68                _setlocale_r
                0x00806cec                setlocale
 .text          0x00806d08      0x194 c:/altera/13.0/nios2eds/bin/gnu/h-i686-mingw32/bin/../lib/gcc/nios2-elf/4.1.2/../../../../nios2-elf/lib\libc.a(lib_a-makebuf.o)
                0x00806d08                __smakebuf_r
 .text          0x00806e9c      0x740 c:/altera/13.0/nios2eds/bin/gnu/h-i686-mingw32/bin/../lib/gcc/nios2-elf/4.1.2/../../../../nios2-elf/lib\libc.a(lib_a-mallocr.o)
                0x00806e9c                _malloc_r
 .text          0x008075dc       0xe4 c:/altera/13.0/nios2eds/bin/gnu/h-i686-mingw32/bin/../lib/gcc/nios2-elf/4.1.2/../../../../nios2-elf/lib\libc.a(lib_a-memchr.o)
                0x008075dc                memchr
 .text          0x008076c0       0xa0 c:/altera/13.0/nios2eds/bin/gnu/h-i686-mingw32/bin/../lib/gcc/nios2-elf/4.1.2/../../../../nios2-elf/lib\libc.a(lib_a-memcpy.o)
                0x008076c0                memcpy
 .text          0x00807760       0xe0 c:/altera/13.0/nios2eds/bin/gnu/h-i686-mingw32/bin/../lib/gcc/nios2-elf/4.1.2/../../../../nios2-elf/lib\libc.a(lib_a-memmove.o)
                0x00807760                memmove
 .text          0x00807840       0x98 c:/altera/13.0/nios2eds/bin/gnu/h-i686-mingw32/bin/../lib/gcc/nios2-elf/4.1.2/../../../../nios2-elf/lib\libc.a(lib_a-memset.o)
                0x00807840                memset
 .text          0x008078d8      0xff4 c:/altera/13.0/nios2eds/bin/gnu/h-i686-mingw32/bin/../lib/gcc/nios2-elf/4.1.2/../../../../nios2-elf/lib\libc.a(lib_a-mprec.o)
                0x008078d8                _Bfree
                0x00807900                __hi0bits
                0x00807970                __lo0bits
                0x00807a34                __mcmp
                0x00807a94                __ulp
                0x00807b14                __b2d
                0x00807c34                __ratio
                0x00807ce4                _mprec_log10
                0x00807d78                __copybits
                0x00807dd0                __any_on
                0x00807e58                _Balloc
                0x00807f14                __d2b
                0x00808090                __mdiff
                0x0080821c                __lshift
                0x00808368                __multiply
                0x00808550                __i2b
                0x0080858c                __multadd
                0x0080868c                __pow5mult
                0x008087ac                __s2b
 .text          0x008088cc      0x5f4 c:/altera/13.0/nios2eds/bin/gnu/h-i686-mingw32/bin/../lib/gcc/nios2-elf/4.1.2/../../../../nios2-elf/lib\libc.a(lib_a-reallocr.o)
                0x008088cc                _realloc_r
 .text          0x00808ec0       0x40 c:/altera/13.0/nios2eds/bin/gnu/h-i686-mingw32/bin/../lib/gcc/nios2-elf/4.1.2/../../../../nios2-elf/lib\libc.a(lib_a-s_isinfd.o)
                0x00808ec0                __isinfd
 .text          0x00808f00       0x30 c:/altera/13.0/nios2eds/bin/gnu/h-i686-mingw32/bin/../lib/gcc/nios2-elf/4.1.2/../../../../nios2-elf/lib\libc.a(lib_a-s_isnand.o)
                0x00808f00                __isnand
 .text          0x00808f30       0x70 c:/altera/13.0/nios2eds/bin/gnu/h-i686-mingw32/bin/../lib/gcc/nios2-elf/4.1.2/../../../../nios2-elf/lib\libc.a(lib_a-sbrkr.o)
                0x00808f30                _sbrk_r
 .text          0x00808fa0      0x14c c:/altera/13.0/nios2eds/bin/gnu/h-i686-mingw32/bin/../lib/gcc/nios2-elf/4.1.2/../../../../nios2-elf/lib\libc.a(lib_a-stdio.o)
                0x00808fa0                __sclose
                0x00808fa8                __sseek
                0x00809010                __swrite
                0x0080908c                __sread
 .text          0x008090ec       0xbc c:/altera/13.0/nios2eds/bin/gnu/h-i686-mingw32/bin/../lib/gcc/nios2-elf/4.1.2/../../../../nios2-elf/lib\libc.a(lib_a-strcmp.o)
                0x008090ec                strcmp
 .text          0x008091a8       0x78 c:/altera/13.0/nios2eds/bin/gnu/h-i686-mingw32/bin/../lib/gcc/nios2-elf/4.1.2/../../../../nios2-elf/lib\libc.a(lib_a-writer.o)
                0x008091a8                _write_r
 .text          0x00809220       0xb4 c:/altera/13.0/nios2eds/bin/gnu/h-i686-mingw32/bin/../lib/gcc/nios2-elf/4.1.2/../../../../nios2-elf/lib\libc.a(lib_a-callocr.o)
                0x00809220                _calloc_r
 .text          0x008092d4       0x70 c:/altera/13.0/nios2eds/bin/gnu/h-i686-mingw32/bin/../lib/gcc/nios2-elf/4.1.2/../../../../nios2-elf/lib\libc.a(lib_a-closer.o)
                0x008092d4                _close_r
 .text          0x00809344      0x124 c:/altera/13.0/nios2eds/bin/gnu/h-i686-mingw32/bin/../lib/gcc/nios2-elf/4.1.2/../../../../nios2-elf/lib\libc.a(lib_a-fclose.o)
                0x00809344                _fclose_r
                0x00809454                fclose
 .text          0x00809468       0x74 c:/altera/13.0/nios2eds/bin/gnu/h-i686-mingw32/bin/../lib/gcc/nios2-elf/4.1.2/../../../../nios2-elf/lib\libc.a(lib_a-fstatr.o)
                0x00809468                _fstat_r
 .text          0x008094dc        0x0 c:/altera/13.0/nios2eds/bin/gnu/h-i686-mingw32/bin/../lib/gcc/nios2-elf/4.1.2/../../../../nios2-elf/lib\libc.a(lib_a-int_errno.o)
 .text          0x008094dc       0x70 c:/altera/13.0/nios2eds/bin/gnu/h-i686-mingw32/bin/../lib/gcc/nios2-elf/4.1.2/../../../../nios2-elf/lib\libc.a(lib_a-isattyr.o)
                0x008094dc                _isatty_r
 .text          0x0080954c       0x78 c:/altera/13.0/nios2eds/bin/gnu/h-i686-mingw32/bin/../lib/gcc/nios2-elf/4.1.2/../../../../nios2-elf/lib\libc.a(lib_a-lseekr.o)
                0x0080954c                _lseek_r
 .text          0x008095c4       0x78 c:/altera/13.0/nios2eds/bin/gnu/h-i686-mingw32/bin/../lib/gcc/nios2-elf/4.1.2/../../../../nios2-elf/lib\libc.a(lib_a-readr.o)
                0x008095c4                _read_r
 .text          0x0080963c      0x5dc c:/altera/13.0/nios2eds/bin/gnu/h-i686-mingw32/bin/../lib/gcc/nios2-elf/4.1.2\libgcc.a(_udivdi3.o)
                0x0080963c                __udivdi3
 .text          0x00809c18      0x5b0 c:/altera/13.0/nios2eds/bin/gnu/h-i686-mingw32/bin/../lib/gcc/nios2-elf/4.1.2\libgcc.a(_umoddi3.o)
                0x00809c18                __umoddi3
 .text          0x0080a1c8      0x504 c:/altera/13.0/nios2eds/bin/gnu/h-i686-mingw32/bin/../lib/gcc/nios2-elf/4.1.2\libgcc.a(_addsub_df.o)
                0x0080a5d8                __subdf3
                0x0080a658                __adddf3
 .text          0x0080a6cc      0x3c4 c:/altera/13.0/nios2eds/bin/gnu/h-i686-mingw32/bin/../lib/gcc/nios2-elf/4.1.2\libgcc.a(_mul_df.o)
                0x0080a6cc                __muldf3
 .text          0x0080aa90      0x258 c:/altera/13.0/nios2eds/bin/gnu/h-i686-mingw32/bin/../lib/gcc/nios2-elf/4.1.2\libgcc.a(_div_df.o)
                0x0080aa90                __divdf3
 .text          0x0080ace8       0x88 c:/altera/13.0/nios2eds/bin/gnu/h-i686-mingw32/bin/../lib/gcc/nios2-elf/4.1.2\libgcc.a(_eq_df.o)
                0x0080ace8                __eqdf2
 .text          0x0080ad70       0x88 c:/altera/13.0/nios2eds/bin/gnu/h-i686-mingw32/bin/../lib/gcc/nios2-elf/4.1.2\libgcc.a(_ne_df.o)
                0x0080ad70                __nedf2
 .text          0x0080adf8       0x88 c:/altera/13.0/nios2eds/bin/gnu/h-i686-mingw32/bin/../lib/gcc/nios2-elf/4.1.2\libgcc.a(_gt_df.o)
                0x0080adf8                __gtdf2
 .text          0x0080ae80       0x88 c:/altera/13.0/nios2eds/bin/gnu/h-i686-mingw32/bin/../lib/gcc/nios2-elf/4.1.2\libgcc.a(_ge_df.o)
                0x0080ae80                __gedf2
 .text          0x0080af08       0x88 c:/altera/13.0/nios2eds/bin/gnu/h-i686-mingw32/bin/../lib/gcc/nios2-elf/4.1.2\libgcc.a(_lt_df.o)
                0x0080af08                __ltdf2
 .text          0x0080af90       0xf8 c:/altera/13.0/nios2eds/bin/gnu/h-i686-mingw32/bin/../lib/gcc/nios2-elf/4.1.2\libgcc.a(_si_to_df.o)
                0x0080af90                __floatsidf
 .text          0x0080b088       0xd8 c:/altera/13.0/nios2eds/bin/gnu/h-i686-mingw32/bin/../lib/gcc/nios2-elf/4.1.2\libgcc.a(_df_to_si.o)
                0x0080b088                __fixdfsi
 .text          0x0080b160        0x0 c:/altera/13.0/nios2eds/bin/gnu/h-i686-mingw32/bin/../lib/gcc/nios2-elf/4.1.2\libgcc.a(_thenan_df.o)
 .text          0x0080b160      0x194 c:/altera/13.0/nios2eds/bin/gnu/h-i686-mingw32/bin/../lib/gcc/nios2-elf/4.1.2\libgcc.a(_usi_to_df.o)
                0x0080b160                __floatunsidf
 .text          0x0080b2f4      0x14c c:/altera/13.0/nios2eds/bin/gnu/h-i686-mingw32/bin/../lib/gcc/nios2-elf/4.1.2\libgcc.a(lib2-divmod.o)
                0x0080b370                __divsi3
                0x0080b3d0                __modsi3
                0x0080b430                __udivsi3
                0x0080b438                __umodsi3
 .text          0x0080b440       0x98 c:/altera/13.0/nios2eds/bin/gnu/h-i686-mingw32/bin/../lib/gcc/nios2-elf/4.1.2\libgcc.a(_muldi3.o)
                0x0080b440                __muldi3
 .text          0x0080b4d8        0x0 c:/altera/13.0/nios2eds/bin/gnu/h-i686-mingw32/bin/../lib/gcc/nios2-elf/4.1.2\libgcc.a(_clz.o)
 .text          0x0080b4d8       0x80 c:/altera/13.0/nios2eds/bin/gnu/h-i686-mingw32/bin/../lib/gcc/nios2-elf/4.1.2\libgcc.a(_clzsi2.o)
                0x0080b4d8                __clzsi2
 .text          0x0080b558      0x314 c:/altera/13.0/nios2eds/bin/gnu/h-i686-mingw32/bin/../lib/gcc/nios2-elf/4.1.2\libgcc.a(_pack_df.o)
                0x0080b558                __pack_d
 .text          0x0080b86c      0x138 c:/altera/13.0/nios2eds/bin/gnu/h-i686-mingw32/bin/../lib/gcc/nios2-elf/4.1.2\libgcc.a(_unpack_df.o)
                0x0080b86c                __unpack_d
 .text          0x0080b9a4       0xc8 c:/altera/13.0/nios2eds/bin/gnu/h-i686-mingw32/bin/../lib/gcc/nios2-elf/4.1.2\libgcc.a(_fpcmp_parts_df.o)
                0x0080b9a4                __fpcmp_parts_d
 .text          0x0080ba6c      0x154 ../cs303a2_bsp/\libhal_bsp.a(alt_alarm_start.o)
                0x0080ba6c                alt_alarm_start
 .text          0x0080bbc0      0x15c ../cs303a2_bsp/\libhal_bsp.a(alt_close.o)
                0x0080bbc0                close
 .text          0x0080bd1c       0x2c ../cs303a2_bsp/\libhal_bsp.a(alt_dev.o)
 .text          0x0080bd48        0x0 ../cs303a2_bsp/\libhal_bsp.a(alt_errno.o)
 .text          0x0080bd48      0x134 ../cs303a2_bsp/\libhal_bsp.a(alt_fstat.o)
                0x0080bd48                fstat
 .text          0x0080be7c      0x120 ../cs303a2_bsp/\libhal_bsp.a(alt_isatty.o)
                0x0080be7c                isatty
 .text          0x0080bf9c       0xec ../cs303a2_bsp/\libhal_bsp.a(alt_load.o)
                0x0080bf9c                alt_load
 .text          0x0080c088      0x150 ../cs303a2_bsp/\libhal_bsp.a(alt_lseek.o)
                0x0080c088                lseek
 .text          0x0080c1d8       0x6c ../cs303a2_bsp/\libhal_bsp.a(alt_main.o)
                0x0080c1d8                alt_main
 .text          0x0080c244       0x40 ../cs303a2_bsp/\libhal_bsp.a(alt_malloc_lock.o)
                0x0080c244                __malloc_lock
                0x0080c264                __malloc_unlock
 .text          0x0080c284      0x2c4 ../cs303a2_bsp/\libhal_bsp.a(alt_open.o)
                0x0080c360                open
 .text          0x0080c548      0x180 ../cs303a2_bsp/\libhal_bsp.a(alt_read.o)
                0x0080c548                read
 .text          0x0080c6c8       0x60 ../cs303a2_bsp/\libhal_bsp.a(alt_release_fd.o)
                0x0080c6c8                alt_release_fd
 .text          0x0080c728       0xbc ../cs303a2_bsp/\libhal_bsp.a(alt_sbrk.o)
                0x0080c728                sbrk
 .text          0x0080c7e4      0x1a4 ../cs303a2_bsp/\libhal_bsp.a(alt_tick.o)
                0x0080c7e4                alt_alarm_stop
                0x0080c87c                alt_tick
 .text          0x0080c988      0x180 ../cs303a2_bsp/\libhal_bsp.a(alt_write.o)
                0x0080c988                write
 .text          0x0080cb08      0x100 ../cs303a2_bsp/\libhal_bsp.a(alt_sys_init.o)
                0x0080cb08                alt_irq_init
                0x0080cb3c                alt_sys_init
 .text          0x0080cc08      0x148 ../cs303a2_bsp/\libhal_bsp.a(altera_avalon_jtag_uart_fd.o)
                0x0080cc08                altera_avalon_jtag_uart_read_fd
                0x0080cc60                altera_avalon_jtag_uart_write_fd
                0x0080ccb8                altera_avalon_jtag_uart_close_fd
                0x0080cd00                altera_avalon_jtag_uart_ioctl_fd
 .text          0x0080cd50      0x40c ../cs303a2_bsp/\libhal_bsp.a(altera_avalon_jtag_uart_init.o)
                0x0080cd50                altera_avalon_jtag_uart_init
                0x0080d0e8                altera_avalon_jtag_uart_close
 .text          0x0080d15c       0xf4 ../cs303a2_bsp/\libhal_bsp.a(altera_avalon_jtag_uart_ioctl.o)
                0x0080d15c                altera_avalon_jtag_uart_ioctl
 .text          0x0080d250      0x224 ../cs303a2_bsp/\libhal_bsp.a(altera_avalon_jtag_uart_read.o)
                0x0080d250                altera_avalon_jtag_uart_read
 .text          0x0080d474      0x240 ../cs303a2_bsp/\libhal_bsp.a(altera_avalon_jtag_uart_write.o)
                0x0080d474                altera_avalon_jtag_uart_write
 .text          0x0080d6b4      0xee8 ../cs303a2_bsp/\libhal_bsp.a(altera_avalon_lcd_16207.o)
                0x0080de88                altera_avalon_lcd_16207_write
                0x0080e460                altera_avalon_lcd_16207_init
 .text          0x0080e59c       0x58 ../cs303a2_bsp/\libhal_bsp.a(altera_avalon_lcd_16207_fd.o)
                0x0080e59c                altera_avalon_lcd_16207_write_fd
 .text          0x0080e5f4      0x100 ../cs303a2_bsp/\libhal_bsp.a(altera_avalon_timer_sc.o)
                0x0080e664                alt_avalon_timer_sc_init
 .text          0x0080e6f4       0xf8 ../cs303a2_bsp/\libhal_bsp.a(altera_avalon_uart_fd.o)
                0x0080e6f4                altera_avalon_uart_read_fd
                0x0080e74c                altera_avalon_uart_write_fd
                0x0080e7a4                altera_avalon_uart_close_fd
 .text          0x0080e7ec      0x400 ../cs303a2_bsp/\libhal_bsp.a(altera_avalon_uart_init.o)
                0x0080e7ec                altera_avalon_uart_init
                0x0080eb8c                altera_avalon_uart_close
 .text          0x0080ebec      0x290 ../cs303a2_bsp/\libhal_bsp.a(altera_avalon_uart_read.o)
                0x0080ebec                altera_avalon_uart_read
 .text          0x0080ee7c      0x228 ../cs303a2_bsp/\libhal_bsp.a(altera_avalon_uart_write.o)
                0x0080ee7c                altera_avalon_uart_write
 .text          0x0080f0a4       0x44 ../cs303a2_bsp/\libhal_bsp.a(alt_dcache_flush_all.o)
                0x0080f0a4                alt_dcache_flush_all
 .text          0x0080f0e8      0x114 ../cs303a2_bsp/\libhal_bsp.a(alt_dev_llist_insert.o)
                0x0080f0e8                alt_dev_llist_insert
 .text          0x0080f1fc       0x64 ../cs303a2_bsp/\libhal_bsp.a(alt_do_ctors.o)
                0x0080f1fc                _do_ctors
 .text          0x0080f260       0x64 ../cs303a2_bsp/\libhal_bsp.a(alt_do_dtors.o)
                0x0080f260                _do_dtors
 .text          0x0080f2c4       0x94 ../cs303a2_bsp/\libhal_bsp.a(alt_find_dev.o)
                0x0080f2c4                alt_find_dev
 .text          0x0080f358      0x120 ../cs303a2_bsp/\libhal_bsp.a(alt_find_file.o)
                0x0080f358                alt_find_file
 .text          0x0080f478       0xb8 ../cs303a2_bsp/\libhal_bsp.a(alt_get_fd.o)
                0x0080f478                alt_get_fd
 .text          0x0080f530       0x30 ../cs303a2_bsp/\libhal_bsp.a(alt_icache_flush_all.o)
                0x0080f530                alt_icache_flush_all
 .text          0x0080f560      0x1d4 ../cs303a2_bsp/\libhal_bsp.a(alt_iic.o)
                0x0080f560                alt_ic_isr_register
                0x0080f5b0                alt_ic_irq_enable
                0x0080f64c                alt_ic_irq_disable
                0x0080f6ec                alt_ic_irq_enabled
 .text          0x0080f734       0xf8 ../cs303a2_bsp/\libhal_bsp.a(alt_iic_isr_register.o)
                0x0080f734                alt_iic_isr_register
 .text          0x0080f82c      0x13c ../cs303a2_bsp/\libhal_bsp.a(alt_io_redirect.o)
                0x0080f8f0                alt_io_redirect
 .text          0x0080f968        0x0 ../cs303a2_bsp/\libhal_bsp.a(alt_irq_entry.o)
 .text          0x0080f968        0x0 ../cs303a2_bsp/\libhal_bsp.a(alt_irq_handler.o)
 .text          0x0080f968        0x0 ../cs303a2_bsp/\libhal_bsp.a(alt_irq_vars.o)
 .text          0x0080f968       0x30 ../cs303a2_bsp/\libhal_bsp.a(alt_usleep.o)
                0x0080f968                usleep
 .text          0x0080f998       0x20 ../cs303a2_bsp/\libhal_bsp.a(altera_nios2_qsys_irq.o)
                0x0080f998                altera_nios2_qsys_irq_init
 .text          0x0080f9b8      0x14c ../cs303a2_bsp/\libhal_bsp.a(alt_busy_sleep.o)
                0x0080f9b8                alt_busy_sleep
 .text          0x0080fb04        0x0 ../cs303a2_bsp/\libhal_bsp.a(alt_exception_entry.o)
 .text          0x0080fb04       0x90 ../cs303a2_bsp/\libhal_bsp.a(alt_icache_flush.o)
                0x0080fb04                alt_icache_flush
 .text          0x0080fb94       0x14 c:/altera/13.0/nios2eds/bin/gnu/h-i686-mingw32/bin/../lib/gcc/nios2-elf/4.1.2/../../../../nios2-elf/lib\libc.a(lib_a-atexit.o)
                0x0080fb94                atexit
 .text          0x0080fba8        0x0 c:/altera/13.0/nios2eds/bin/gnu/h-i686-mingw32/bin/../lib/gcc/nios2-elf/4.1.2/../../../../nios2-elf/lib\libc.a(lib_a-ctype_.o)
 .text          0x0080fba8       0x38 c:/altera/13.0/nios2eds/bin/gnu/h-i686-mingw32/bin/../lib/gcc/nios2-elf/4.1.2/../../../../nios2-elf/lib\libc.a(lib_a-exit.o)
                0x0080fba8                exit
 .text          0x0080fbe0       0x74 c:/altera/13.0/nios2eds/bin/gnu/h-i686-mingw32/bin/../lib/gcc/nios2-elf/4.1.2/../../../../nios2-elf/lib\libc.a(lib_a-memcmp.o)
                0x0080fbe0                memcmp
 .text          0x0080fc54      0x134 c:/altera/13.0/nios2eds/bin/gnu/h-i686-mingw32/bin/../lib/gcc/nios2-elf/4.1.2/../../../../nios2-elf/lib\libc.a(lib_a-__atexit.o)
                0x0080fc54                __register_exitproc
 .text          0x0080fd88      0x1b4 c:/altera/13.0/nios2eds/bin/gnu/h-i686-mingw32/bin/../lib/gcc/nios2-elf/4.1.2/../../../../nios2-elf/lib\libc.a(lib_a-__call_atexit.o)
                0x0080fd8c                __call_exitprocs
 .text          0x0080ff3c       0x60 ../cs303a2_bsp/\libhal_bsp.a(alt_exit.o)
                0x0080ff7c                _exit
 *(.gnu.warning.*)
 *(.fini)
                0x0080ff9c                PROVIDE (__etext, ABSOLUTE (.))
                0x0080ff9c                PROVIDE (_etext, ABSOLUTE (.))
                0x0080ff9c                PROVIDE (etext, ABSOLUTE (.))
 *(.eh_frame_hdr)
                0x0080ff9c                . = ALIGN (0x4)
                0x0080ff9c                PROVIDE (__preinit_array_start, ABSOLUTE (.))
 *(.preinit_array)
                0x0080ff9c                PROVIDE (__preinit_array_end, ABSOLUTE (.))
                0x0080ff9c                PROVIDE (__init_array_start, ABSOLUTE (.))
 *(.init_array)
                0x0080ff9c                PROVIDE (__init_array_end, ABSOLUTE (.))
                0x0080ff9c                PROVIDE (__fini_array_start, ABSOLUTE (.))
 *(.fini_array)
                0x0080ff9c                PROVIDE (__fini_array_end, ABSOLUTE (.))
 *(.eh_frame)
 *(.gcc_except_table)
 *(.dynamic)
                0x0080ff9c                PROVIDE (__CTOR_LIST__, ABSOLUTE (.))
 *(.ctors)
 *(SORT(.ctors.*))
 .ctors.65535   0x0080ff9c        0x4 c:/altera/13.0/nios2eds/bin/gnu/h-i686-mingw32/bin/../lib/gcc/nios2-elf/4.1.2/../../../../nios2-elf/lib\libc.a(lib_a-__call_atexit.o)
                0x0080ffa0                PROVIDE (__CTOR_END__, ABSOLUTE (.))
                0x0080ffa0                PROVIDE (__DTOR_LIST__, ABSOLUTE (.))
 *(.dtors)
 *(SORT(.dtors.*))
                0x0080ffa0                PROVIDE (__DTOR_END__, ABSOLUTE (.))
 *(.jcr)
                0x0080ffa0                . = ALIGN (0x4)

.rodata         0x0080ffa0      0x700
                0x0080ffa0                PROVIDE (__ram_rodata_start, ABSOLUTE (.))
                0x0080ffa0                . = ALIGN (0x4)
 *(.rodata .rodata.* .gnu.linkonce.r.*)
 .rodata        0x0080ffa0      0x128 obj/default/hello_world.o
 .rodata.str1.4
                0x008100c8        0x2 c:/altera/13.0/nios2eds/bin/gnu/h-i686-mingw32/bin/../lib/gcc/nios2-elf/4.1.2/../../../../nios2-elf/lib\libc.a(lib_a-puts.o)
                                  0x4 (size before relaxing)
 *fill*         0x008100ca        0x2 00
 .rodata.str1.4
                0x008100cc       0x5e c:/altera/13.0/nios2eds/bin/gnu/h-i686-mingw32/bin/../lib/gcc/nios2-elf/4.1.2/../../../../nios2-elf/lib\libc.a(lib_a-vfprintf.o)
                                 0x60 (size before relaxing)
 *fill*         0x0081012a        0x2 00
 .rodata        0x0081012c       0x20 c:/altera/13.0/nios2eds/bin/gnu/h-i686-mingw32/bin/../lib/gcc/nios2-elf/4.1.2/../../../../nios2-elf/lib\libc.a(lib_a-vfprintf.o)
 .rodata.str1.4
                0x0081014c       0x10 c:/altera/13.0/nios2eds/bin/gnu/h-i686-mingw32/bin/../lib/gcc/nios2-elf/4.1.2/../../../../nios2-elf/lib\libc.a(lib_a-dtoa.o)
                                 0x14 (size before relaxing)
 .rodata.str1.4
                0x0081015c        0x2 c:/altera/13.0/nios2eds/bin/gnu/h-i686-mingw32/bin/../lib/gcc/nios2-elf/4.1.2/../../../../nios2-elf/lib\libc.a(lib_a-impure.o)
                                  0x4 (size before relaxing)
 *fill*         0x0081015e        0x2 00
 .rodata.str1.4
                0x00810160       0x10 c:/altera/13.0/nios2eds/bin/gnu/h-i686-mingw32/bin/../lib/gcc/nios2-elf/4.1.2/../../../../nios2-elf/lib\libc.a(lib_a-locale.o)
                                 0x18 (size before relaxing)
 .rodata        0x00810170       0x30 c:/altera/13.0/nios2eds/bin/gnu/h-i686-mingw32/bin/../lib/gcc/nios2-elf/4.1.2/../../../../nios2-elf/lib\libc.a(lib_a-locale.o)
 .rodata        0x008101a0      0x124 c:/altera/13.0/nios2eds/bin/gnu/h-i686-mingw32/bin/../lib/gcc/nios2-elf/4.1.2/../../../../nios2-elf/lib\libc.a(lib_a-mprec.o)
                0x008101a0                __mprec_tens
                0x00810268                __mprec_bigtens
                0x00810290                __mprec_tinytens
 .rodata        0x008102c4       0x14 c:/altera/13.0/nios2eds/bin/gnu/h-i686-mingw32/bin/../lib/gcc/nios2-elf/4.1.2\libgcc.a(_thenan_df.o)
                0x008102c4                __thenan_df
 .rodata        0x008102d8      0x100 c:/altera/13.0/nios2eds/bin/gnu/h-i686-mingw32/bin/../lib/gcc/nios2-elf/4.1.2\libgcc.a(_clz.o)
                0x008102d8                __clz_tab
 .rodata        0x008103d8        0xc ../cs303a2_bsp/\libhal_bsp.a(alt_dev.o)
 .rodata        0x008103e4       0x10 ../cs303a2_bsp/\libhal_bsp.a(alt_main.o)
 .rodata        0x008103f4       0x28 ../cs303a2_bsp/\libhal_bsp.a(alt_sys_init.o)
 .rodata        0x0081041c      0x284 c:/altera/13.0/nios2eds/bin/gnu/h-i686-mingw32/bin/../lib/gcc/nios2-elf/4.1.2/../../../../nios2-elf/lib\libc.a(lib_a-ctype_.o)
                0x0081041c                _ctype_
 *(.rodata1)
                0x008106a0                . = ALIGN (0x4)
                0x008106a0                PROVIDE (__ram_rodata_end, ABSOLUTE (.))
                0x0080ffa0                PROVIDE (__flash_rodata_start, LOADADDR (.rodata))

.rwdata         0x008106a0     0x1c60 load address 0x00812300
                0x008106a0                PROVIDE (__ram_rwdata_start, ABSOLUTE (.))
                0x008106a0                . = ALIGN (0x4)
 *(.got.plt)
 *(.got)
 *(.data1)
 *(.data .data.* .gnu.linkonce.d.*)
 .data          0x008106a0        0x0 ../cs303a2_bsp//obj/HAL/src/crt0.o
 .data          0x008106a0        0x0 obj/default/hello_world.o
 .data          0x008106a0        0x0 obj/default/sccharts.o
 .data          0x008106a0        0x0 c:/altera/13.0/nios2eds/bin/gnu/h-i686-mingw32/bin/../lib/gcc/nios2-elf/4.1.2/../../../../nios2-elf/lib\libc.a(lib_a-printf.o)
 .data          0x008106a0        0x0 c:/altera/13.0/nios2eds/bin/gnu/h-i686-mingw32/bin/../lib/gcc/nios2-elf/4.1.2/../../../../nios2-elf/lib\libc.a(lib_a-puts.o)
 .data          0x008106a0        0x0 c:/altera/13.0/nios2eds/bin/gnu/h-i686-mingw32/bin/../lib/gcc/nios2-elf/4.1.2/../../../../nios2-elf/lib\libc.a(lib_a-strlen.o)
 .data          0x008106a0        0x0 c:/altera/13.0/nios2eds/bin/gnu/h-i686-mingw32/bin/../lib/gcc/nios2-elf/4.1.2/../../../../nios2-elf/lib\libc.a(lib_a-vfprintf.o)
 .data          0x008106a0        0x0 c:/altera/13.0/nios2eds/bin/gnu/h-i686-mingw32/bin/../lib/gcc/nios2-elf/4.1.2/../../../../nios2-elf/lib\libc.a(lib_a-wsetup.o)
 .data          0x008106a0        0x0 c:/altera/13.0/nios2eds/bin/gnu/h-i686-mingw32/bin/../lib/gcc/nios2-elf/4.1.2/../../../../nios2-elf/lib\libc.a(lib_a-dtoa.o)
 .data          0x008106a0        0x0 c:/altera/13.0/nios2eds/bin/gnu/h-i686-mingw32/bin/../lib/gcc/nios2-elf/4.1.2/../../../../nios2-elf/lib\libc.a(lib_a-fflush.o)
 .data          0x008106a0        0x0 c:/altera/13.0/nios2eds/bin/gnu/h-i686-mingw32/bin/../lib/gcc/nios2-elf/4.1.2/../../../../nios2-elf/lib\libc.a(lib_a-findfp.o)
 .data          0x008106a0        0x0 c:/altera/13.0/nios2eds/bin/gnu/h-i686-mingw32/bin/../lib/gcc/nios2-elf/4.1.2/../../../../nios2-elf/lib\libc.a(lib_a-freer.o)
 .data          0x008106a0        0x0 c:/altera/13.0/nios2eds/bin/gnu/h-i686-mingw32/bin/../lib/gcc/nios2-elf/4.1.2/../../../../nios2-elf/lib\libc.a(lib_a-fvwrite.o)
 .data          0x008106a0        0x0 c:/altera/13.0/nios2eds/bin/gnu/h-i686-mingw32/bin/../lib/gcc/nios2-elf/4.1.2/../../../../nios2-elf/lib\libc.a(lib_a-fwalk.o)
 .data          0x008106a0      0x400 c:/altera/13.0/nios2eds/bin/gnu/h-i686-mingw32/bin/../lib/gcc/nios2-elf/4.1.2/../../../../nios2-elf/lib\libc.a(lib_a-impure.o)
 .data          0x00810aa0        0xc c:/altera/13.0/nios2eds/bin/gnu/h-i686-mingw32/bin/../lib/gcc/nios2-elf/4.1.2/../../../../nios2-elf/lib\libc.a(lib_a-locale.o)
                0x00810aa0                __lc_ctype
 .data          0x00810aac        0x0 c:/altera/13.0/nios2eds/bin/gnu/h-i686-mingw32/bin/../lib/gcc/nios2-elf/4.1.2/../../../../nios2-elf/lib\libc.a(lib_a-makebuf.o)
 .data          0x00810aac      0x408 c:/altera/13.0/nios2eds/bin/gnu/h-i686-mingw32/bin/../lib/gcc/nios2-elf/4.1.2/../../../../nios2-elf/lib\libc.a(lib_a-mallocr.o)
                0x00810aac                __malloc_av_
 .data          0x00810eb4        0x0 c:/altera/13.0/nios2eds/bin/gnu/h-i686-mingw32/bin/../lib/gcc/nios2-elf/4.1.2/../../../../nios2-elf/lib\libc.a(lib_a-memchr.o)
 .data          0x00810eb4        0x0 c:/altera/13.0/nios2eds/bin/gnu/h-i686-mingw32/bin/../lib/gcc/nios2-elf/4.1.2/../../../../nios2-elf/lib\libc.a(lib_a-memcpy.o)
 .data          0x00810eb4        0x0 c:/altera/13.0/nios2eds/bin/gnu/h-i686-mingw32/bin/../lib/gcc/nios2-elf/4.1.2/../../../../nios2-elf/lib\libc.a(lib_a-memmove.o)
 .data          0x00810eb4        0x0 c:/altera/13.0/nios2eds/bin/gnu/h-i686-mingw32/bin/../lib/gcc/nios2-elf/4.1.2/../../../../nios2-elf/lib\libc.a(lib_a-memset.o)
 .data          0x00810eb4        0x0 c:/altera/13.0/nios2eds/bin/gnu/h-i686-mingw32/bin/../lib/gcc/nios2-elf/4.1.2/../../../../nios2-elf/lib\libc.a(lib_a-mprec.o)
 .data          0x00810eb4        0x0 c:/altera/13.0/nios2eds/bin/gnu/h-i686-mingw32/bin/../lib/gcc/nios2-elf/4.1.2/../../../../nios2-elf/lib\libc.a(lib_a-reallocr.o)
 .data          0x00810eb4        0x0 c:/altera/13.0/nios2eds/bin/gnu/h-i686-mingw32/bin/../lib/gcc/nios2-elf/4.1.2/../../../../nios2-elf/lib\libc.a(lib_a-s_isinfd.o)
 .data          0x00810eb4        0x0 c:/altera/13.0/nios2eds/bin/gnu/h-i686-mingw32/bin/../lib/gcc/nios2-elf/4.1.2/../../../../nios2-elf/lib\libc.a(lib_a-s_isnand.o)
 .data          0x00810eb4        0x0 c:/altera/13.0/nios2eds/bin/gnu/h-i686-mingw32/bin/../lib/gcc/nios2-elf/4.1.2/../../../../nios2-elf/lib\libc.a(lib_a-sbrkr.o)
 .data          0x00810eb4        0x0 c:/altera/13.0/nios2eds/bin/gnu/h-i686-mingw32/bin/../lib/gcc/nios2-elf/4.1.2/../../../../nios2-elf/lib\libc.a(lib_a-stdio.o)
 .data          0x00810eb4        0x0 c:/altera/13.0/nios2eds/bin/gnu/h-i686-mingw32/bin/../lib/gcc/nios2-elf/4.1.2/../../../../nios2-elf/lib\libc.a(lib_a-strcmp.o)
 .data          0x00810eb4        0x0 c:/altera/13.0/nios2eds/bin/gnu/h-i686-mingw32/bin/../lib/gcc/nios2-elf/4.1.2/../../../../nios2-elf/lib\libc.a(lib_a-writer.o)
 .data          0x00810eb4        0x0 c:/altera/13.0/nios2eds/bin/gnu/h-i686-mingw32/bin/../lib/gcc/nios2-elf/4.1.2/../../../../nios2-elf/lib\libc.a(lib_a-callocr.o)
 .data          0x00810eb4        0x0 c:/altera/13.0/nios2eds/bin/gnu/h-i686-mingw32/bin/../lib/gcc/nios2-elf/4.1.2/../../../../nios2-elf/lib\libc.a(lib_a-closer.o)
 .data          0x00810eb4        0x0 c:/altera/13.0/nios2eds/bin/gnu/h-i686-mingw32/bin/../lib/gcc/nios2-elf/4.1.2/../../../../nios2-elf/lib\libc.a(lib_a-fclose.o)
 .data          0x00810eb4        0x0 c:/altera/13.0/nios2eds/bin/gnu/h-i686-mingw32/bin/../lib/gcc/nios2-elf/4.1.2/../../../../nios2-elf/lib\libc.a(lib_a-fstatr.o)
 .data          0x00810eb4        0x0 c:/altera/13.0/nios2eds/bin/gnu/h-i686-mingw32/bin/../lib/gcc/nios2-elf/4.1.2/../../../../nios2-elf/lib\libc.a(lib_a-int_errno.o)
 .data          0x00810eb4        0x0 c:/altera/13.0/nios2eds/bin/gnu/h-i686-mingw32/bin/../lib/gcc/nios2-elf/4.1.2/../../../../nios2-elf/lib\libc.a(lib_a-isattyr.o)
 .data          0x00810eb4        0x0 c:/altera/13.0/nios2eds/bin/gnu/h-i686-mingw32/bin/../lib/gcc/nios2-elf/4.1.2/../../../../nios2-elf/lib\libc.a(lib_a-lseekr.o)
 .data          0x00810eb4        0x0 c:/altera/13.0/nios2eds/bin/gnu/h-i686-mingw32/bin/../lib/gcc/nios2-elf/4.1.2/../../../../nios2-elf/lib\libc.a(lib_a-readr.o)
 .data          0x00810eb4        0x0 c:/altera/13.0/nios2eds/bin/gnu/h-i686-mingw32/bin/../lib/gcc/nios2-elf/4.1.2\libgcc.a(_udivdi3.o)
 .data          0x00810eb4        0x0 c:/altera/13.0/nios2eds/bin/gnu/h-i686-mingw32/bin/../lib/gcc/nios2-elf/4.1.2\libgcc.a(_umoddi3.o)
 .data          0x00810eb4        0x0 c:/altera/13.0/nios2eds/bin/gnu/h-i686-mingw32/bin/../lib/gcc/nios2-elf/4.1.2\libgcc.a(_addsub_df.o)
 .data          0x00810eb4        0x0 c:/altera/13.0/nios2eds/bin/gnu/h-i686-mingw32/bin/../lib/gcc/nios2-elf/4.1.2\libgcc.a(_mul_df.o)
 .data          0x00810eb4        0x0 c:/altera/13.0/nios2eds/bin/gnu/h-i686-mingw32/bin/../lib/gcc/nios2-elf/4.1.2\libgcc.a(_div_df.o)
 .data          0x00810eb4        0x0 c:/altera/13.0/nios2eds/bin/gnu/h-i686-mingw32/bin/../lib/gcc/nios2-elf/4.1.2\libgcc.a(_eq_df.o)
 .data          0x00810eb4        0x0 c:/altera/13.0/nios2eds/bin/gnu/h-i686-mingw32/bin/../lib/gcc/nios2-elf/4.1.2\libgcc.a(_ne_df.o)
 .data          0x00810eb4        0x0 c:/altera/13.0/nios2eds/bin/gnu/h-i686-mingw32/bin/../lib/gcc/nios2-elf/4.1.2\libgcc.a(_gt_df.o)
 .data          0x00810eb4        0x0 c:/altera/13.0/nios2eds/bin/gnu/h-i686-mingw32/bin/../lib/gcc/nios2-elf/4.1.2\libgcc.a(_ge_df.o)
 .data          0x00810eb4        0x0 c:/altera/13.0/nios2eds/bin/gnu/h-i686-mingw32/bin/../lib/gcc/nios2-elf/4.1.2\libgcc.a(_lt_df.o)
 .data          0x00810eb4        0x0 c:/altera/13.0/nios2eds/bin/gnu/h-i686-mingw32/bin/../lib/gcc/nios2-elf/4.1.2\libgcc.a(_si_to_df.o)
 .data          0x00810eb4        0x0 c:/altera/13.0/nios2eds/bin/gnu/h-i686-mingw32/bin/../lib/gcc/nios2-elf/4.1.2\libgcc.a(_df_to_si.o)
 .data          0x00810eb4        0x0 c:/altera/13.0/nios2eds/bin/gnu/h-i686-mingw32/bin/../lib/gcc/nios2-elf/4.1.2\libgcc.a(_thenan_df.o)
 .data          0x00810eb4        0x0 c:/altera/13.0/nios2eds/bin/gnu/h-i686-mingw32/bin/../lib/gcc/nios2-elf/4.1.2\libgcc.a(_usi_to_df.o)
 .data          0x00810eb4        0x0 c:/altera/13.0/nios2eds/bin/gnu/h-i686-mingw32/bin/../lib/gcc/nios2-elf/4.1.2\libgcc.a(lib2-divmod.o)
 .data          0x00810eb4        0x0 c:/altera/13.0/nios2eds/bin/gnu/h-i686-mingw32/bin/../lib/gcc/nios2-elf/4.1.2\libgcc.a(_muldi3.o)
 .data          0x00810eb4        0x0 c:/altera/13.0/nios2eds/bin/gnu/h-i686-mingw32/bin/../lib/gcc/nios2-elf/4.1.2\libgcc.a(_clz.o)
 .data          0x00810eb4        0x0 c:/altera/13.0/nios2eds/bin/gnu/h-i686-mingw32/bin/../lib/gcc/nios2-elf/4.1.2\libgcc.a(_clzsi2.o)
 .data          0x00810eb4        0x0 c:/altera/13.0/nios2eds/bin/gnu/h-i686-mingw32/bin/../lib/gcc/nios2-elf/4.1.2\libgcc.a(_pack_df.o)
 .data          0x00810eb4        0x0 c:/altera/13.0/nios2eds/bin/gnu/h-i686-mingw32/bin/../lib/gcc/nios2-elf/4.1.2\libgcc.a(_unpack_df.o)
 .data          0x00810eb4        0x0 c:/altera/13.0/nios2eds/bin/gnu/h-i686-mingw32/bin/../lib/gcc/nios2-elf/4.1.2\libgcc.a(_fpcmp_parts_df.o)
 .data          0x00810eb4        0x0 ../cs303a2_bsp/\libhal_bsp.a(alt_alarm_start.o)
 .data          0x00810eb4        0x0 ../cs303a2_bsp/\libhal_bsp.a(alt_close.o)
 .data          0x00810eb4      0x1a8 ../cs303a2_bsp/\libhal_bsp.a(alt_dev.o)
                0x00810eb4                alt_dev_null
                0x00810edc                alt_fd_list
 .data          0x0081105c        0x0 ../cs303a2_bsp/\libhal_bsp.a(alt_errno.o)
 .data          0x0081105c        0x0 ../cs303a2_bsp/\libhal_bsp.a(alt_fstat.o)
 .data          0x0081105c        0x0 ../cs303a2_bsp/\libhal_bsp.a(alt_isatty.o)
 .data          0x0081105c        0x0 ../cs303a2_bsp/\libhal_bsp.a(alt_load.o)
 .data          0x0081105c        0x0 ../cs303a2_bsp/\libhal_bsp.a(alt_lseek.o)
 .data          0x0081105c        0x0 ../cs303a2_bsp/\libhal_bsp.a(alt_main.o)
 .data          0x0081105c        0x0 ../cs303a2_bsp/\libhal_bsp.a(alt_malloc_lock.o)
 .data          0x0081105c        0x0 ../cs303a2_bsp/\libhal_bsp.a(alt_open.o)
 .data          0x0081105c        0x0 ../cs303a2_bsp/\libhal_bsp.a(alt_read.o)
 .data          0x0081105c        0x0 ../cs303a2_bsp/\libhal_bsp.a(alt_release_fd.o)
 .data          0x0081105c        0x0 ../cs303a2_bsp/\libhal_bsp.a(alt_sbrk.o)
 .data          0x0081105c        0x0 ../cs303a2_bsp/\libhal_bsp.a(alt_tick.o)
 .data          0x0081105c        0x0 ../cs303a2_bsp/\libhal_bsp.a(alt_write.o)
 .data          0x0081105c     0x1244 ../cs303a2_bsp/\libhal_bsp.a(alt_sys_init.o)
 .data          0x008122a0        0x0 ../cs303a2_bsp/\libhal_bsp.a(altera_avalon_jtag_uart_fd.o)
 .data          0x008122a0        0x0 ../cs303a2_bsp/\libhal_bsp.a(altera_avalon_jtag_uart_init.o)
 .data          0x008122a0        0x0 ../cs303a2_bsp/\libhal_bsp.a(altera_avalon_jtag_uart_ioctl.o)
 .data          0x008122a0        0x0 ../cs303a2_bsp/\libhal_bsp.a(altera_avalon_jtag_uart_read.o)
 .data          0x008122a0        0x0 ../cs303a2_bsp/\libhal_bsp.a(altera_avalon_jtag_uart_write.o)
 .data          0x008122a0        0x0 ../cs303a2_bsp/\libhal_bsp.a(altera_avalon_lcd_16207.o)
 .data          0x008122a0        0x0 ../cs303a2_bsp/\libhal_bsp.a(altera_avalon_lcd_16207_fd.o)
 .data          0x008122a0        0x0 ../cs303a2_bsp/\libhal_bsp.a(altera_avalon_timer_sc.o)
 .data          0x008122a0        0x0 ../cs303a2_bsp/\libhal_bsp.a(altera_avalon_uart_fd.o)
 .data          0x008122a0        0x0 ../cs303a2_bsp/\libhal_bsp.a(altera_avalon_uart_init.o)
 .data          0x008122a0        0x0 ../cs303a2_bsp/\libhal_bsp.a(altera_avalon_uart_read.o)
 .data          0x008122a0        0x0 ../cs303a2_bsp/\libhal_bsp.a(altera_avalon_uart_write.o)
 .data          0x008122a0        0x0 ../cs303a2_bsp/\libhal_bsp.a(alt_dcache_flush_all.o)
 .data          0x008122a0        0x0 ../cs303a2_bsp/\libhal_bsp.a(alt_dev_llist_insert.o)
 .data          0x008122a0        0x0 ../cs303a2_bsp/\libhal_bsp.a(alt_do_ctors.o)
 .data          0x008122a0        0x0 ../cs303a2_bsp/\libhal_bsp.a(alt_do_dtors.o)
 .data          0x008122a0        0x0 ../cs303a2_bsp/\libhal_bsp.a(alt_find_dev.o)
 .data          0x008122a0        0x0 ../cs303a2_bsp/\libhal_bsp.a(alt_find_file.o)
 .data          0x008122a0        0x0 ../cs303a2_bsp/\libhal_bsp.a(alt_get_fd.o)
 .data          0x008122a0        0x0 ../cs303a2_bsp/\libhal_bsp.a(alt_icache_flush_all.o)
 .data          0x008122a0        0x0 ../cs303a2_bsp/\libhal_bsp.a(alt_iic.o)
 .data          0x008122a0        0x0 ../cs303a2_bsp/\libhal_bsp.a(alt_iic_isr_register.o)
 .data          0x008122a0        0x0 ../cs303a2_bsp/\libhal_bsp.a(alt_io_redirect.o)
 .data          0x008122a0        0x0 ../cs303a2_bsp/\libhal_bsp.a(alt_irq_entry.o)
 .data          0x008122a0        0x0 ../cs303a2_bsp/\libhal_bsp.a(alt_irq_handler.o)
 .data          0x008122a0        0x0 ../cs303a2_bsp/\libhal_bsp.a(alt_irq_vars.o)
 .data          0x008122a0        0x0 ../cs303a2_bsp/\libhal_bsp.a(alt_usleep.o)
 .data          0x008122a0        0x0 ../cs303a2_bsp/\libhal_bsp.a(altera_nios2_qsys_irq.o)
 .data          0x008122a0        0x0 ../cs303a2_bsp/\libhal_bsp.a(alt_busy_sleep.o)
 .data          0x008122a0        0x0 ../cs303a2_bsp/\libhal_bsp.a(alt_exception_entry.o)
 .data          0x008122a0        0x0 ../cs303a2_bsp/\libhal_bsp.a(alt_icache_flush.o)
 .data          0x008122a0        0x0 c:/altera/13.0/nios2eds/bin/gnu/h-i686-mingw32/bin/../lib/gcc/nios2-elf/4.1.2/../../../../nios2-elf/lib\libc.a(lib_a-atexit.o)
 .data          0x008122a0        0x0 c:/altera/13.0/nios2eds/bin/gnu/h-i686-mingw32/bin/../lib/gcc/nios2-elf/4.1.2/../../../../nios2-elf/lib\libc.a(lib_a-ctype_.o)
 .data          0x008122a0        0x0 c:/altera/13.0/nios2eds/bin/gnu/h-i686-mingw32/bin/../lib/gcc/nios2-elf/4.1.2/../../../../nios2-elf/lib\libc.a(lib_a-exit.o)
 .data          0x008122a0        0x0 c:/altera/13.0/nios2eds/bin/gnu/h-i686-mingw32/bin/../lib/gcc/nios2-elf/4.1.2/../../../../nios2-elf/lib\libc.a(lib_a-memcmp.o)
 .data          0x008122a0        0x0 c:/altera/13.0/nios2eds/bin/gnu/h-i686-mingw32/bin/../lib/gcc/nios2-elf/4.1.2/../../../../nios2-elf/lib\libc.a(lib_a-__atexit.o)
 .data          0x008122a0        0x0 c:/altera/13.0/nios2eds/bin/gnu/h-i686-mingw32/bin/../lib/gcc/nios2-elf/4.1.2/../../../../nios2-elf/lib\libc.a(lib_a-__call_atexit.o)
 .data          0x008122a0        0x0 ../cs303a2_bsp/\libhal_bsp.a(alt_exit.o)
                0x0081a2a0                _gp = ABSOLUTE ((. + 0x8000))
                0x0081a2a0                PROVIDE (gp, _gp)
 *(.rwdata .rwdata.*)
 *(.sdata .sdata.* .gnu.linkonce.s.*)
 .sdata         0x008122a0       0x18 obj/default/hello_world.o
                0x008122a0                lri_context
                0x008122a4                uri_context
                0x008122a8                avi_context
                0x008122ac                aei_context
                0x008122b0                pvarp_context
                0x008122b4                vrp_context
 .sdata         0x008122b8        0x8 c:/altera/13.0/nios2eds/bin/gnu/h-i686-mingw32/bin/../lib/gcc/nios2-elf/4.1.2/../../../../nios2-elf/lib\libc.a(lib_a-impure.o)
                0x008122b8                _impure_ptr
                0x008122bc                _global_impure_ptr
 .sdata         0x008122c0        0x8 c:/altera/13.0/nios2eds/bin/gnu/h-i686-mingw32/bin/../lib/gcc/nios2-elf/4.1.2/../../../../nios2-elf/lib\libc.a(lib_a-locale.o)
                0x008122c0                __mb_cur_max
 .sdata         0x008122c8        0x8 c:/altera/13.0/nios2eds/bin/gnu/h-i686-mingw32/bin/../lib/gcc/nios2-elf/4.1.2/../../../../nios2-elf/lib\libc.a(lib_a-mallocr.o)
                0x008122c8                __malloc_trim_threshold
                0x008122cc                __malloc_sbrk_base
 .sdata         0x008122d0       0x14 ../cs303a2_bsp/\libhal_bsp.a(alt_dev.o)
                0x008122d0                alt_fs_list
                0x008122d8                alt_dev_list
                0x008122e0                alt_max_fd
 .sdata         0x008122e4        0x4 ../cs303a2_bsp/\libhal_bsp.a(alt_errno.o)
                0x008122e4                alt_errno
 .sdata         0x008122e8        0x4 ../cs303a2_bsp/\libhal_bsp.a(alt_sbrk.o)
 .sdata         0x008122ec        0x8 ../cs303a2_bsp/\libhal_bsp.a(alt_tick.o)
                0x008122ec                alt_alarm_list
 .sdata         0x008122f4        0x4 ../cs303a2_bsp/\libhal_bsp.a(altera_avalon_lcd_16207.o)
 .sdata         0x008122f8        0x4 ../cs303a2_bsp/\libhal_bsp.a(alt_irq_vars.o)
                0x008122f8                alt_priority_mask
 .sdata         0x008122fc        0x4 c:/altera/13.0/nios2eds/bin/gnu/h-i686-mingw32/bin/../lib/gcc/nios2-elf/4.1.2/../../../../nios2-elf/lib\libc.a(lib_a-ctype_.o)
                0x008122fc                __ctype_ptr
 *(.sdata2 .sdata2.* .gnu.linkonce.s2.*)
                0x00812300                . = ALIGN (0x4)
                0x00812300                _edata = ABSOLUTE (.)
                0x00812300                PROVIDE (edata, ABSOLUTE (.))
                0x00812300                PROVIDE (__ram_rwdata_end, ABSOLUTE (.))
                0x00812300                PROVIDE (__flash_rwdata_start, LOADADDR (.rwdata))

.bss            0x00813f60      0x410
                0x00813f60                __bss_start = ABSOLUTE (.)
                0x00813f60                PROVIDE (__sbss_start, ABSOLUTE (.))
                0x00813f60                PROVIDE (___sbss_start, ABSOLUTE (.))
 *(.dynsbss)
 *(.sbss .sbss.* .gnu.linkonce.sb.*)
 .sbss          0x00813f60        0x4 obj/default/hello_world.o
 .sbss          0x00813f64       0x8f obj/default/sccharts.o
                0x00813f64                _cg42
                0x00813f65                g40
                0x00813f66                AVI_TO
                0x00813f67                APace
                0x00813f68                g4
                0x00813f69                g19
                0x00813f6a                VRP_TO
                0x00813f6b                g55
                0x00813f6c                g27
                0x00813f6d                g3
                0x00813f6e                AEI_ex
                0x00813f6f                g47
                0x00813f70                g42
                0x00813f71                g9
                0x00813f72                g34b
                0x00813f73                _cg7
                0x00813f74                _PRE_GO
                0x00813f78                PRE_g3
                0x00813f79                PRE_g39
                0x00813f7a                AVI_start
                0x00813f7b                _cg52
                0x00813f7c                PRE_g56
                0x00813f7d                g44
                0x00813f7e                _cg8
                0x00813f7f                g32b
                0x00813f80                g45b
                0x00813f81                PRE_g20
                0x00813f82                g1
                0x00813f83                g40d
                0x00813f84                g61
                0x00813f85                PRE_g28
                0x00813f86                g35_e2
                0x00813f87                g39b
                0x00813f88                _cg33
                0x00813f89                g12
                0x00813f8a                g52
                0x00813f8b                LRI_TO
                0x00813f8c                _cg46
                0x00813f8d                g17
                0x00813f8e                g31
                0x00813f8f                g37
                0x00813f90                g62
                0x00813f91                g41
                0x00813f92                _cg26
                0x00813f93                PRE_g17
                0x00813f94                g18
                0x00813f95                ASense
                0x00813f96                g63_e2
                0x00813f97                g48
                0x00813f98                g24b
                0x00813f99                g38
                0x00813f9a                _cg21
                0x00813f9b                g42b
                0x00813f9c                g64
                0x00813f9d                g21
                0x00813f9e                g34
                0x00813f9f                g5
                0x00813fa0                g40b
                0x00813fa1                g49
                0x00813fa2                g2
                0x00813fa3                g40f
                0x00813fa4                g7
                0x00813fa5                LRI_ex
                0x00813fa6                g59
                0x00813fa7                g54
                0x00813fa8                g23
                0x00813fa9                _cg44
                0x00813faa                _cg48
                0x00813fab                g14
                0x00813fac                AVI_ex
                0x00813fad                VRP_ex
                0x00813fae                g40c
                0x00813faf                g56
                0x00813fb0                VSense
                0x00813fb1                PRE_g6
                0x00813fb2                g33
                0x00813fb3                VRP_start
                0x00813fb4                URI_ex
                0x00813fb5                _cg25
                0x00813fb6                _cg29
                0x00813fb7                g40g
                0x00813fb8                g35
                0x00813fb9                _cg38
                0x00813fba                g15
                0x00813fbb                _GO
                0x00813fbc                LRI_start
                0x00813fbd                g63
                0x00813fbe                g20
                0x00813fbf                g60
                0x00813fc0                g43
                0x00813fc1                g59_e1
                0x00813fc2                PRE_g43
                0x00813fc3                _cg11
                0x00813fc4                g36
                0x00813fc5                g58_e4
                0x00813fc6                g46
                0x00813fc7                PVARP_start
                0x00813fc8                g50
                0x00813fc9                g51
                0x00813fca                AEI_TO
                0x00813fcb                _DDDPacemaker_local_VP_en
                0x00813fcc                g54_e3
                0x00813fcd                PRE_g61
                0x00813fce                g13
                0x00813fcf                PRE_g41
                0x00813fd0                g53
                0x00813fd1                g8
                0x00813fd2                g57
                0x00813fd3                AEI_start
                0x00813fd4                g40e
                0x00813fd5                g6
                0x00813fd6                PVARP_ex
                0x00813fd7                _cg50
                0x00813fd8                _cg13
                0x00813fd9                g0
                0x00813fda                g30
                0x00813fdb                g16
                0x00813fdc                g58
                0x00813fdd                g25
                0x00813fde                g11
                0x00813fdf                g22
                0x00813fe0                g28
                0x00813fe1                g15_e1
                0x00813fe2                g32
                0x00813fe3                PVARP_TO
                0x00813fe4                g45
                0x00813fe5                _cg23
                0x00813fe6                _cg18
                0x00813fe7                g49b
                0x00813fe8                VPace
                0x00813fe9                g39
                0x00813fea                g29
                0x00813feb                g24
                0x00813fec                _cg4
                0x00813fed                URI_TO
                0x00813fee                URI_start
                0x00813fef                _cg31
                0x00813ff0                g10
                0x00813ff1                g26
                0x00813ff2                PRE_g37
 *fill*         0x00813ff3        0x1 00
 .sbss          0x00813ff4        0xc c:/altera/13.0/nios2eds/bin/gnu/h-i686-mingw32/bin/../lib/gcc/nios2-elf/4.1.2/../../../../nios2-elf/lib\libc.a(lib_a-locale.o)
                0x00813ff4                __nlocale_changed
                0x00813ff8                __mlocale_changed
                0x00813ffc                _PathLocale
 .sbss          0x00814000        0xc c:/altera/13.0/nios2eds/bin/gnu/h-i686-mingw32/bin/../lib/gcc/nios2-elf/4.1.2/../../../../nios2-elf/lib\libc.a(lib_a-mallocr.o)
                0x00814000                __malloc_top_pad
                0x00814004                __malloc_max_sbrked_mem
                0x00814008                __malloc_max_total_mem
 .sbss          0x0081400c        0x4 c:/altera/13.0/nios2eds/bin/gnu/h-i686-mingw32/bin/../lib/gcc/nios2-elf/4.1.2/../../../../nios2-elf/lib\libc.a(lib_a-int_errno.o)
                0x0081400c                errno
 .sbss          0x00814010        0xc ../cs303a2_bsp/\libhal_bsp.a(alt_main.o)
                0x00814010                alt_argc
                0x00814014                alt_argv
                0x00814018                alt_envp
 .sbss          0x0081401c        0x8 ../cs303a2_bsp/\libhal_bsp.a(alt_tick.o)
                0x0081401c                _alt_tick_rate
                0x00814020                _alt_nticks
 .sbss          0x00814024        0x4 ../cs303a2_bsp/\libhal_bsp.a(alt_irq_vars.o)
                0x00814024                alt_irq_active
 *(.sbss2 .sbss2.* .gnu.linkonce.sb2.*)
 *(.scommon)
                0x00814028                PROVIDE (__sbss_end, ABSOLUTE (.))
                0x00814028                PROVIDE (___sbss_end, ABSOLUTE (.))
 *(.dynbss)
 *(.bss .bss.* .gnu.linkonce.b.*)
 .bss           0x00814028        0x0 ../cs303a2_bsp//obj/HAL/src/crt0.o
 .bss           0x00814028       0x90 obj/default/hello_world.o
 .bss           0x008140b8        0x0 obj/default/sccharts.o
 .bss           0x008140b8        0x0 c:/altera/13.0/nios2eds/bin/gnu/h-i686-mingw32/bin/../lib/gcc/nios2-elf/4.1.2/../../../../nios2-elf/lib\libc.a(lib_a-printf.o)
 .bss           0x008140b8        0x0 c:/altera/13.0/nios2eds/bin/gnu/h-i686-mingw32/bin/../lib/gcc/nios2-elf/4.1.2/../../../../nios2-elf/lib\libc.a(lib_a-puts.o)
 .bss           0x008140b8        0x0 c:/altera/13.0/nios2eds/bin/gnu/h-i686-mingw32/bin/../lib/gcc/nios2-elf/4.1.2/../../../../nios2-elf/lib\libc.a(lib_a-strlen.o)
 .bss           0x008140b8        0x0 c:/altera/13.0/nios2eds/bin/gnu/h-i686-mingw32/bin/../lib/gcc/nios2-elf/4.1.2/../../../../nios2-elf/lib\libc.a(lib_a-vfprintf.o)
 .bss           0x008140b8        0x0 c:/altera/13.0/nios2eds/bin/gnu/h-i686-mingw32/bin/../lib/gcc/nios2-elf/4.1.2/../../../../nios2-elf/lib\libc.a(lib_a-wsetup.o)
 .bss           0x008140b8        0x0 c:/altera/13.0/nios2eds/bin/gnu/h-i686-mingw32/bin/../lib/gcc/nios2-elf/4.1.2/../../../../nios2-elf/lib\libc.a(lib_a-dtoa.o)
 .bss           0x008140b8        0x0 c:/altera/13.0/nios2eds/bin/gnu/h-i686-mingw32/bin/../lib/gcc/nios2-elf/4.1.2/../../../../nios2-elf/lib\libc.a(lib_a-fflush.o)
 .bss           0x008140b8        0x0 c:/altera/13.0/nios2eds/bin/gnu/h-i686-mingw32/bin/../lib/gcc/nios2-elf/4.1.2/../../../../nios2-elf/lib\libc.a(lib_a-findfp.o)
 .bss           0x008140b8        0x0 c:/altera/13.0/nios2eds/bin/gnu/h-i686-mingw32/bin/../lib/gcc/nios2-elf/4.1.2/../../../../nios2-elf/lib\libc.a(lib_a-freer.o)
 .bss           0x008140b8        0x0 c:/altera/13.0/nios2eds/bin/gnu/h-i686-mingw32/bin/../lib/gcc/nios2-elf/4.1.2/../../../../nios2-elf/lib\libc.a(lib_a-fvwrite.o)
 .bss           0x008140b8        0x0 c:/altera/13.0/nios2eds/bin/gnu/h-i686-mingw32/bin/../lib/gcc/nios2-elf/4.1.2/../../../../nios2-elf/lib\libc.a(lib_a-fwalk.o)
 .bss           0x008140b8        0x0 c:/altera/13.0/nios2eds/bin/gnu/h-i686-mingw32/bin/../lib/gcc/nios2-elf/4.1.2/../../../../nios2-elf/lib\libc.a(lib_a-impure.o)
 .bss           0x008140b8        0x0 c:/altera/13.0/nios2eds/bin/gnu/h-i686-mingw32/bin/../lib/gcc/nios2-elf/4.1.2/../../../../nios2-elf/lib\libc.a(lib_a-locale.o)
 .bss           0x008140b8        0x0 c:/altera/13.0/nios2eds/bin/gnu/h-i686-mingw32/bin/../lib/gcc/nios2-elf/4.1.2/../../../../nios2-elf/lib\libc.a(lib_a-makebuf.o)
 .bss           0x008140b8       0x28 c:/altera/13.0/nios2eds/bin/gnu/h-i686-mingw32/bin/../lib/gcc/nios2-elf/4.1.2/../../../../nios2-elf/lib\libc.a(lib_a-mallocr.o)
                0x008140b8                __malloc_current_mallinfo
 .bss           0x008140e0        0x0 c:/altera/13.0/nios2eds/bin/gnu/h-i686-mingw32/bin/../lib/gcc/nios2-elf/4.1.2/../../../../nios2-elf/lib\libc.a(lib_a-memchr.o)
 .bss           0x008140e0        0x0 c:/altera/13.0/nios2eds/bin/gnu/h-i686-mingw32/bin/../lib/gcc/nios2-elf/4.1.2/../../../../nios2-elf/lib\libc.a(lib_a-memcpy.o)
 .bss           0x008140e0        0x0 c:/altera/13.0/nios2eds/bin/gnu/h-i686-mingw32/bin/../lib/gcc/nios2-elf/4.1.2/../../../../nios2-elf/lib\libc.a(lib_a-memmove.o)
 .bss           0x008140e0        0x0 c:/altera/13.0/nios2eds/bin/gnu/h-i686-mingw32/bin/../lib/gcc/nios2-elf/4.1.2/../../../../nios2-elf/lib\libc.a(lib_a-memset.o)
 .bss           0x008140e0        0x0 c:/altera/13.0/nios2eds/bin/gnu/h-i686-mingw32/bin/../lib/gcc/nios2-elf/4.1.2/../../../../nios2-elf/lib\libc.a(lib_a-mprec.o)
 .bss           0x008140e0        0x0 c:/altera/13.0/nios2eds/bin/gnu/h-i686-mingw32/bin/../lib/gcc/nios2-elf/4.1.2/../../../../nios2-elf/lib\libc.a(lib_a-reallocr.o)
 .bss           0x008140e0        0x0 c:/altera/13.0/nios2eds/bin/gnu/h-i686-mingw32/bin/../lib/gcc/nios2-elf/4.1.2/../../../../nios2-elf/lib\libc.a(lib_a-s_isinfd.o)
 .bss           0x008140e0        0x0 c:/altera/13.0/nios2eds/bin/gnu/h-i686-mingw32/bin/../lib/gcc/nios2-elf/4.1.2/../../../../nios2-elf/lib\libc.a(lib_a-s_isnand.o)
 .bss           0x008140e0        0x0 c:/altera/13.0/nios2eds/bin/gnu/h-i686-mingw32/bin/../lib/gcc/nios2-elf/4.1.2/../../../../nios2-elf/lib\libc.a(lib_a-sbrkr.o)
 .bss           0x008140e0        0x0 c:/altera/13.0/nios2eds/bin/gnu/h-i686-mingw32/bin/../lib/gcc/nios2-elf/4.1.2/../../../../nios2-elf/lib\libc.a(lib_a-stdio.o)
 .bss           0x008140e0        0x0 c:/altera/13.0/nios2eds/bin/gnu/h-i686-mingw32/bin/../lib/gcc/nios2-elf/4.1.2/../../../../nios2-elf/lib\libc.a(lib_a-strcmp.o)
 .bss           0x008140e0        0x0 c:/altera/13.0/nios2eds/bin/gnu/h-i686-mingw32/bin/../lib/gcc/nios2-elf/4.1.2/../../../../nios2-elf/lib\libc.a(lib_a-writer.o)
 .bss           0x008140e0        0x0 c:/altera/13.0/nios2eds/bin/gnu/h-i686-mingw32/bin/../lib/gcc/nios2-elf/4.1.2/../../../../nios2-elf/lib\libc.a(lib_a-callocr.o)
 .bss           0x008140e0        0x0 c:/altera/13.0/nios2eds/bin/gnu/h-i686-mingw32/bin/../lib/gcc/nios2-elf/4.1.2/../../../../nios2-elf/lib\libc.a(lib_a-closer.o)
 .bss           0x008140e0        0x0 c:/altera/13.0/nios2eds/bin/gnu/h-i686-mingw32/bin/../lib/gcc/nios2-elf/4.1.2/../../../../nios2-elf/lib\libc.a(lib_a-fclose.o)
 .bss           0x008140e0        0x0 c:/altera/13.0/nios2eds/bin/gnu/h-i686-mingw32/bin/../lib/gcc/nios2-elf/4.1.2/../../../../nios2-elf/lib\libc.a(lib_a-fstatr.o)
 .bss           0x008140e0        0x0 c:/altera/13.0/nios2eds/bin/gnu/h-i686-mingw32/bin/../lib/gcc/nios2-elf/4.1.2/../../../../nios2-elf/lib\libc.a(lib_a-int_errno.o)
 .bss           0x008140e0        0x0 c:/altera/13.0/nios2eds/bin/gnu/h-i686-mingw32/bin/../lib/gcc/nios2-elf/4.1.2/../../../../nios2-elf/lib\libc.a(lib_a-isattyr.o)
 .bss           0x008140e0        0x0 c:/altera/13.0/nios2eds/bin/gnu/h-i686-mingw32/bin/../lib/gcc/nios2-elf/4.1.2/../../../../nios2-elf/lib\libc.a(lib_a-lseekr.o)
 .bss           0x008140e0        0x0 c:/altera/13.0/nios2eds/bin/gnu/h-i686-mingw32/bin/../lib/gcc/nios2-elf/4.1.2/../../../../nios2-elf/lib\libc.a(lib_a-readr.o)
 .bss           0x008140e0        0x0 c:/altera/13.0/nios2eds/bin/gnu/h-i686-mingw32/bin/../lib/gcc/nios2-elf/4.1.2\libgcc.a(_udivdi3.o)
 .bss           0x008140e0        0x0 c:/altera/13.0/nios2eds/bin/gnu/h-i686-mingw32/bin/../lib/gcc/nios2-elf/4.1.2\libgcc.a(_umoddi3.o)
 .bss           0x008140e0        0x0 c:/altera/13.0/nios2eds/bin/gnu/h-i686-mingw32/bin/../lib/gcc/nios2-elf/4.1.2\libgcc.a(_addsub_df.o)
 .bss           0x008140e0        0x0 c:/altera/13.0/nios2eds/bin/gnu/h-i686-mingw32/bin/../lib/gcc/nios2-elf/4.1.2\libgcc.a(_mul_df.o)
 .bss           0x008140e0        0x0 c:/altera/13.0/nios2eds/bin/gnu/h-i686-mingw32/bin/../lib/gcc/nios2-elf/4.1.2\libgcc.a(_div_df.o)
 .bss           0x008140e0        0x0 c:/altera/13.0/nios2eds/bin/gnu/h-i686-mingw32/bin/../lib/gcc/nios2-elf/4.1.2\libgcc.a(_eq_df.o)
 .bss           0x008140e0        0x0 c:/altera/13.0/nios2eds/bin/gnu/h-i686-mingw32/bin/../lib/gcc/nios2-elf/4.1.2\libgcc.a(_ne_df.o)
 .bss           0x008140e0        0x0 c:/altera/13.0/nios2eds/bin/gnu/h-i686-mingw32/bin/../lib/gcc/nios2-elf/4.1.2\libgcc.a(_gt_df.o)
 .bss           0x008140e0        0x0 c:/altera/13.0/nios2eds/bin/gnu/h-i686-mingw32/bin/../lib/gcc/nios2-elf/4.1.2\libgcc.a(_ge_df.o)
 .bss           0x008140e0        0x0 c:/altera/13.0/nios2eds/bin/gnu/h-i686-mingw32/bin/../lib/gcc/nios2-elf/4.1.2\libgcc.a(_lt_df.o)
 .bss           0x008140e0        0x0 c:/altera/13.0/nios2eds/bin/gnu/h-i686-mingw32/bin/../lib/gcc/nios2-elf/4.1.2\libgcc.a(_si_to_df.o)
 .bss           0x008140e0        0x0 c:/altera/13.0/nios2eds/bin/gnu/h-i686-mingw32/bin/../lib/gcc/nios2-elf/4.1.2\libgcc.a(_df_to_si.o)
 .bss           0x008140e0        0x0 c:/altera/13.0/nios2eds/bin/gnu/h-i686-mingw32/bin/../lib/gcc/nios2-elf/4.1.2\libgcc.a(_thenan_df.o)
 .bss           0x008140e0        0x0 c:/altera/13.0/nios2eds/bin/gnu/h-i686-mingw32/bin/../lib/gcc/nios2-elf/4.1.2\libgcc.a(_usi_to_df.o)
 .bss           0x008140e0        0x0 c:/altera/13.0/nios2eds/bin/gnu/h-i686-mingw32/bin/../lib/gcc/nios2-elf/4.1.2\libgcc.a(lib2-divmod.o)
 .bss           0x008140e0        0x0 c:/altera/13.0/nios2eds/bin/gnu/h-i686-mingw32/bin/../lib/gcc/nios2-elf/4.1.2\libgcc.a(_muldi3.o)
 .bss           0x008140e0        0x0 c:/altera/13.0/nios2eds/bin/gnu/h-i686-mingw32/bin/../lib/gcc/nios2-elf/4.1.2\libgcc.a(_clz.o)
 .bss           0x008140e0        0x0 c:/altera/13.0/nios2eds/bin/gnu/h-i686-mingw32/bin/../lib/gcc/nios2-elf/4.1.2\libgcc.a(_clzsi2.o)
 .bss           0x008140e0        0x0 c:/altera/13.0/nios2eds/bin/gnu/h-i686-mingw32/bin/../lib/gcc/nios2-elf/4.1.2\libgcc.a(_pack_df.o)
 .bss           0x008140e0        0x0 c:/altera/13.0/nios2eds/bin/gnu/h-i686-mingw32/bin/../lib/gcc/nios2-elf/4.1.2\libgcc.a(_unpack_df.o)
 .bss           0x008140e0        0x0 c:/altera/13.0/nios2eds/bin/gnu/h-i686-mingw32/bin/../lib/gcc/nios2-elf/4.1.2\libgcc.a(_fpcmp_parts_df.o)
 .bss           0x008140e0        0x0 ../cs303a2_bsp/\libhal_bsp.a(alt_alarm_start.o)
 .bss           0x008140e0        0x0 ../cs303a2_bsp/\libhal_bsp.a(alt_close.o)
 .bss           0x008140e0        0x0 ../cs303a2_bsp/\libhal_bsp.a(alt_dev.o)
 .bss           0x008140e0        0x0 ../cs303a2_bsp/\libhal_bsp.a(alt_errno.o)
 .bss           0x008140e0        0x0 ../cs303a2_bsp/\libhal_bsp.a(alt_fstat.o)
 .bss           0x008140e0        0x0 ../cs303a2_bsp/\libhal_bsp.a(alt_isatty.o)
 .bss           0x008140e0        0x0 ../cs303a2_bsp/\libhal_bsp.a(alt_load.o)
 .bss           0x008140e0        0x0 ../cs303a2_bsp/\libhal_bsp.a(alt_lseek.o)
 .bss           0x008140e0        0x0 ../cs303a2_bsp/\libhal_bsp.a(alt_main.o)
 .bss           0x008140e0        0x0 ../cs303a2_bsp/\libhal_bsp.a(alt_malloc_lock.o)
 .bss           0x008140e0        0x0 ../cs303a2_bsp/\libhal_bsp.a(alt_open.o)
 .bss           0x008140e0        0x0 ../cs303a2_bsp/\libhal_bsp.a(alt_read.o)
 .bss           0x008140e0        0x0 ../cs303a2_bsp/\libhal_bsp.a(alt_release_fd.o)
 .bss           0x008140e0        0x0 ../cs303a2_bsp/\libhal_bsp.a(alt_sbrk.o)
 .bss           0x008140e0        0x0 ../cs303a2_bsp/\libhal_bsp.a(alt_tick.o)
 .bss           0x008140e0        0x0 ../cs303a2_bsp/\libhal_bsp.a(alt_write.o)
 .bss           0x008140e0        0x0 ../cs303a2_bsp/\libhal_bsp.a(alt_sys_init.o)
 .bss           0x008140e0        0x0 ../cs303a2_bsp/\libhal_bsp.a(altera_avalon_jtag_uart_fd.o)
 .bss           0x008140e0        0x0 ../cs303a2_bsp/\libhal_bsp.a(altera_avalon_jtag_uart_init.o)
 .bss           0x008140e0        0x0 ../cs303a2_bsp/\libhal_bsp.a(altera_avalon_jtag_uart_ioctl.o)
 .bss           0x008140e0        0x0 ../cs303a2_bsp/\libhal_bsp.a(altera_avalon_jtag_uart_read.o)
 .bss           0x008140e0        0x0 ../cs303a2_bsp/\libhal_bsp.a(altera_avalon_jtag_uart_write.o)
 .bss           0x008140e0        0x0 ../cs303a2_bsp/\libhal_bsp.a(altera_avalon_lcd_16207.o)
 .bss           0x008140e0        0x0 ../cs303a2_bsp/\libhal_bsp.a(altera_avalon_lcd_16207_fd.o)
 .bss           0x008140e0        0x0 ../cs303a2_bsp/\libhal_bsp.a(altera_avalon_timer_sc.o)
 .bss           0x008140e0        0x0 ../cs303a2_bsp/\libhal_bsp.a(altera_avalon_uart_fd.o)
 .bss           0x008140e0        0x0 ../cs303a2_bsp/\libhal_bsp.a(altera_avalon_uart_init.o)
 .bss           0x008140e0        0x0 ../cs303a2_bsp/\libhal_bsp.a(altera_avalon_uart_read.o)
 .bss           0x008140e0        0x0 ../cs303a2_bsp/\libhal_bsp.a(altera_avalon_uart_write.o)
 .bss           0x008140e0        0x0 ../cs303a2_bsp/\libhal_bsp.a(alt_dcache_flush_all.o)
 .bss           0x008140e0        0x0 ../cs303a2_bsp/\libhal_bsp.a(alt_dev_llist_insert.o)
 .bss           0x008140e0        0x0 ../cs303a2_bsp/\libhal_bsp.a(alt_do_ctors.o)
 .bss           0x008140e0        0x0 ../cs303a2_bsp/\libhal_bsp.a(alt_do_dtors.o)
 .bss           0x008140e0        0x0 ../cs303a2_bsp/\libhal_bsp.a(alt_find_dev.o)
 .bss           0x008140e0        0x0 ../cs303a2_bsp/\libhal_bsp.a(alt_find_file.o)
 .bss           0x008140e0        0x0 ../cs303a2_bsp/\libhal_bsp.a(alt_get_fd.o)
 .bss           0x008140e0        0x0 ../cs303a2_bsp/\libhal_bsp.a(alt_icache_flush_all.o)
 .bss           0x008140e0        0x0 ../cs303a2_bsp/\libhal_bsp.a(alt_iic.o)
 .bss           0x008140e0        0x0 ../cs303a2_bsp/\libhal_bsp.a(alt_iic_isr_register.o)
 .bss           0x008140e0        0x0 ../cs303a2_bsp/\libhal_bsp.a(alt_io_redirect.o)
 .bss           0x008140e0        0x0 ../cs303a2_bsp/\libhal_bsp.a(alt_irq_entry.o)
 .bss           0x008140e0        0x0 ../cs303a2_bsp/\libhal_bsp.a(alt_irq_handler.o)
 .bss           0x008140e0        0x0 ../cs303a2_bsp/\libhal_bsp.a(alt_irq_vars.o)
 .bss           0x008140e0        0x0 ../cs303a2_bsp/\libhal_bsp.a(alt_usleep.o)
 .bss           0x008140e0        0x0 ../cs303a2_bsp/\libhal_bsp.a(altera_nios2_qsys_irq.o)
 .bss           0x008140e0        0x0 ../cs303a2_bsp/\libhal_bsp.a(alt_busy_sleep.o)
 .bss           0x008140e0        0x0 ../cs303a2_bsp/\libhal_bsp.a(alt_exception_entry.o)
 .bss           0x008140e0        0x0 ../cs303a2_bsp/\libhal_bsp.a(alt_icache_flush.o)
 .bss           0x008140e0        0x0 c:/altera/13.0/nios2eds/bin/gnu/h-i686-mingw32/bin/../lib/gcc/nios2-elf/4.1.2/../../../../nios2-elf/lib\libc.a(lib_a-atexit.o)
 .bss           0x008140e0        0x0 c:/altera/13.0/nios2eds/bin/gnu/h-i686-mingw32/bin/../lib/gcc/nios2-elf/4.1.2/../../../../nios2-elf/lib\libc.a(lib_a-ctype_.o)
 .bss           0x008140e0        0x0 c:/altera/13.0/nios2eds/bin/gnu/h-i686-mingw32/bin/../lib/gcc/nios2-elf/4.1.2/../../../../nios2-elf/lib\libc.a(lib_a-exit.o)
 .bss           0x008140e0        0x0 c:/altera/13.0/nios2eds/bin/gnu/h-i686-mingw32/bin/../lib/gcc/nios2-elf/4.1.2/../../../../nios2-elf/lib\libc.a(lib_a-memcmp.o)
 .bss           0x008140e0        0x0 c:/altera/13.0/nios2eds/bin/gnu/h-i686-mingw32/bin/../lib/gcc/nios2-elf/4.1.2/../../../../nios2-elf/lib\libc.a(lib_a-__atexit.o)
 .bss           0x008140e0        0x0 c:/altera/13.0/nios2eds/bin/gnu/h-i686-mingw32/bin/../lib/gcc/nios2-elf/4.1.2/../../../../nios2-elf/lib\libc.a(lib_a-__call_atexit.o)
 .bss           0x008140e0        0x0 ../cs303a2_bsp/\libhal_bsp.a(alt_exit.o)
 *(COMMON)
 COMMON         0x008140e0      0x100 ../cs303a2_bsp/\libhal_bsp.a(alt_irq_handler.o)
                0x008140e0                alt_irq
 COMMON         0x008141e0      0x190 c:/altera/13.0/nios2eds/bin/gnu/h-i686-mingw32/bin/../lib/gcc/nios2-elf/4.1.2/../../../../nios2-elf/lib\libc.a(lib_a-atexit.o)
                0x008141e0                _atexit0
                0x00814370                . = ALIGN (0x4)
                0x00814370                __bss_end = ABSOLUTE (.)

.sdram_controller
                0x00814370        0x0
                0x00814370                PROVIDE (_alt_partition_sdram_controller_start, ABSOLUTE (.))
 *(.sdram_controller. sdram_controller.*)
                0x00814370                . = ALIGN (0x4)
                0x00814370                PROVIDE (_alt_partition_sdram_controller_end, ABSOLUTE (.))
                0x00814370                _end = ABSOLUTE (.)
                0x00814370                end = ABSOLUTE (.)
                0x00814370                __alt_stack_base = ABSOLUTE (.)
                0x00814370                PROVIDE (_alt_partition_sdram_controller_load_addr, LOADADDR (.sdram_controller))

.onchip_mem     0x01008000        0x0 load address 0x00814370
                0x01008000                PROVIDE (_alt_partition_onchip_mem_start, ABSOLUTE (.))
 *(.onchip_mem. onchip_mem.*)
                0x01008000                . = ALIGN (0x4)
                0x01008000                PROVIDE (_alt_partition_onchip_mem_end, ABSOLUTE (.))
                0x00814370                PROVIDE (_alt_partition_onchip_mem_load_addr, LOADADDR (.onchip_mem))

.stab
 *(.stab)

.stabstr
 *(.stabstr)

.stab.excl
 *(.stab.excl)

.stab.exclstr
 *(.stab.exclstr)

.stab.index
 *(.stab.index)

.stab.indexstr
 *(.stab.indexstr)

.comment        0x00000000       0x23
 *(.comment)
 .comment       0x00000000       0x23 obj/default/hello_world.o
                                 0x24 (size before relaxing)
 .comment       0x00000000       0x24 obj/default/sccharts.o
 .comment       0x00000000       0x24 c:/altera/13.0/nios2eds/bin/gnu/h-i686-mingw32/bin/../lib/gcc/nios2-elf/4.1.2/../../../../nios2-elf/lib\libc.a(lib_a-printf.o)
 .comment       0x00000000       0x24 c:/altera/13.0/nios2eds/bin/gnu/h-i686-mingw32/bin/../lib/gcc/nios2-elf/4.1.2/../../../../nios2-elf/lib\libc.a(lib_a-puts.o)
 .comment       0x00000000       0x24 c:/altera/13.0/nios2eds/bin/gnu/h-i686-mingw32/bin/../lib/gcc/nios2-elf/4.1.2/../../../../nios2-elf/lib\libc.a(lib_a-strlen.o)
 .comment       0x00000000       0x24 c:/altera/13.0/nios2eds/bin/gnu/h-i686-mingw32/bin/../lib/gcc/nios2-elf/4.1.2/../../../../nios2-elf/lib\libc.a(lib_a-vfprintf.o)
 .comment       0x00000000       0x24 c:/altera/13.0/nios2eds/bin/gnu/h-i686-mingw32/bin/../lib/gcc/nios2-elf/4.1.2/../../../../nios2-elf/lib\libc.a(lib_a-wsetup.o)
 .comment       0x00000000       0x24 c:/altera/13.0/nios2eds/bin/gnu/h-i686-mingw32/bin/../lib/gcc/nios2-elf/4.1.2/../../../../nios2-elf/lib\libc.a(lib_a-dtoa.o)
 .comment       0x00000000       0x24 c:/altera/13.0/nios2eds/bin/gnu/h-i686-mingw32/bin/../lib/gcc/nios2-elf/4.1.2/../../../../nios2-elf/lib\libc.a(lib_a-fflush.o)
 .comment       0x00000000       0x24 c:/altera/13.0/nios2eds/bin/gnu/h-i686-mingw32/bin/../lib/gcc/nios2-elf/4.1.2/../../../../nios2-elf/lib\libc.a(lib_a-findfp.o)
 .comment       0x00000000       0x24 c:/altera/13.0/nios2eds/bin/gnu/h-i686-mingw32/bin/../lib/gcc/nios2-elf/4.1.2/../../../../nios2-elf/lib\libc.a(lib_a-freer.o)
 .comment       0x00000000       0x24 c:/altera/13.0/nios2eds/bin/gnu/h-i686-mingw32/bin/../lib/gcc/nios2-elf/4.1.2/../../../../nios2-elf/lib\libc.a(lib_a-fvwrite.o)
 .comment       0x00000000       0x24 c:/altera/13.0/nios2eds/bin/gnu/h-i686-mingw32/bin/../lib/gcc/nios2-elf/4.1.2/../../../../nios2-elf/lib\libc.a(lib_a-fwalk.o)
 .comment       0x00000000       0x24 c:/altera/13.0/nios2eds/bin/gnu/h-i686-mingw32/bin/../lib/gcc/nios2-elf/4.1.2/../../../../nios2-elf/lib\libc.a(lib_a-impure.o)
 .comment       0x00000000       0x24 c:/altera/13.0/nios2eds/bin/gnu/h-i686-mingw32/bin/../lib/gcc/nios2-elf/4.1.2/../../../../nios2-elf/lib\libc.a(lib_a-locale.o)
 .comment       0x00000000       0x24 c:/altera/13.0/nios2eds/bin/gnu/h-i686-mingw32/bin/../lib/gcc/nios2-elf/4.1.2/../../../../nios2-elf/lib\libc.a(lib_a-makebuf.o)
 .comment       0x00000000       0x24 c:/altera/13.0/nios2eds/bin/gnu/h-i686-mingw32/bin/../lib/gcc/nios2-elf/4.1.2/../../../../nios2-elf/lib\libc.a(lib_a-mallocr.o)
 .comment       0x00000000       0x24 c:/altera/13.0/nios2eds/bin/gnu/h-i686-mingw32/bin/../lib/gcc/nios2-elf/4.1.2/../../../../nios2-elf/lib\libc.a(lib_a-memchr.o)
 .comment       0x00000000       0x24 c:/altera/13.0/nios2eds/bin/gnu/h-i686-mingw32/bin/../lib/gcc/nios2-elf/4.1.2/../../../../nios2-elf/lib\libc.a(lib_a-memcpy.o)
 .comment       0x00000000       0x24 c:/altera/13.0/nios2eds/bin/gnu/h-i686-mingw32/bin/../lib/gcc/nios2-elf/4.1.2/../../../../nios2-elf/lib\libc.a(lib_a-memmove.o)
 .comment       0x00000000       0x24 c:/altera/13.0/nios2eds/bin/gnu/h-i686-mingw32/bin/../lib/gcc/nios2-elf/4.1.2/../../../../nios2-elf/lib\libc.a(lib_a-memset.o)
 .comment       0x00000000       0x24 c:/altera/13.0/nios2eds/bin/gnu/h-i686-mingw32/bin/../lib/gcc/nios2-elf/4.1.2/../../../../nios2-elf/lib\libc.a(lib_a-mprec.o)
 .comment       0x00000000       0x24 c:/altera/13.0/nios2eds/bin/gnu/h-i686-mingw32/bin/../lib/gcc/nios2-elf/4.1.2/../../../../nios2-elf/lib\libc.a(lib_a-reallocr.o)
 .comment       0x00000000       0x24 c:/altera/13.0/nios2eds/bin/gnu/h-i686-mingw32/bin/../lib/gcc/nios2-elf/4.1.2/../../../../nios2-elf/lib\libc.a(lib_a-s_isinfd.o)
 .comment       0x00000000       0x24 c:/altera/13.0/nios2eds/bin/gnu/h-i686-mingw32/bin/../lib/gcc/nios2-elf/4.1.2/../../../../nios2-elf/lib\libc.a(lib_a-s_isnand.o)
 .comment       0x00000000       0x24 c:/altera/13.0/nios2eds/bin/gnu/h-i686-mingw32/bin/../lib/gcc/nios2-elf/4.1.2/../../../../nios2-elf/lib\libc.a(lib_a-sbrkr.o)
 .comment       0x00000000       0x24 c:/altera/13.0/nios2eds/bin/gnu/h-i686-mingw32/bin/../lib/gcc/nios2-elf/4.1.2/../../../../nios2-elf/lib\libc.a(lib_a-stdio.o)
 .comment       0x00000000       0x24 c:/altera/13.0/nios2eds/bin/gnu/h-i686-mingw32/bin/../lib/gcc/nios2-elf/4.1.2/../../../../nios2-elf/lib\libc.a(lib_a-strcmp.o)
 .comment       0x00000000       0x24 c:/altera/13.0/nios2eds/bin/gnu/h-i686-mingw32/bin/../lib/gcc/nios2-elf/4.1.2/../../../../nios2-elf/lib\libc.a(lib_a-writer.o)
 .comment       0x00000000       0x24 c:/altera/13.0/nios2eds/bin/gnu/h-i686-mingw32/bin/../lib/gcc/nios2-elf/4.1.2/../../../../nios2-elf/lib\libc.a(lib_a-callocr.o)
 .comment       0x00000000       0x24 c:/altera/13.0/nios2eds/bin/gnu/h-i686-mingw32/bin/../lib/gcc/nios2-elf/4.1.2/../../../../nios2-elf/lib\libc.a(lib_a-closer.o)
 .comment       0x00000000       0x24 c:/altera/13.0/nios2eds/bin/gnu/h-i686-mingw32/bin/../lib/gcc/nios2-elf/4.1.2/../../../../nios2-elf/lib\libc.a(lib_a-fclose.o)
 .comment       0x00000000       0x24 c:/altera/13.0/nios2eds/bin/gnu/h-i686-mingw32/bin/../lib/gcc/nios2-elf/4.1.2/../../../../nios2-elf/lib\libc.a(lib_a-fstatr.o)
 .comment       0x00000000       0x24 c:/altera/13.0/nios2eds/bin/gnu/h-i686-mingw32/bin/../lib/gcc/nios2-elf/4.1.2/../../../../nios2-elf/lib\libc.a(lib_a-int_errno.o)
 .comment       0x00000000       0x24 c:/altera/13.0/nios2eds/bin/gnu/h-i686-mingw32/bin/../lib/gcc/nios2-elf/4.1.2/../../../../nios2-elf/lib\libc.a(lib_a-isattyr.o)
 .comment       0x00000000       0x24 c:/altera/13.0/nios2eds/bin/gnu/h-i686-mingw32/bin/../lib/gcc/nios2-elf/4.1.2/../../../../nios2-elf/lib\libc.a(lib_a-lseekr.o)
 .comment       0x00000000       0x24 c:/altera/13.0/nios2eds/bin/gnu/h-i686-mingw32/bin/../lib/gcc/nios2-elf/4.1.2/../../../../nios2-elf/lib\libc.a(lib_a-readr.o)
 .comment       0x00000000       0x24 c:/altera/13.0/nios2eds/bin/gnu/h-i686-mingw32/bin/../lib/gcc/nios2-elf/4.1.2\libgcc.a(_udivdi3.o)
 .comment       0x00000000       0x24 c:/altera/13.0/nios2eds/bin/gnu/h-i686-mingw32/bin/../lib/gcc/nios2-elf/4.1.2\libgcc.a(_umoddi3.o)
 .comment       0x00000000       0x24 c:/altera/13.0/nios2eds/bin/gnu/h-i686-mingw32/bin/../lib/gcc/nios2-elf/4.1.2\libgcc.a(_addsub_df.o)
 .comment       0x00000000       0x24 c:/altera/13.0/nios2eds/bin/gnu/h-i686-mingw32/bin/../lib/gcc/nios2-elf/4.1.2\libgcc.a(_mul_df.o)
 .comment       0x00000000       0x24 c:/altera/13.0/nios2eds/bin/gnu/h-i686-mingw32/bin/../lib/gcc/nios2-elf/4.1.2\libgcc.a(_div_df.o)
 .comment       0x00000000       0x24 c:/altera/13.0/nios2eds/bin/gnu/h-i686-mingw32/bin/../lib/gcc/nios2-elf/4.1.2\libgcc.a(_eq_df.o)
 .comment       0x00000000       0x24 c:/altera/13.0/nios2eds/bin/gnu/h-i686-mingw32/bin/../lib/gcc/nios2-elf/4.1.2\libgcc.a(_ne_df.o)
 .comment       0x00000000       0x24 c:/altera/13.0/nios2eds/bin/gnu/h-i686-mingw32/bin/../lib/gcc/nios2-elf/4.1.2\libgcc.a(_gt_df.o)
 .comment       0x00000000       0x24 c:/altera/13.0/nios2eds/bin/gnu/h-i686-mingw32/bin/../lib/gcc/nios2-elf/4.1.2\libgcc.a(_ge_df.o)
 .comment       0x00000000       0x24 c:/altera/13.0/nios2eds/bin/gnu/h-i686-mingw32/bin/../lib/gcc/nios2-elf/4.1.2\libgcc.a(_lt_df.o)
 .comment       0x00000000       0x24 c:/altera/13.0/nios2eds/bin/gnu/h-i686-mingw32/bin/../lib/gcc/nios2-elf/4.1.2\libgcc.a(_si_to_df.o)
 .comment       0x00000000       0x24 c:/altera/13.0/nios2eds/bin/gnu/h-i686-mingw32/bin/../lib/gcc/nios2-elf/4.1.2\libgcc.a(_df_to_si.o)
 .comment       0x00000000       0x24 c:/altera/13.0/nios2eds/bin/gnu/h-i686-mingw32/bin/../lib/gcc/nios2-elf/4.1.2\libgcc.a(_thenan_df.o)
 .comment       0x00000000       0x24 c:/altera/13.0/nios2eds/bin/gnu/h-i686-mingw32/bin/../lib/gcc/nios2-elf/4.1.2\libgcc.a(_usi_to_df.o)
 .comment       0x00000000       0x24 c:/altera/13.0/nios2eds/bin/gnu/h-i686-mingw32/bin/../lib/gcc/nios2-elf/4.1.2\libgcc.a(lib2-divmod.o)
 .comment       0x00000000       0x24 c:/altera/13.0/nios2eds/bin/gnu/h-i686-mingw32/bin/../lib/gcc/nios2-elf/4.1.2\libgcc.a(_muldi3.o)
 .comment       0x00000000       0x24 c:/altera/13.0/nios2eds/bin/gnu/h-i686-mingw32/bin/../lib/gcc/nios2-elf/4.1.2\libgcc.a(_clz.o)
 .comment       0x00000000       0x24 c:/altera/13.0/nios2eds/bin/gnu/h-i686-mingw32/bin/../lib/gcc/nios2-elf/4.1.2\libgcc.a(_clzsi2.o)
 .comment       0x00000000       0x24 c:/altera/13.0/nios2eds/bin/gnu/h-i686-mingw32/bin/../lib/gcc/nios2-elf/4.1.2\libgcc.a(_pack_df.o)
 .comment       0x00000000       0x24 c:/altera/13.0/nios2eds/bin/gnu/h-i686-mingw32/bin/../lib/gcc/nios2-elf/4.1.2\libgcc.a(_unpack_df.o)
 .comment       0x00000000       0x24 c:/altera/13.0/nios2eds/bin/gnu/h-i686-mingw32/bin/../lib/gcc/nios2-elf/4.1.2\libgcc.a(_fpcmp_parts_df.o)
 .comment       0x00000000       0x24 ../cs303a2_bsp/\libhal_bsp.a(alt_alarm_start.o)
 .comment       0x00000000       0x24 ../cs303a2_bsp/\libhal_bsp.a(alt_close.o)
 .comment       0x00000000       0x24 ../cs303a2_bsp/\libhal_bsp.a(alt_dev.o)
 .comment       0x00000000       0x24 ../cs303a2_bsp/\libhal_bsp.a(alt_errno.o)
 .comment       0x00000000       0x24 ../cs303a2_bsp/\libhal_bsp.a(alt_fstat.o)
 .comment       0x00000000       0x24 ../cs303a2_bsp/\libhal_bsp.a(alt_isatty.o)
 .comment       0x00000000       0x24 ../cs303a2_bsp/\libhal_bsp.a(alt_load.o)
 .comment       0x00000000       0x24 ../cs303a2_bsp/\libhal_bsp.a(alt_lseek.o)
 .comment       0x00000000       0x24 ../cs303a2_bsp/\libhal_bsp.a(alt_main.o)
 .comment       0x00000000       0x24 ../cs303a2_bsp/\libhal_bsp.a(alt_malloc_lock.o)
 .comment       0x00000000       0x24 ../cs303a2_bsp/\libhal_bsp.a(alt_open.o)
 .comment       0x00000000       0x24 ../cs303a2_bsp/\libhal_bsp.a(alt_read.o)
 .comment       0x00000000       0x24 ../cs303a2_bsp/\libhal_bsp.a(alt_release_fd.o)
 .comment       0x00000000       0x24 ../cs303a2_bsp/\libhal_bsp.a(alt_sbrk.o)
 .comment       0x00000000       0x24 ../cs303a2_bsp/\libhal_bsp.a(alt_tick.o)
 .comment       0x00000000       0x24 ../cs303a2_bsp/\libhal_bsp.a(alt_write.o)
 .comment       0x00000000       0x24 ../cs303a2_bsp/\libhal_bsp.a(alt_sys_init.o)
 .comment       0x00000000       0x24 ../cs303a2_bsp/\libhal_bsp.a(altera_avalon_jtag_uart_fd.o)
 .comment       0x00000000       0x24 ../cs303a2_bsp/\libhal_bsp.a(altera_avalon_jtag_uart_init.o)
 .comment       0x00000000       0x24 ../cs303a2_bsp/\libhal_bsp.a(altera_avalon_jtag_uart_ioctl.o)
 .comment       0x00000000       0x24 ../cs303a2_bsp/\libhal_bsp.a(altera_avalon_jtag_uart_read.o)
 .comment       0x00000000       0x24 ../cs303a2_bsp/\libhal_bsp.a(altera_avalon_jtag_uart_write.o)
 .comment       0x00000000       0x24 ../cs303a2_bsp/\libhal_bsp.a(altera_avalon_lcd_16207.o)
 .comment       0x00000000       0x24 ../cs303a2_bsp/\libhal_bsp.a(altera_avalon_lcd_16207_fd.o)
 .comment       0x00000000       0x24 ../cs303a2_bsp/\libhal_bsp.a(altera_avalon_timer_sc.o)
 .comment       0x00000000       0x24 ../cs303a2_bsp/\libhal_bsp.a(altera_avalon_uart_fd.o)
 .comment       0x00000000       0x24 ../cs303a2_bsp/\libhal_bsp.a(altera_avalon_uart_init.o)
 .comment       0x00000000       0x24 ../cs303a2_bsp/\libhal_bsp.a(altera_avalon_uart_read.o)
 .comment       0x00000000       0x24 ../cs303a2_bsp/\libhal_bsp.a(altera_avalon_uart_write.o)
 .comment       0x00000000       0x24 ../cs303a2_bsp/\libhal_bsp.a(alt_dcache_flush_all.o)
 .comment       0x00000000       0x24 ../cs303a2_bsp/\libhal_bsp.a(alt_dev_llist_insert.o)
 .comment       0x00000000       0x24 ../cs303a2_bsp/\libhal_bsp.a(alt_do_ctors.o)
 .comment       0x00000000       0x24 ../cs303a2_bsp/\libhal_bsp.a(alt_do_dtors.o)
 .comment       0x00000000       0x24 ../cs303a2_bsp/\libhal_bsp.a(alt_find_dev.o)
 .comment       0x00000000       0x24 ../cs303a2_bsp/\libhal_bsp.a(alt_find_file.o)
 .comment       0x00000000       0x24 ../cs303a2_bsp/\libhal_bsp.a(alt_get_fd.o)
 .comment       0x00000000       0x24 ../cs303a2_bsp/\libhal_bsp.a(alt_icache_flush_all.o)
 .comment       0x00000000       0x24 ../cs303a2_bsp/\libhal_bsp.a(alt_iic.o)
 .comment       0x00000000       0x24 ../cs303a2_bsp/\libhal_bsp.a(alt_iic_isr_register.o)
 .comment       0x00000000       0x24 ../cs303a2_bsp/\libhal_bsp.a(alt_io_redirect.o)
 .comment       0x00000000       0x24 ../cs303a2_bsp/\libhal_bsp.a(alt_irq_handler.o)
 .comment       0x00000000       0x24 ../cs303a2_bsp/\libhal_bsp.a(alt_irq_vars.o)
 .comment       0x00000000       0x24 ../cs303a2_bsp/\libhal_bsp.a(alt_usleep.o)
 .comment       0x00000000       0x24 ../cs303a2_bsp/\libhal_bsp.a(altera_nios2_qsys_irq.o)
 .comment       0x00000000       0x24 ../cs303a2_bsp/\libhal_bsp.a(alt_busy_sleep.o)
 .comment       0x00000000       0x24 ../cs303a2_bsp/\libhal_bsp.a(alt_icache_flush.o)
 .comment       0x00000000       0x24 c:/altera/13.0/nios2eds/bin/gnu/h-i686-mingw32/bin/../lib/gcc/nios2-elf/4.1.2/../../../../nios2-elf/lib\libc.a(lib_a-atexit.o)
 .comment       0x00000000       0x24 c:/altera/13.0/nios2eds/bin/gnu/h-i686-mingw32/bin/../lib/gcc/nios2-elf/4.1.2/../../../../nios2-elf/lib\libc.a(lib_a-ctype_.o)
 .comment       0x00000000       0x24 c:/altera/13.0/nios2eds/bin/gnu/h-i686-mingw32/bin/../lib/gcc/nios2-elf/4.1.2/../../../../nios2-elf/lib\libc.a(lib_a-exit.o)
 .comment       0x00000000       0x24 c:/altera/13.0/nios2eds/bin/gnu/h-i686-mingw32/bin/../lib/gcc/nios2-elf/4.1.2/../../../../nios2-elf/lib\libc.a(lib_a-memcmp.o)
 .comment       0x00000000       0x24 c:/altera/13.0/nios2eds/bin/gnu/h-i686-mingw32/bin/../lib/gcc/nios2-elf/4.1.2/../../../../nios2-elf/lib\libc.a(lib_a-__atexit.o)
 .comment       0x00000000       0x24 c:/altera/13.0/nios2eds/bin/gnu/h-i686-mingw32/bin/../lib/gcc/nios2-elf/4.1.2/../../../../nios2-elf/lib\libc.a(lib_a-__call_atexit.o)
 .comment       0x00000000       0x24 ../cs303a2_bsp/\libhal_bsp.a(alt_exit.o)

.debug
 *(.debug)

.line
 *(.line)

.debug_srcinfo
 *(.debug_srcinfo)

.debug_sfnames
 *(.debug_sfnames)

.debug_aranges  0x00000000      0xd98
 *(.debug_aranges)
 .debug_aranges
                0x00000000       0x28 ../cs303a2_bsp//obj/HAL/src/crt0.o
 .debug_aranges
                0x00000028       0x20 obj/default/hello_world.o
 .debug_aranges
                0x00000048       0x20 obj/default/sccharts.o
 .debug_aranges
                0x00000068       0x20 c:/altera/13.0/nios2eds/bin/gnu/h-i686-mingw32/bin/../lib/gcc/nios2-elf/4.1.2/../../../../nios2-elf/lib\libc.a(lib_a-printf.o)
 .debug_aranges
                0x00000088       0x20 c:/altera/13.0/nios2eds/bin/gnu/h-i686-mingw32/bin/../lib/gcc/nios2-elf/4.1.2/../../../../nios2-elf/lib\libc.a(lib_a-puts.o)
 .debug_aranges
                0x000000a8       0x20 c:/altera/13.0/nios2eds/bin/gnu/h-i686-mingw32/bin/../lib/gcc/nios2-elf/4.1.2/../../../../nios2-elf/lib\libc.a(lib_a-strlen.o)
 .debug_aranges
                0x000000c8       0x20 c:/altera/13.0/nios2eds/bin/gnu/h-i686-mingw32/bin/../lib/gcc/nios2-elf/4.1.2/../../../../nios2-elf/lib\libc.a(lib_a-vfprintf.o)
 .debug_aranges
                0x000000e8       0x20 c:/altera/13.0/nios2eds/bin/gnu/h-i686-mingw32/bin/../lib/gcc/nios2-elf/4.1.2/../../../../nios2-elf/lib\libc.a(lib_a-wsetup.o)
 .debug_aranges
                0x00000108       0x20 c:/altera/13.0/nios2eds/bin/gnu/h-i686-mingw32/bin/../lib/gcc/nios2-elf/4.1.2/../../../../nios2-elf/lib\libc.a(lib_a-dtoa.o)
 .debug_aranges
                0x00000128       0x20 c:/altera/13.0/nios2eds/bin/gnu/h-i686-mingw32/bin/../lib/gcc/nios2-elf/4.1.2/../../../../nios2-elf/lib\libc.a(lib_a-fflush.o)
 .debug_aranges
                0x00000148       0x20 c:/altera/13.0/nios2eds/bin/gnu/h-i686-mingw32/bin/../lib/gcc/nios2-elf/4.1.2/../../../../nios2-elf/lib\libc.a(lib_a-findfp.o)
 .debug_aranges
                0x00000168       0x20 c:/altera/13.0/nios2eds/bin/gnu/h-i686-mingw32/bin/../lib/gcc/nios2-elf/4.1.2/../../../../nios2-elf/lib\libc.a(lib_a-freer.o)
 .debug_aranges
                0x00000188       0x20 c:/altera/13.0/nios2eds/bin/gnu/h-i686-mingw32/bin/../lib/gcc/nios2-elf/4.1.2/../../../../nios2-elf/lib\libc.a(lib_a-fvwrite.o)
 .debug_aranges
                0x000001a8       0x20 c:/altera/13.0/nios2eds/bin/gnu/h-i686-mingw32/bin/../lib/gcc/nios2-elf/4.1.2/../../../../nios2-elf/lib\libc.a(lib_a-fwalk.o)
 .debug_aranges
                0x000001c8       0x20 c:/altera/13.0/nios2eds/bin/gnu/h-i686-mingw32/bin/../lib/gcc/nios2-elf/4.1.2/../../../../nios2-elf/lib\libc.a(lib_a-locale.o)
 .debug_aranges
                0x000001e8       0x20 c:/altera/13.0/nios2eds/bin/gnu/h-i686-mingw32/bin/../lib/gcc/nios2-elf/4.1.2/../../../../nios2-elf/lib\libc.a(lib_a-makebuf.o)
 .debug_aranges
                0x00000208       0x20 c:/altera/13.0/nios2eds/bin/gnu/h-i686-mingw32/bin/../lib/gcc/nios2-elf/4.1.2/../../../../nios2-elf/lib\libc.a(lib_a-mallocr.o)
 .debug_aranges
                0x00000228       0x20 c:/altera/13.0/nios2eds/bin/gnu/h-i686-mingw32/bin/../lib/gcc/nios2-elf/4.1.2/../../../../nios2-elf/lib\libc.a(lib_a-memchr.o)
 .debug_aranges
                0x00000248       0x20 c:/altera/13.0/nios2eds/bin/gnu/h-i686-mingw32/bin/../lib/gcc/nios2-elf/4.1.2/../../../../nios2-elf/lib\libc.a(lib_a-memcpy.o)
 .debug_aranges
                0x00000268       0x20 c:/altera/13.0/nios2eds/bin/gnu/h-i686-mingw32/bin/../lib/gcc/nios2-elf/4.1.2/../../../../nios2-elf/lib\libc.a(lib_a-memmove.o)
 .debug_aranges
                0x00000288       0x20 c:/altera/13.0/nios2eds/bin/gnu/h-i686-mingw32/bin/../lib/gcc/nios2-elf/4.1.2/../../../../nios2-elf/lib\libc.a(lib_a-memset.o)
 .debug_aranges
                0x000002a8       0x20 c:/altera/13.0/nios2eds/bin/gnu/h-i686-mingw32/bin/../lib/gcc/nios2-elf/4.1.2/../../../../nios2-elf/lib\libc.a(lib_a-mprec.o)
 .debug_aranges