Archive member included because of file (symbol)

c:/altera/13.0/nios2eds/bin/gnu/h-i686-mingw32/bin/../lib/gcc/nios2-elf/4.1.2/../../../../nios2-elf/lib\libc.a(lib_a-printf.o)
                              obj/default/hello_world.o (printf)
c:/altera/13.0/nios2eds/bin/gnu/h-i686-mingw32/bin/../lib/gcc/nios2-elf/4.1.2/../../../../nios2-elf/lib\libc.a(lib_a-vfprintf.o)
                              c:/altera/13.0/nios2eds/bin/gnu/h-i686-mingw32/bin/../lib/gcc/nios2-elf/4.1.2/../../../../nios2-elf/lib\libc.a(lib_a-printf.o) (___vfprintf_internal_r)
c:/altera/13.0/nios2eds/bin/gnu/h-i686-mingw32/bin/../lib/gcc/nios2-elf/4.1.2/../../../../nios2-elf/lib\libc.a(lib_a-wsetup.o)
                              c:/altera/13.0/nios2eds/bin/gnu/h-i686-mingw32/bin/../lib/gcc/nios2-elf/4.1.2/../../../../nios2-elf/lib\libc.a(lib_a-vfprintf.o) (__swsetup_r)
c:/altera/13.0/nios2eds/bin/gnu/h-i686-mingw32/bin/../lib/gcc/nios2-elf/4.1.2/../../../../nios2-elf/lib\libc.a(lib_a-dtoa.o)
                              c:/altera/13.0/nios2eds/bin/gnu/h-i686-mingw32/bin/../lib/gcc/nios2-elf/4.1.2/../../../../nios2-elf/lib\libc.a(lib_a-vfprintf.o) (_dtoa_r)
c:/altera/13.0/nios2eds/bin/gnu/h-i686-mingw32/bin/../lib/gcc/nios2-elf/4.1.2/../../../../nios2-elf/lib\libc.a(lib_a-fflush.o)
                              c:/altera/13.0/nios2eds/bin/gnu/h-i686-mingw32/bin/../lib/gcc/nios2-elf/4.1.2/../../../../nios2-elf/lib\libc.a(lib_a-vfprintf.o) (_fflush_r)
c:/altera/13.0/nios2eds/bin/gnu/h-i686-mingw32/bin/../lib/gcc/nios2-elf/4.1.2/../../../../nios2-elf/lib\libc.a(lib_a-findfp.o)
                              c:/altera/13.0/nios2eds/bin/gnu/h-i686-mingw32/bin/../lib/gcc/nios2-elf/4.1.2/../../../../nios2-elf/lib\libc.a(lib_a-vfprintf.o) (__sinit)
c:/altera/13.0/nios2eds/bin/gnu/h-i686-mingw32/bin/../lib/gcc/nios2-elf/4.1.2/../../../../nios2-elf/lib\libc.a(lib_a-freer.o)
                              c:/altera/13.0/nios2eds/bin/gnu/h-i686-mingw32/bin/../lib/gcc/nios2-elf/4.1.2/../../../../nios2-elf/lib\libc.a(lib_a-wsetup.o) (_free_r)
c:/altera/13.0/nios2eds/bin/gnu/h-i686-mingw32/bin/../lib/gcc/nios2-elf/4.1.2/../../../../nios2-elf/lib\libc.a(lib_a-fvwrite.o)
                              c:/altera/13.0/nios2eds/bin/gnu/h-i686-mingw32/bin/../lib/gcc/nios2-elf/4.1.2/../../../../nios2-elf/lib\libc.a(lib_a-vfprintf.o) (__sfvwrite_r)
c:/altera/13.0/nios2eds/bin/gnu/h-i686-mingw32/bin/../lib/gcc/nios2-elf/4.1.2/../../../../nios2-elf/lib\libc.a(lib_a-fwalk.o)
                              c:/altera/13.0/nios2eds/bin/gnu/h-i686-mingw32/bin/../lib/gcc/nios2-elf/4.1.2/../../../../nios2-elf/lib\libc.a(lib_a-fflush.o) (_fwalk_reent)
c:/altera/13.0/nios2eds/bin/gnu/h-i686-mingw32/bin/../lib/gcc/nios2-elf/4.1.2/../../../../nios2-elf/lib\libc.a(lib_a-impure.o)
                              c:/altera/13.0/nios2eds/bin/gnu/h-i686-mingw32/bin/../lib/gcc/nios2-elf/4.1.2/../../../../nios2-elf/lib\libc.a(lib_a-printf.o) (_impure_ptr)
c:/altera/13.0/nios2eds/bin/gnu/h-i686-mingw32/bin/../lib/gcc/nios2-elf/4.1.2/../../../../nios2-elf/lib\libc.a(lib_a-locale.o)
                              c:/altera/13.0/nios2eds/bin/gnu/h-i686-mingw32/bin/../lib/gcc/nios2-elf/4.1.2/../../../../nios2-elf/lib\libc.a(lib_a-vfprintf.o) (_localeconv_r)
c:/altera/13.0/nios2eds/bin/gnu/h-i686-mingw32/bin/../lib/gcc/nios2-elf/4.1.2/../../../../nios2-elf/lib\libc.a(lib_a-makebuf.o)
                              c:/altera/13.0/nios2eds/bin/gnu/h-i686-mingw32/bin/../lib/gcc/nios2-elf/4.1.2/../../../../nios2-elf/lib\libc.a(lib_a-wsetup.o) (__smakebuf_r)
c:/altera/13.0/nios2eds/bin/gnu/h-i686-mingw32/bin/../lib/gcc/nios2-elf/4.1.2/../../../../nios2-elf/lib\libc.a(lib_a-mallocr.o)
                              c:/altera/13.0/nios2eds/bin/gnu/h-i686-mingw32/bin/../lib/gcc/nios2-elf/4.1.2/../../../../nios2-elf/lib\libc.a(lib_a-findfp.o) (_malloc_r)
c:/altera/13.0/nios2eds/bin/gnu/h-i686-mingw32/bin/../lib/gcc/nios2-elf/4.1.2/../../../../nios2-elf/lib\libc.a(lib_a-memchr.o)
                              c:/altera/13.0/nios2eds/bin/gnu/h-i686-mingw32/bin/../lib/gcc/nios2-elf/4.1.2/../../../../nios2-elf/lib\libc.a(lib_a-vfprintf.o) (memchr)
c:/altera/13.0/nios2eds/bin/gnu/h-i686-mingw32/bin/../lib/gcc/nios2-elf/4.1.2/../../../../nios2-elf/lib\libc.a(lib_a-memcpy.o)
                              c:/altera/13.0/nios2eds/bin/gnu/h-i686-mingw32/bin/../lib/gcc/nios2-elf/4.1.2/../../../../nios2-elf/lib\libc.a(lib_a-dtoa.o) (memcpy)
c:/altera/13.0/nios2eds/bin/gnu/h-i686-mingw32/bin/../lib/gcc/nios2-elf/4.1.2/../../../../nios2-elf/lib\libc.a(lib_a-memmove.o)
                              c:/altera/13.0/nios2eds/bin/gnu/h-i686-mingw32/bin/../lib/gcc/nios2-elf/4.1.2/../../../../nios2-elf/lib\libc.a(lib_a-fvwrite.o) (memmove)
c:/altera/13.0/nios2eds/bin/gnu/h-i686-mingw32/bin/../lib/gcc/nios2-elf/4.1.2/../../../../nios2-elf/lib\libc.a(lib_a-memset.o)
[...]
Memory Configuration

Name             Origin             Length             Attributes
reset            0x00800000         0x00000020
sdram_controller 0x00800020         0x007fffe0
onchip_mem       0x01008000         0x00008000
*default*        0x00000000         0xffffffff

Linker script and memory map

LOAD ../cs303a2_bsp//obj/HAL/src/crt0.o
LOAD obj/default/hello_world.o
LOAD obj/default/sccharts.o
LOAD c:/altera/13.0/nios2eds/bin/gnu/h-i686-mingw32/bin/../lib/gcc/nios2-elf/4.1.2/../../../../nios2-elf/lib\libstdc++.a
LOAD c:/altera/13.0/nios2eds/bin/gnu/h-i686-mingw32/bin/../lib/gcc/nios2-elf/4.1.2/../../../../nios2-elf/lib\libm.a
LOAD c:/altera/13.0/nios2eds/bin/gnu/h-i686-mingw32/bin/../lib/gcc/nios2-elf/4.1.2\libgcc.a
START GROUP
LOAD c:/altera/13.0/nios2eds/bin/gnu/h-i686-mingw32/bin/../lib/gcc/nios2-elf/4.1.2/../../../../nios2-elf/lib\libc.a
LOAD c:/altera/13.0/nios2eds/bin/gnu/h-i686-mingw32/bin/../lib/gcc/nios2-elf/4.1.2\libgcc.a
LOAD ../cs303a2_bsp/\libhal_bsp.a
END GROUP
LOAD c:/altera/13.0/nios2eds/bin/gnu/h-i686-mingw32/bin/../lib/gcc/nios2-elf/4.1.2\libgcc.a
                0x00800000                __alt_mem_sdram_controller = 0x800000
                0x01008000                __alt_mem_onchip_mem = 0x1008000

.entry          0x00800000       0x20
 *(.entry)
 .entry         0x00800000       0x20 ../cs303a2_bsp//obj/HAL/src/crt0.o
                0x00800000                __reset

.exceptions     0x00800020      0x194
                0x00800020                PROVIDE (__ram_exceptions_start, ABSOLUTE (.))
                0x00800020                . = ALIGN (0x20)
 *(.irq)
 *(.exceptions.entry.label)
 .exceptions.entry.label
                0x00800020        0x0 ../cs303a2_bsp/\libhal_bsp.a(alt_irq_entry.o)
                0x00800020                alt_irq_entry
 .exceptions.entry.label
                0x00800020        0x0 ../cs303a2_bsp/\libhal_bsp.a(alt_exception_entry.o)
                0x00800020                alt_exception
 *(.exceptions.entry.user)
 *(.exceptions.entry)
 .exceptions.entry
                0x00800020       0x54 ../cs303a2_bsp/\libhal_bsp.a(alt_exception_entry.o)
 *(.exceptions.irqtest.user)
 *(.exceptions.irqtest)
 .exceptions.irqtest
                0x00800074       0x10 ../cs303a2_bsp/\libhal_bsp.a(alt_irq_entry.o)
 *(.exceptions.irqhandler.user)
 *(.exceptions.irqhandler)
 .exceptions.irqhandler
                0x00800084        0x4 ../cs303a2_bsp/\libhal_bsp.a(alt_irq_entry.o)
 *(.exceptions.irqreturn.user)
 *(.exceptions.irqreturn)
 .exceptions.irqreturn
                0x00800088        0x4 ../cs303a2_bsp/\libhal_bsp.a(alt_irq_entry.o)
 *(.exceptions.notirq.label)
 .exceptions.notirq.label
                0x0080008c        0x0 ../cs303a2_bsp/\libhal_bsp.a(alt_irq_entry.o)
 *(.exceptions.notirq.user)
 *(.exceptions.notirq)
 .exceptions.notirq
                0x0080008c        0x8 ../cs303a2_bsp/\libhal_bsp.a(alt_exception_entry.o)
 *(.exceptions.soft.user)
 *(.exceptions.soft)
 *(.exceptions.unknown.user)
 *(.exceptions.unknown)
 .exceptions.unknown
                0x00800094        0x4 ../cs303a2_bsp/\libhal_bsp.a(alt_exception_entry.o)
 *(.exceptions.exit.label)
 .exceptions.exit.label
                0x00800098        0x0 ../cs303a2_bsp/\libhal_bsp.a(alt_irq_entry.o)
 .exceptions.exit.label
                0x00800098        0x0 ../cs303a2_bsp/\libhal_bsp.a(alt_exception_entry.o)
 *(.exceptions.exit.user)
 *(.exceptions.exit)
 .exceptions.exit
                0x00800098       0x54 ../cs303a2_bsp/\libhal_bsp.a(alt_exception_entry.o)
 *(.exceptions)
 .exceptions    0x008000ec       0xc8 ../cs303a2_bsp/\libhal_bsp.a(alt_irq_handler.o)
                0x008000ec                alt_irq_handler
                0x008001b4                PROVIDE (__ram_exceptions_end, ABSOLUTE (.))
                0x00800020                PROVIDE (__flash_exceptions_start, LOADADDR (.exceptions))

.text           0x008001b4    0x112bc
                0x008001b4                PROVIDE (stext, ABSOLUTE (.))
 *(.interp)
 *(.hash)
 *(.dynsym)
 *(.dynstr)
 *(.gnu.version)
 *(.gnu.version_d)
 *(.gnu.version_r)
 *(.rel.init)
 *(.rela.init)
 *(.rel.text .rel.text.* .rel.gnu.linkonce.t.*)
 *(.rela.text .rela.text.* .rela.gnu.linkonce.t.*)
 *(.rel.fini)
 *(.rela.fini)
 *(.rel.rodata .rel.rodata.* .rel.gnu.linkonce.r.*)
 *(.rela.rodata .rela.rodata.* .rela.gnu.linkonce.r.*)
 *(.rel.data .rel.data.* .rel.gnu.linkonce.d.*)
 *(.rela.data .rela.data.* .rela.gnu.linkonce.d.*)
 *(.rel.tdata .rel.tdata.* .rel.gnu.linkonce.td.*)
 *(.rela.tdata .rela.tdata.* .rela.gnu.linkonce.td.*)
 *(.rel.tbss .rel.tbss.* .rel.gnu.linkonce.tb.*)
 *(.rela.tbss .rela.tbss.* .rela.gnu.linkonce.tb.*)
 *(.rel.ctors)
 *(.rela.ctors)
 *(.rel.dtors)
 *(.rela.dtors)
 *(.rel.got)
 *(.rela.got)
 *(.rel.sdata .rel.sdata.* .rel.gnu.linkonce.s.*)
 *(.rela.sdata .rela.sdata.* .rela.gnu.linkonce.s.*)
 *(.rel.sbss .rel.sbss.* .rel.gnu.linkonce.sb.*)
 *(.rela.sbss .rela.sbss.* .rela.gnu.linkonce.sb.*)
 *(.rel.sdata2 .rel.sdata2.* .rel.gnu.linkonce.s2.*)
 *(.rela.sdata2 .rela.sdata2.* .rela.gnu.linkonce.s2.*)
 *(.rel.sbss2 .rel.sbss2.* .rel.gnu.linkonce.sb2.*)
 *(.rela.sbss2 .rela.sbss2.* .rela.gnu.linkonce.sb2.*)
 *(.rel.bss .rel.bss.* .rel.gnu.linkonce.b.*)
 *(.rela.bss .rela.bss.* .rela.gnu.linkonce.b.*)
 *(.rel.plt)
 *(.rela.plt)
 *(.rel.dyn)
 *(.init)
 *(.plt)
 *(.text .stub .text.* .gnu.linkonce.t.*)
 .text          0x008001b4       0x4c ../cs303a2_bsp//obj/HAL/src/crt0.o
                0x008001b4                _start
 .text          0x00800200      0x498 obj/default/hello_world.o
                0x00800200                timer_isr_function
                0x00800238                led_off_isr_function
                0x00800268                button_isr_function
                0x008002e4                main
 .text          0x00800698     0x3054 obj/default/sccharts.o
                0x00800698                reset
                0x00800738                tick
 .text          0x008036ec       0x78 c:/altera/13.0/nios2eds/bin/gnu/h-i686-mingw32/bin/../lib/gcc/nios2-elf/4.1.2/../../../../nios2-elf/lib\libc.a(lib_a-printf.o)
                0x008036ec                printf
                0x00803730                _printf_r
 .text          0x00803764     0x1f28 c:/altera/13.0/nios2eds/bin/gnu/h-i686-mingw32/bin/../lib/gcc/nios2-elf/4.1.2/../../../../nios2-elf/lib\libc.a(lib_a-vfprintf.o)
                0x008037bc                ___vfprintf_internal_r
                0x00805668                __vfprintf_internal
 .text          0x0080568c      0x13c c:/altera/13.0/nios2eds/bin/gnu/h-i686-mingw32/bin/../lib/gcc/nios2-elf/4.1.2/../../../../nios2-elf/lib\libc.a(lib_a-wsetup.o)
                0x0080568c                __swsetup_r
 .text          0x008057c8     0x17cc c:/altera/13.0/nios2eds/bin/gnu/h-i686-mingw32/bin/../lib/gcc/nios2-elf/4.1.2/../../../../nios2-elf/lib\libc.a(lib_a-dtoa.o)
                0x008059e0                _dtoa_r
 .text          0x00806f94      0x230 c:/altera/13.0/nios2eds/bin/gnu/h-i686-mingw32/bin/../lib/gcc/nios2-elf/4.1.2/../../../../nios2-elf/lib\libc.a(lib_a-fflush.o)
                0x00806f94                _fflush_r
                0x00807190                fflush
 .text          0x008071c4      0x2c0 c:/altera/13.0/nios2eds/bin/gnu/h-i686-mingw32/bin/../lib/gcc/nios2-elf/4.1.2/../../../../nios2-elf/lib\libc.a(lib_a-findfp.o)
                0x0080721c                __sfp_lock_acquire
                0x00807220                __sfp_lock_release
                0x00807224                __sinit_lock_acquire
                0x00807228                __sinit_lock_release
                0x0080722c                __sinit
                0x008072e0                __fp_unlock_all
                0x008072f8                __fp_lock_all
                0x00807310                _cleanup_r
                0x0080731c                _cleanup
                0x0080732c                __sfmoreglue
                0x00807394                __sfp
 .text          0x00807484      0x440 c:/altera/13.0/nios2eds/bin/gnu/h-i686-mingw32/bin/../lib/gcc/nios2-elf/4.1.2/../../../../nios2-elf/lib\libc.a(lib_a-freer.o)
                0x00807484                _malloc_trim_r
                0x008075b0                _free_r
 .text          0x008078c4      0x49c c:/altera/13.0/nios2eds/bin/gnu/h-i686-mingw32/bin/../lib/gcc/nios2-elf/4.1.2/../../../../nios2-elf/lib\libc.a(lib_a-fvwrite.o)
                0x008078c4                __sfvwrite_r
 .text          0x00807d60      0x180 c:/altera/13.0/nios2eds/bin/gnu/h-i686-mingw32/bin/../lib/gcc/nios2-elf/4.1.2/../../../../nios2-elf/lib\libc.a(lib_a-fwalk.o)
                0x00807d60                _fwalk_reent
                0x00807e28                _fwalk
 .text          0x00807ee0        0x0 c:/altera/13.0/nios2eds/bin/gnu/h-i686-mingw32/bin/../lib/gcc/nios2-elf/4.1.2/../../../../nios2-elf/lib\libc.a(lib_a-impure.o)
 .text          0x00807ee0       0xc4 c:/altera/13.0/nios2eds/bin/gnu/h-i686-mingw32/bin/../lib/gcc/nios2-elf/4.1.2/../../../../nios2-elf/lib\libc.a(lib_a-locale.o)
                0x00807ee0                __locale_charset
                0x00807ee8                _localeconv_r
                0x00807ef4                localeconv
                0x00807f04                _setlocale_r
                0x00807f88                setlocale
 .text          0x00807fa4      0x194 c:/altera/13.0/nios2eds/bin/gnu/h-i686-mingw32/bin/../lib/gcc/nios2-elf/4.1.2/../../../../nios2-elf/lib\libc.a(lib_a-makebuf.o)
                0x00807fa4                __smakebuf_r
 .text          0x00808138      0x740 c:/altera/13.0/nios2eds/bin/gnu/h-i686-mingw32/bin/../lib/gcc/nios2-elf/4.1.2/../../../../nios2-elf/lib\libc.a(lib_a-mallocr.o)
                0x00808138                _malloc_r
 .text          0x00808878       0xe4 c:/altera/13.0/nios2eds/bin/gnu/h-i686-mingw32/bin/../lib/gcc/nios2-elf/4.1.2/../../../../nios2-elf/lib\libc.a(lib_a-memchr.o)
                0x00808878                memchr
 .text          0x0080895c       0xa0 c:/altera/13.0/nios2eds/bin/gnu/h-i686-mingw32/bin/../lib/gcc/nios2-elf/4.1.2/../../../../nios2-elf/lib\libc.a(lib_a-memcpy.o)
                0x0080895c                memcpy
 .text          0x008089fc       0xe0 c:/altera/13.0/nios2eds/bin/gnu/h-i686-mingw32/bin/../lib/gcc/nios2-elf/4.1.2/../../../../nios2-elf/lib\libc.a(lib_a-memmove.o)
                0x008089fc                memmove
 .text          0x00808adc       0x98 c:/altera/13.0/nios2eds/bin/gnu/h-i686-mingw32/bin/../lib/gcc/nios2-elf/4.1.2/../../../../nios2-elf/lib\libc.a(lib_a-memset.o)
                0x00808adc                memset
 .text          0x00808b74      0xff4 c:/altera/13.0/nios2eds/bin/gnu/h-i686-mingw32/bin/../lib/gcc/nios2-elf/4.1.2/../../../../nios2-elf/lib\libc.a(lib_a-mprec.o)
                0x00808b74                _Bfree
                0x00808b9c                __hi0bits
                0x00808c0c                __lo0bits
                0x00808cd0                __mcmp
                0x00808d30                __ulp
                0x00808db0                __b2d
                0x00808ed0                __ratio
                0x00808f80                _mprec_log10
                0x00809014                __copybits
                0x0080906c                __any_on
                0x008090f4                _Balloc
                0x008091b0                __d2b
                0x0080932c                __mdiff
                0x008094b8                __lshift
                0x00809604                __multiply
                0x008097ec                __i2b
                0x00809828                __multadd
                0x00809928                __pow5mult
                0x00809a48                __s2b
 .text          0x00809b68      0x5f4 c:/altera/13.0/nios2eds/bin/gnu/h-i686-mingw32/bin/../lib/gcc/nios2-elf/4.1.2/../../../../nios2-elf/lib\libc.a(lib_a-reallocr.o)
                0x00809b68                _realloc_r
 .text          0x0080a15c       0x40 c:/altera/13.0/nios2eds/bin/gnu/h-i686-mingw32/bin/../lib/gcc/nios2-elf/4.1.2/../../../../nios2-elf/lib\libc.a(lib_a-s_isinfd.o)
                0x0080a15c                __isinfd
 .text          0x0080a19c       0x30 c:/altera/13.0/nios2eds/bin/gnu/h-i686-mingw32/bin/../lib/gcc/nios2-elf/4.1.2/../../../../nios2-elf/lib\libc.a(lib_a-s_isnand.o)
                0x0080a19c                __isnand
 .text          0x0080a1cc       0x70 c:/altera/13.0/nios2eds/bin/gnu/h-i686-mingw32/bin/../lib/gcc/nios2-elf/4.1.2/../../../../nios2-elf/lib\libc.a(lib_a-sbrkr.o)
                0x0080a1cc                _sbrk_r
 .text          0x0080a23c      0x14c c:/altera/13.0/nios2eds/bin/gnu/h-i686-mingw32/bin/../lib/gcc/nios2-elf/4.1.2/../../../../nios2-elf/lib\libc.a(lib_a-stdio.o)
                0x0080a23c                __sclose
                0x0080a244                __sseek
                0x0080a2ac                __swrite
                0x0080a328                __sread
 .text          0x0080a388       0xbc c:/altera/13.0/nios2eds/bin/gnu/h-i686-mingw32/bin/../lib/gcc/nios2-elf/4.1.2/../../../../nios2-elf/lib\libc.a(lib_a-strcmp.o)
                0x0080a388                strcmp
 .text          0x0080a444       0x74 c:/altera/13.0/nios2eds/bin/gnu/h-i686-mingw32/bin/../lib/gcc/nios2-elf/4.1.2/../../../../nios2-elf/lib\libc.a(lib_a-strlen.o)
                0x0080a444                strlen
 .text          0x0080a4b8       0x78 c:/altera/13.0/nios2eds/bin/gnu/h-i686-mingw32/bin/../lib/gcc/nios2-elf/4.1.2/../../../../nios2-elf/lib\libc.a(lib_a-writer.o)
                0x0080a4b8                _write_r
 .text          0x0080a530       0xb4 c:/altera/13.0/nios2eds/bin/gnu/h-i686-mingw32/bin/../lib/gcc/nios2-elf/4.1.2/../../../../nios2-elf/lib\libc.a(lib_a-callocr.o)
                0x0080a530                _calloc_r
 .text          0x0080a5e4       0x70 c:/altera/13.0/nios2eds/bin/gnu/h-i686-mingw32/bin/../lib/gcc/nios2-elf/4.1.2/../../../../nios2-elf/lib\libc.a(lib_a-closer.o)
                0x0080a5e4                _close_r
 .text          0x0080a654      0x124 c:/altera/13.0/nios2eds/bin/gnu/h-i686-mingw32/bin/../lib/gcc/nios2-elf/4.1.2/../../../../nios2-elf/lib\libc.a(lib_a-fclose.o)
                0x0080a654                _fclose_r
                0x0080a764                fclose
 .text          0x0080a778       0x74 c:/altera/13.0/nios2eds/bin/gnu/h-i686-mingw32/bin/../lib/gcc/nios2-elf/4.1.2/../../../../nios2-elf/lib\libc.a(lib_a-fstatr.o)
                0x0080a778                _fstat_r
 .text          0x0080a7ec        0x0 c:/altera/13.0/nios2eds/bin/gnu/h-i686-mingw32/bin/../lib/gcc/nios2-elf/4.1.2/../../../../nios2-elf/lib\libc.a(lib_a-int_errno.o)
 .text          0x0080a7ec       0x70 c:/altera/13.0/nios2eds/bin/gnu/h-i686-mingw32/bin/../lib/gcc/nios2-elf/4.1.2/../../../../nios2-elf/lib\libc.a(lib_a-isattyr.o)
                0x0080a7ec                _isatty_r
 .text          0x0080a85c       0x78 c:/altera/13.0/nios2eds/bin/gnu/h-i686-mingw32/bin/../lib/gcc/nios2-elf/4.1.2/../../../../nios2-elf/lib\libc.a(lib_a-lseekr.o)
                0x0080a85c                _lseek_r
 .text          0x0080a8d4       0x78 c:/altera/13.0/nios2eds/bin/gnu/h-i686-mingw32/bin/../lib/gcc/nios2-elf/4.1.2/../../../../nios2-elf/lib\libc.a(lib_a-readr.o)
                0x0080a8d4                _read_r
 .text          0x0080a94c      0x5dc c:/altera/13.0/nios2eds/bin/gnu/h-i686-mingw32/bin/../lib/gcc/nios2-elf/4.1.2\libgcc.a(_udivdi3.o)
                0x0080a94c                __udivdi3
 .text          0x0080af28      0x5b0 c:/altera/13.0/nios2eds/bin/gnu/h-i686-mingw32/bin/../lib/gcc/nios2-elf/4.1.2\libgcc.a(_umoddi3.o)
                0x0080af28                __umoddi3
 .text          0x0080b4d8      0x504 c:/altera/13.0/nios2eds/bin/gnu/h-i686-mingw32/bin/../lib/gcc/nios2-elf/4.1.2\libgcc.a(_addsub_df.o)
                0x0080b8e8                __subdf3
                0x0080b968                __adddf3
 .text          0x0080b9dc      0x3c4 c:/altera/13.0/nios2eds/bin/gnu/h-i686-mingw32/bin/../lib/gcc/nios2-elf/4.1.2\libgcc.a(_mul_df.o)
                0x0080b9dc                __muldf3
 .text          0x0080bda0      0x258 c:/altera/13.0/nios2eds/bin/gnu/h-i686-mingw32/bin/../lib/gcc/nios2-elf/4.1.2\libgcc.a(_div_df.o)
                0x0080bda0                __divdf3
 .text          0x0080bff8       0x88 c:/altera/13.0/nios2eds/bin/gnu/h-i686-mingw32/bin/../lib/gcc/nios2-elf/4.1.2\libgcc.a(_eq_df.o)
                0x0080bff8                __eqdf2
 .text          0x0080c080       0x88 c:/altera/13.0/nios2eds/bin/gnu/h-i686-mingw32/bin/../lib/gcc/nios2-elf/4.1.2\libgcc.a(_ne_df.o)
                0x0080c080                __nedf2
 .text          0x0080c108       0x88 c:/altera/13.0/nios2eds/bin/gnu/h-i686-mingw32/bin/../lib/gcc/nios2-elf/4.1.2\libgcc.a(_gt_df.o)
                0x0080c108                __gtdf2
 .text          0x0080c190       0x88 c:/altera/13.0/nios2eds/bin/gnu/h-i686-mingw32/bin/../lib/gcc/nios2-elf/4.1.2\libgcc.a(_ge_df.o)
                0x0080c190                __gedf2
 .text          0x0080c218       0x88 c:/altera/13.0/nios2eds/bin/gnu/h-i686-mingw32/bin/../lib/gcc/nios2-elf/4.1.2\libgcc.a(_lt_df.o)
                0x0080c218                __ltdf2
 .text          0x0080c2a0       0xf8 c:/altera/13.0/nios2eds/bin/gnu/h-i686-mingw32/bin/../lib/gcc/nios2-elf/4.1.2\libgcc.a(_si_to_df.o)
                0x0080c2a0                __floatsidf
 .text          0x0080c398       0xd8 c:/altera/13.0/nios2eds/bin/gnu/h-i686-mingw32/bin/../lib/gcc/nios2-elf/4.1.2\libgcc.a(_df_to_si.o)
                0x0080c398                __fixdfsi
 .text          0x0080c470        0x0 c:/altera/13.0/nios2eds/bin/gnu/h-i686-mingw32/bin/../lib/gcc/nios2-elf/4.1.2\libgcc.a(_thenan_df.o)
 .text          0x0080c470      0x194 c:/altera/13.0/nios2eds/bin/gnu/h-i686-mingw32/bin/../lib/gcc/nios2-elf/4.1.2\libgcc.a(_usi_to_df.o)
                0x0080c470                __floatunsidf
 .text          0x0080c604      0x14c c:/altera/13.0/nios2eds/bin/gnu/h-i686-mingw32/bin/../lib/gcc/nios2-elf/4.1.2\libgcc.a(lib2-divmod.o)
                0x0080c680                __divsi3
                0x0080c6e0                __modsi3
                0x0080c740                __udivsi3
                0x0080c748                __umodsi3
 .text          0x0080c750       0x98 c:/altera/13.0/nios2eds/bin/gnu/h-i686-mingw32/bin/../lib/gcc/nios2-elf/4.1.2\libgcc.a(_muldi3.o)
                0x0080c750                __muldi3
 .text          0x0080c7e8        0x0 c:/altera/13.0/nios2eds/bin/gnu/h-i686-mingw32/bin/../lib/gcc/nios2-elf/4.1.2\libgcc.a(_clz.o)
 .text          0x0080c7e8       0x80 c:/altera/13.0/nios2eds/bin/gnu/h-i686-mingw32/bin/../lib/gcc/nios2-elf/4.1.2\libgcc.a(_clzsi2.o)
                0x0080c7e8                __clzsi2
 .text          0x0080c868      0x314 c:/altera/13.0/nios2eds/bin/gnu/h-i686-mingw32/bin/../lib/gcc/nios2-elf/4.1.2\libgcc.a(_pack_df.o)
                0x0080c868                __pack_d
 .text          0x0080cb7c      0x138 c:/altera/13.0/nios2eds/bin/gnu/h-i686-mingw32/bin/../lib/gcc/nios2-elf/4.1.2\libgcc.a(_unpack_df.o)
                0x0080cb7c                __unpack_d
 .text          0x0080ccb4       0xc8 c:/altera/13.0/nios2eds/bin/gnu/h-i686-mingw32/bin/../lib/gcc/nios2-elf/4.1.2\libgcc.a(_fpcmp_parts_df.o)
                0x0080ccb4                __fpcmp_parts_d
 .text          0x0080cd7c      0x154 ../cs303a2_bsp/\libhal_bsp.a(alt_alarm_start.o)
                0x0080cd7c                alt_alarm_start
 .text          0x0080ced0      0x15c ../cs303a2_bsp/\libhal_bsp.a(alt_close.o)
                0x0080ced0                close
 .text          0x0080d02c       0x2c ../cs303a2_bsp/\libhal_bsp.a(alt_dev.o)
 .text          0x0080d058        0x0 ../cs303a2_bsp/\libhal_bsp.a(alt_errno.o)
 .text          0x0080d058      0x134 ../cs303a2_bsp/\libhal_bsp.a(alt_fstat.o)
                0x0080d058                fstat
 .text          0x0080d18c      0x1c0 ../cs303a2_bsp/\libhal_bsp.a(alt_irq_register.o)
                0x0080d18c                alt_irq_register
 .text          0x0080d34c        0x0 ../cs303a2_bsp/\libhal_bsp.a(alt_irq_vars.o)
 .text          0x0080d34c      0x120 ../cs303a2_bsp/\libhal_bsp.a(alt_isatty.o)
                0x0080d34c                isatty
 .text          0x0080d46c       0xec ../cs303a2_bsp/\libhal_bsp.a(alt_load.o)
                0x0080d46c                alt_load
 .text          0x0080d558      0x150 ../cs303a2_bsp/\libhal_bsp.a(alt_lseek.o)
                0x0080d558                lseek
 .text          0x0080d6a8       0x6c ../cs303a2_bsp/\libhal_bsp.a(alt_main.o)
                0x0080d6a8                alt_main
 .text          0x0080d714       0x40 ../cs303a2_bsp/\libhal_bsp.a(alt_malloc_lock.o)
                0x0080d714                __malloc_lock
                0x0080d734                __malloc_unlock
 .text          0x0080d754      0x180 ../cs303a2_bsp/\libhal_bsp.a(alt_read.o)
                0x0080d754                read
 .text          0x0080d8d4       0x60 ../cs303a2_bsp/\libhal_bsp.a(alt_release_fd.o)
                0x0080d8d4                alt_release_fd
 .text          0x0080d934       0xbc ../cs303a2_bsp/\libhal_bsp.a(alt_sbrk.o)
                0x0080d934                sbrk
 .text          0x0080d9f0      0x1a4 ../cs303a2_bsp/\libhal_bsp.a(alt_tick.o)
                0x0080d9f0                alt_alarm_stop
                0x0080da88                alt_tick
 .text          0x0080db94      0x180 ../cs303a2_bsp/\libhal_bsp.a(alt_write.o)
                0x0080db94                write
 .text          0x0080dd14      0x100 ../cs303a2_bsp/\libhal_bsp.a(alt_sys_init.o)
                0x0080dd14                alt_irq_init
                0x0080dd48                alt_sys_init
 .text          0x0080de14      0x148 ../cs303a2_bsp/\libhal_bsp.a(altera_avalon_jtag_uart_fd.o)
                0x0080de14                altera_avalon_jtag_uart_read_fd
                0x0080de6c                altera_avalon_jtag_uart_write_fd
                0x0080dec4                altera_avalon_jtag_uart_close_fd
                0x0080df0c                altera_avalon_jtag_uart_ioctl_fd
 .text          0x0080df5c      0x40c ../cs303a2_bsp/\libhal_bsp.a(altera_avalon_jtag_uart_init.o)
                0x0080df5c                altera_avalon_jtag_uart_init
                0x0080e2f4                altera_avalon_jtag_uart_close
 .text          0x0080e368       0xf4 ../cs303a2_bsp/\libhal_bsp.a(altera_avalon_jtag_uart_ioctl.o)
                0x0080e368                altera_avalon_jtag_uart_ioctl
 .text          0x0080e45c      0x224 ../cs303a2_bsp/\libhal_bsp.a(altera_avalon_jtag_uart_read.o)
                0x0080e45c                altera_avalon_jtag_uart_read
 .text          0x0080e680      0x240 ../cs303a2_bsp/\libhal_bsp.a(altera_avalon_jtag_uart_write.o)
                0x0080e680                altera_avalon_jtag_uart_write
 .text          0x0080e8c0      0xee8 ../cs303a2_bsp/\libhal_bsp.a(altera_avalon_lcd_16207.o)
                0x0080f094                altera_avalon_lcd_16207_write
                0x0080f66c                altera_avalon_lcd_16207_init
 .text          0x0080f7a8       0x58 ../cs303a2_bsp/\libhal_bsp.a(altera_avalon_lcd_16207_fd.o)
                0x0080f7a8                altera_avalon_lcd_16207_write_fd
 .text          0x0080f800      0x100 ../cs303a2_bsp/\libhal_bsp.a(altera_avalon_timer_sc.o)
                0x0080f870                alt_avalon_timer_sc_init
 .text          0x0080f900       0xf8 ../cs303a2_bsp/\libhal_bsp.a(altera_avalon_uart_fd.o)
                0x0080f900                altera_avalon_uart_read_fd
                0x0080f958                altera_avalon_uart_write_fd
                0x0080f9b0                altera_avalon_uart_close_fd
 .text          0x0080f9f8      0x400 ../cs303a2_bsp/\libhal_bsp.a(altera_avalon_uart_init.o)
                0x0080f9f8                altera_avalon_uart_init
                0x0080fd98                altera_avalon_uart_close
 .text          0x0080fdf8      0x290 ../cs303a2_bsp/\libhal_bsp.a(altera_avalon_uart_read.o)
                0x0080fdf8                altera_avalon_uart_read
 .text          0x00810088      0x228 ../cs303a2_bsp/\libhal_bsp.a(altera_avalon_uart_write.o)
                0x00810088                altera_avalon_uart_write
 .text          0x008102b0       0x44 ../cs303a2_bsp/\libhal_bsp.a(alt_dcache_flush_all.o)
                0x008102b0                alt_dcache_flush_all
 .text          0x008102f4      0x114 ../cs303a2_bsp/\libhal_bsp.a(alt_dev_llist_insert.o)
                0x008102f4                alt_dev_llist_insert
 .text          0x00810408       0x64 ../cs303a2_bsp/\libhal_bsp.a(alt_do_ctors.o)
                0x00810408                _do_ctors
 .text          0x0081046c       0x64 ../cs303a2_bsp/\libhal_bsp.a(alt_do_dtors.o)
                0x0081046c                _do_dtors
 .text          0x008104d0       0x30 ../cs303a2_bsp/\libhal_bsp.a(alt_icache_flush_all.o)
                0x008104d0                alt_icache_flush_all
 .text          0x00810500      0x1d4 ../cs303a2_bsp/\libhal_bsp.a(alt_iic.o)
                0x00810500                alt_ic_isr_register
                0x00810550                alt_ic_irq_enable
                0x008105ec                alt_ic_irq_disable
                0x0081068c                alt_ic_irq_enabled
 .text          0x008106d4       0xf8 ../cs303a2_bsp/\libhal_bsp.a(alt_iic_isr_register.o)
                0x008106d4                alt_iic_isr_register
 .text          0x008107cc      0x13c ../cs303a2_bsp/\libhal_bsp.a(alt_io_redirect.o)
                0x00810890                alt_io_redirect
 .text          0x00810908        0x0 ../cs303a2_bsp/\libhal_bsp.a(alt_irq_entry.o)
 .text          0x00810908        0x0 ../cs303a2_bsp/\libhal_bsp.a(alt_irq_handler.o)
 .text          0x00810908      0x2c4 ../cs303a2_bsp/\libhal_bsp.a(alt_open.o)
                0x008109e4                open
 .text          0x00810bcc       0x30 ../cs303a2_bsp/\libhal_bsp.a(alt_usleep.o)
                0x00810bcc                usleep
 .text          0x00810bfc       0x20 ../cs303a2_bsp/\libhal_bsp.a(altera_nios2_qsys_irq.o)
                0x00810bfc                altera_nios2_qsys_irq_init
 .text          0x00810c1c      0x14c ../cs303a2_bsp/\libhal_bsp.a(alt_busy_sleep.o)
                0x00810c1c                alt_busy_sleep
 .text          0x00810d68        0x0 ../cs303a2_bsp/\libhal_bsp.a(alt_exception_entry.o)
 .text          0x00810d68       0x94 ../cs303a2_bsp/\libhal_bsp.a(alt_find_dev.o)
                0x00810d68                alt_find_dev
 .text          0x00810dfc      0x120 ../cs303a2_bsp/\libhal_bsp.a(alt_find_file.o)
                0x00810dfc                alt_find_file
 .text          0x00810f1c       0xb8 ../cs303a2_bsp/\libhal_bsp.a(alt_get_fd.o)
                0x00810f1c                alt_get_fd
 .text          0x00810fd4       0x90 ../cs303a2_bsp/\libhal_bsp.a(alt_icache_flush.o)
                0x00810fd4                alt_icache_flush
 .text          0x00811064       0x14 c:/altera/13.0/nios2eds/bin/gnu/h-i686-mingw32/bin/../lib/gcc/nios2-elf/4.1.2/../../../../nios2-elf/lib\libc.a(lib_a-atexit.o)
                0x00811064                atexit
 .text          0x00811078        0x0 c:/altera/13.0/nios2eds/bin/gnu/h-i686-mingw32/bin/../lib/gcc/nios2-elf/4.1.2/../../../../nios2-elf/lib\libc.a(lib_a-ctype_.o)
 .text          0x00811078       0x38 c:/altera/13.0/nios2eds/bin/gnu/h-i686-mingw32/bin/../lib/gcc/nios2-elf/4.1.2/../../../../nios2-elf/lib\libc.a(lib_a-exit.o)
                0x00811078                exit
 .text          0x008110b0       0x74 c:/altera/13.0/nios2eds/bin/gnu/h-i686-mingw32/bin/../lib/gcc/nios2-elf/4.1.2/../../../../nios2-elf/lib\libc.a(lib_a-memcmp.o)
                0x008110b0                memcmp
 .text          0x00811124      0x134 c:/altera/13.0/nios2eds/bin/gnu/h-i686-mingw32/bin/../lib/gcc/nios2-elf/4.1.2/../../../../nios2-elf/lib\libc.a(lib_a-__atexit.o)
                0x00811124                __register_exitproc
 .text          0x00811258      0x1b4 c:/altera/13.0/nios2eds/bin/gnu/h-i686-mingw32/bin/../lib/gcc/nios2-elf/4.1.2/../../../../nios2-elf/lib\libc.a(lib_a-__call_atexit.o)
                0x0081125c                __call_exitprocs
 .text          0x0081140c       0x60 ../cs303a2_bsp/\libhal_bsp.a(alt_exit.o)
                0x0081144c                _exit
 *(.gnu.warning.*)
 *(.fini)
                0x0081146c                PROVIDE (__etext, ABSOLUTE (.))
                0x0081146c                PROVIDE (_etext, ABSOLUTE (.))
                0x0081146c                PROVIDE (etext, ABSOLUTE (.))
 *(.eh_frame_hdr)
                0x0081146c                . = ALIGN (0x4)
                0x0081146c                PROVIDE (__preinit_array_start, ABSOLUTE (.))
 *(.preinit_array)
                0x0081146c                PROVIDE (__preinit_array_end, ABSOLUTE (.))
                0x0081146c                PROVIDE (__init_array_start, ABSOLUTE (.))
 *(.init_array)
                0x0081146c                PROVIDE (__init_array_end, ABSOLUTE (.))
                0x0081146c                PROVIDE (__fini_array_start, ABSOLUTE (.))
 *(.fini_array)
                0x0081146c                PROVIDE (__fini_array_end, ABSOLUTE (.))
 *(.eh_frame)
 *(.gcc_except_table)
 *(.dynamic)
                0x0081146c                PROVIDE (__CTOR_LIST__, ABSOLUTE (.))
 *(.ctors)
 *(SORT(.ctors.*))
 .ctors.65535   0x0081146c        0x4 c:/altera/13.0/nios2eds/bin/gnu/h-i686-mingw32/bin/../lib/gcc/nios2-elf/4.1.2/../../../../nios2-elf/lib\libc.a(lib_a-__call_atexit.o)
                0x00811470                PROVIDE (__CTOR_END__, ABSOLUTE (.))
                0x00811470                PROVIDE (__DTOR_LIST__, ABSOLUTE (.))
 *(.dtors)
 *(SORT(.dtors.*))
                0x00811470                PROVIDE (__DTOR_END__, ABSOLUTE (.))
 *(.jcr)
                0x00811470                . = ALIGN (0x4)

.rodata         0x00811470      0x5ec
                0x00811470                PROVIDE (__ram_rodata_start, ABSOLUTE (.))
                0x00811470                . = ALIGN (0x4)
 *(.rodata .rodata.* .gnu.linkonce.r.*)
 .rodata        0x00811470       0x18 obj/default/hello_world.o
 .rodata.str1.4
                0x00811488       0x5e c:/altera/13.0/nios2eds/bin/gnu/h-i686-mingw32/bin/../lib/gcc/nios2-elf/4.1.2/../../../../nios2-elf/lib\libc.a(lib_a-vfprintf.o)
                                 0x60 (size before relaxing)
 *fill*         0x008114e6        0x2 00
 .rodata        0x008114e8       0x20 c:/altera/13.0/nios2eds/bin/gnu/h-i686-mingw32/bin/../lib/gcc/nios2-elf/4.1.2/../../../../nios2-elf/lib\libc.a(lib_a-vfprintf.o)
 .rodata.str1.4
                0x00811508       0x10 c:/altera/13.0/nios2eds/bin/gnu/h-i686-mingw32/bin/../lib/gcc/nios2-elf/4.1.2/../../../../nios2-elf/lib\libc.a(lib_a-dtoa.o)
                                 0x14 (size before relaxing)
 .rodata.str1.4
                0x00811518        0x2 c:/altera/13.0/nios2eds/bin/gnu/h-i686-mingw32/bin/../lib/gcc/nios2-elf/4.1.2/../../../../nios2-elf/lib\libc.a(lib_a-impure.o)
                                  0x4 (size before relaxing)
 *fill*         0x0081151a        0x2 00
 .rodata.str1.4
                0x0081151c       0x10 c:/altera/13.0/nios2eds/bin/gnu/h-i686-mingw32/bin/../lib/gcc/nios2-elf/4.1.2/../../../../nios2-elf/lib\libc.a(lib_a-locale.o)
                                 0x18 (size before relaxing)
 .rodata        0x0081152c       0x30 c:/altera/13.0/nios2eds/bin/gnu/h-i686-mingw32/bin/../lib/gcc/nios2-elf/4.1.2/../../../../nios2-elf/lib\libc.a(lib_a-locale.o)
 .rodata        0x0081155c      0x124 c:/altera/13.0/nios2eds/bin/gnu/h-i686-mingw32/bin/../lib/gcc/nios2-elf/4.1.2/../../../../nios2-elf/lib\libc.a(lib_a-mprec.o)
                0x0081155c                __mprec_tens
                0x00811624                __mprec_bigtens
                0x0081164c                __mprec_tinytens
 .rodata        0x00811680       0x14 c:/altera/13.0/nios2eds/bin/gnu/h-i686-mingw32/bin/../lib/gcc/nios2-elf/4.1.2\libgcc.a(_thenan_df.o)
                0x00811680                __thenan_df
 .rodata        0x00811694      0x100 c:/altera/13.0/nios2eds/bin/gnu/h-i686-mingw32/bin/../lib/gcc/nios2-elf/4.1.2\libgcc.a(_clz.o)
                0x00811694                __clz_tab
 .rodata        0x00811794        0xc ../cs303a2_bsp/\libhal_bsp.a(alt_dev.o)
 .rodata        0x008117a0       0x10 ../cs303a2_bsp/\libhal_bsp.a(alt_main.o)
 .rodata        0x008117b0       0x28 ../cs303a2_bsp/\libhal_bsp.a(alt_sys_init.o)
 .rodata        0x008117d8      0x284 c:/altera/13.0/nios2eds/bin/gnu/h-i686-mingw32/bin/../lib/gcc/nios2-elf/4.1.2/../../../../nios2-elf/lib\libc.a(lib_a-ctype_.o)
                0x008117d8                _ctype_
 *(.rodata1)
                0x00811a5c                . = ALIGN (0x4)
                0x00811a5c                PROVIDE (__ram_rodata_end, ABSOLUTE (.))
                0x00811470                PROVIDE (__flash_rodata_start, LOADADDR (.rodata))

.rwdata         0x00811a5c     0x1c48 load address 0x008136a4
                0x00811a5c                PROVIDE (__ram_rwdata_start, ABSOLUTE (.))
                0x00811a5c                . = ALIGN (0x4)
 *(.got.plt)
 *(.got)
 *(.data1)
 *(.data .data.* .gnu.linkonce.d.*)
 .data          0x00811a5c        0x0 ../cs303a2_bsp//obj/HAL/src/crt0.o
 .data          0x00811a5c        0x0 obj/default/hello_world.o
 .data          0x00811a5c        0x0 obj/default/sccharts.o
 .data          0x00811a5c        0x0 c:/altera/13.0/nios2eds/bin/gnu/h-i686-mingw32/bin/../lib/gcc/nios2-elf/4.1.2/../../../../nios2-elf/lib\libc.a(lib_a-printf.o)
 .data          0x00811a5c        0x0 c:/altera/13.0/nios2eds/bin/gnu/h-i686-mingw32/bin/../lib/gcc/nios2-elf/4.1.2/../../../../nios2-elf/lib\libc.a(lib_a-vfprintf.o)
 .data          0x00811a5c        0x0 c:/altera/13.0/nios2eds/bin/gnu/h-i686-mingw32/bin/../lib/gcc/nios2-elf/4.1.2/../../../../nios2-elf/lib\libc.a(lib_a-wsetup.o)
 .data          0x00811a5c        0x0 c:/altera/13.0/nios2eds/bin/gnu/h-i686-mingw32/bin/../lib/gcc/nios2-elf/4.1.2/../../../../nios2-elf/lib\libc.a(lib_a-dtoa.o)
 .data          0x00811a5c        0x0 c:/altera/13.0/nios2eds/bin/gnu/h-i686-mingw32/bin/../lib/gcc/nios2-elf/4.1.2/../../../../nios2-elf/lib\libc.a(lib_a-fflush.o)
 .data          0x00811a5c        0x0 c:/altera/13.0/nios2eds/bin/gnu/h-i686-mingw32/bin/../lib/gcc/nios2-elf/4.1.2/../../../../nios2-elf/lib\libc.a(lib_a-findfp.o)
 .data          0x00811a5c        0x0 c:/altera/13.0/nios2eds/bin/gnu/h-i686-mingw32/bin/../lib/gcc/nios2-elf/4.1.2/../../../../nios2-elf/lib\libc.a(lib_a-freer.o)
 .data          0x00811a5c        0x0 c:/altera/13.0/nios2eds/bin/gnu/h-i686-mingw32/bin/../lib/gcc/nios2-elf/4.1.2/../../../../nios2-elf/lib\libc.a(lib_a-fvwrite.o)
 .data          0x00811a5c        0x0 c:/altera/13.0/nios2eds/bin/gnu/h-i686-mingw32/bin/../lib/gcc/nios2-elf/4.1.2/../../../../nios2-elf/lib\libc.a(lib_a-fwalk.o)
 .data          0x00811a5c      0x400 c:/altera/13.0/nios2eds/bin/gnu/h-i686-mingw32/bin/../lib/gcc/nios2-elf/4.1.2/../../../../nios2-elf/lib\libc.a(lib_a-impure.o)
 .data          0x00811e5c        0xc c:/altera/13.0/nios2eds/bin/gnu/h-i686-mingw32/bin/../lib/gcc/nios2-elf/4.1.2/../../../../nios2-elf/lib\libc.a(lib_a-locale.o)
                0x00811e5c                __lc_ctype
 .data          0x00811e68        0x0 c:/altera/13.0/nios2eds/bin/gnu/h-i686-mingw32/bin/../lib/gcc/nios2-elf/4.1.2/../../../../nios2-elf/lib\libc.a(lib_a-makebuf.o)
 .data          0x00811e68      0x408 c:/altera/13.0/nios2eds/bin/gnu/h-i686-mingw32/bin/../lib/gcc/nios2-elf/4.1.2/../../../../nios2-elf/lib\libc.a(lib_a-mallocr.o)
                0x00811e68                __malloc_av_
 .data          0x00812270        0x0 c:/altera/13.0/nios2eds/bin/gnu/h-i686-mingw32/bin/../lib/gcc/nios2-elf/4.1.2/../../../../nios2-elf/lib\libc.a(lib_a-memchr.o)
 .data          0x00812270        0x0 c:/altera/13.0/nios2eds/bin/gnu/h-i686-mingw32/bin/../lib/gcc/nios2-elf/4.1.2/../../../../nios2-elf/lib\libc.a(lib_a-memcpy.o)
 .data          0x00812270        0x0 c:/altera/13.0/nios2eds/bin/gnu/h-i686-mingw32/bin/../lib/gcc/nios2-elf/4.1.2/../../../../nios2-elf/lib\libc.a(lib_a-memmove.o)
 .data          0x00812270        0x0 c:/altera/13.0/nios2eds/bin/gnu/h-i686-mingw32/bin/../lib/gcc/nios2-elf/4.1.2/../../../../nios2-elf/lib\libc.a(lib_a-memset.o)
 .data          0x00812270        0x0 c:/altera/13.0/nios2eds/bin/gnu/h-i686-mingw32/bin/../lib/gcc/nios2-elf/4.1.2/../../../../nios2-elf/lib\libc.a(lib_a-mprec.o)
 .data          0x00812270        0x0 c:/altera/13.0/nios2eds/bin/gnu/h-i686-mingw32/bin/../lib/gcc/nios2-elf/4.1.2/../../../../nios2-elf/lib\libc.a(lib_a-reallocr.o)
 .data          0x00812270        0x0 c:/altera/13.0/nios2eds/bin/gnu/h-i686-mingw32/bin/../lib/gcc/nios2-elf/4.1.2/../../../../nios2-elf/lib\libc.a(lib_a-s_isinfd.o)
 .data          0x00812270        0x0 c:/altera/13.0/nios2eds/bin/gnu/h-i686-mingw32/bin/../lib/gcc/nios2-elf/4.1.2/../../../../nios2-elf/lib\libc.a(lib_a-s_isnand.o)
 .data          0x00812270        0x0 c:/altera/13.0/nios2eds/bin/gnu/h-i686-mingw32/bin/../lib/gcc/nios2-elf/4.1.2/../../../../nios2-elf/lib\libc.a(lib_a-sbrkr.o)
 .data          0x00812270        0x0 c:/altera/13.0/nios2eds/bin/gnu/h-i686-mingw32/bin/../lib/gcc/nios2-elf/4.1.2/../../../../nios2-elf/lib\libc.a(lib_a-stdio.o)
 .data          0x00812270        0x0 c:/altera/13.0/nios2eds/bin/gnu/h-i686-mingw32/bin/../lib/gcc/nios2-elf/4.1.2/../../../../nios2-elf/lib\libc.a(lib_a-strcmp.o)
 .data          0x00812270        0x0 c:/altera/13.0/nios2eds/bin/gnu/h-i686-mingw32/bin/../lib/gcc/nios2-elf/4.1.2/../../../../nios2-elf/lib\libc.a(lib_a-strlen.o)
 .data          0x00812270        0x0 c:/altera/13.0/nios2eds/bin/gnu/h-i686-mingw32/bin/../lib/gcc/nios2-elf/4.1.2/../../../../nios2-elf/lib\libc.a(lib_a-writer.o)
 .data          0x00812270        0x0 c:/altera/13.0/nios2eds/bin/gnu/h-i686-mingw32/bin/../lib/gcc/nios2-elf/4.1.2/../../../../nios2-elf/lib\libc.a(lib_a-callocr.o)
 .data          0x00812270        0x0 c:/altera/13.0/nios2eds/bin/gnu/h-i686-mingw32/bin/../lib/gcc/nios2-elf/4.1.2/../../../../nios2-elf/lib\libc.a(lib_a-closer.o)
 .data          0x00812270        0x0 c:/altera/13.0/nios2eds/bin/gnu/h-i686-mingw32/bin/../lib/gcc/nios2-elf/4.1.2/../../../../nios2-elf/lib\libc.a(lib_a-fclose.o)
 .data          0x00812270        0x0 c:/altera/13.0/nios2eds/bin/gnu/h-i686-mingw32/bin/../lib/gcc/nios2-elf/4.1.2/../../../../nios2-elf/lib\libc.a(lib_a-fstatr.o)
 .data          0x00812270        0x0 c:/altera/13.0/nios2eds/bin/gnu/h-i686-mingw32/bin/../lib/gcc/nios2-elf/4.1.2/../../../../nios2-elf/lib\libc.a(lib_a-int_errno.o)
 .data          0x00812270        0x0 c:/altera/13.0/nios2eds/bin/gnu/h-i686-mingw32/bin/../lib/gcc/nios2-elf/4.1.2/../../../../nios2-elf/lib\libc.a(lib_a-isattyr.o)
 .data          0x00812270        0x0 c:/altera/13.0/nios2eds/bin/gnu/h-i686-mingw32/bin/../lib/gcc/nios2-elf/4.1.2/../../../../nios2-elf/lib\libc.a(lib_a-lseekr.o)
 .data          0x00812270        0x0 c:/altera/13.0/nios2eds/bin/gnu/h-i686-mingw32/bin/../lib/gcc/nios2-elf/4.1.2/../../../../nios2-elf/lib\libc.a(lib_a-readr.o)
 .data          0x00812270        0x0 c:/altera/13.0/nios2eds/bin/gnu/h-i686-mingw32/bin/../lib/gcc/nios2-elf/4.1.2\libgcc.a(_udivdi3.o)
 .data          0x00812270        0x0 c:/altera/13.0/nios2eds/bin/gnu/h-i686-mingw32/bin/../lib/gcc/nios2-elf/4.1.2\libgcc.a(_umoddi3.o)
 .data          0x00812270        0x0 c:/altera/13.0/nios2eds/bin/gnu/h-i686-mingw32/bin/../lib/gcc/nios2-elf/4.1.2\libgcc.a(_addsub_df.o)
 .data          0x00812270        0x0 c:/altera/13.0/nios2eds/bin/gnu/h-i686-mingw32/bin/../lib/gcc/nios2-elf/4.1.2\libgcc.a(_mul_df.o)
 .data          0x00812270        0x0 c:/altera/13.0/nios2eds/bin/gnu/h-i686-mingw32/bin/../lib/gcc/nios2-elf/4.1.2\libgcc.a(_div_df.o)
 .data          0x00812270        0x0 c:/altera/13.0/nios2eds/bin/gnu/h-i686-mingw32/bin/../lib/gcc/nios2-elf/4.1.2\libgcc.a(_eq_df.o)
 .data          0x00812270        0x0 c:/altera/13.0/nios2eds/bin/gnu/h-i686-mingw32/bin/../lib/gcc/nios2-elf/4.1.2\libgcc.a(_ne_df.o)
 .data          0x00812270        0x0 c:/altera/13.0/nios2eds/bin/gnu/h-i686-mingw32/bin/../lib/gcc/nios2-elf/4.1.2\libgcc.a(_gt_df.o)
 .data          0x00812270        0x0 c:/altera/13.0/nios2eds/bin/gnu/h-i686-mingw32/bin/../lib/gcc/nios2-elf/4.1.2\libgcc.a(_ge_df.o)
 .data          0x00812270        0x0 c:/altera/13.0/nios2eds/bin/gnu/h-i686-mingw32/bin/../lib/gcc/nios2-elf/4.1.2\libgcc.a(_lt_df.o)
 .data          0x00812270        0x0 c:/altera/13.0/nios2eds/bin/gnu/h-i686-mingw32/bin/../lib/gcc/nios2-elf/4.1.2\libgcc.a(_si_to_df.o)
 .data          0x00812270        0x0 c:/altera/13.0/nios2eds/bin/gnu/h-i686-mingw32/bin/../lib/gcc/nios2-elf/4.1.2\libgcc.a(_df_to_si.o)
 .data          0x00812270        0x0 c:/altera/13.0/nios2eds/bin/gnu/h-i686-mingw32/bin/../lib/gcc/nios2-elf/4.1.2\libgcc.a(_thenan_df.o)
 .data          0x00812270        0x0 c:/altera/13.0/nios2eds/bin/gnu/h-i686-mingw32/bin/../lib/gcc/nios2-elf/4.1.2\libgcc.a(_usi_to_df.o)
 .data          0x00812270        0x0 c:/altera/13.0/nios2eds/bin/gnu/h-i686-mingw32/bin/../lib/gcc/nios2-elf/4.1.2\libgcc.a(lib2-divmod.o)
 .data          0x00812270        0x0 c:/altera/13.0/nios2eds/bin/gnu/h-i686-mingw32/bin/../lib/gcc/nios2-elf/4.1.2\libgcc.a(_muldi3.o)
 .data          0x00812270        0x0 c:/altera/13.0/nios2eds/bin/gnu/h-i686-mingw32/bin/../lib/gcc/nios2-elf/4.1.2\libgcc.a(_clz.o)
 .data          0x00812270        0x0 c:/altera/13.0/nios2eds/bin/gnu/h-i686-mingw32/bin/../lib/gcc/nios2-elf/4.1.2\libgcc.a(_clzsi2.o)
 .data          0x00812270        0x0 c:/altera/13.0/nios2eds/bin/gnu/h-i686-mingw32/bin/../lib/gcc/nios2-elf/4.1.2\libgcc.a(_pack_df.o)
 .data          0x00812270        0x0 c:/altera/13.0/nios2eds/bin/gnu/h-i686-mingw32/bin/../lib/gcc/nios2-elf/4.1.2\libgcc.a(_unpack_df.o)
 .data          0x00812270        0x0 c:/altera/13.0/nios2eds/bin/gnu/h-i686-mingw32/bin/../lib/gcc/nios2-elf/4.1.2\libgcc.a(_fpcmp_parts_df.o)
 .data          0x00812270        0x0 ../cs303a2_bsp/\libhal_bsp.a(alt_alarm_start.o)
 .data          0x00812270        0x0 ../cs303a2_bsp/\libhal_bsp.a(alt_close.o)
 .data          0x00812270      0x1a8 ../cs303a2_bsp/\libhal_bsp.a(alt_dev.o)
                0x00812270                alt_dev_null
                0x00812298                alt_fd_list
 .data          0x00812418        0x0 ../cs303a2_bsp/\libhal_bsp.a(alt_errno.o)
 .data          0x00812418        0x0 ../cs303a2_bsp/\libhal_bsp.a(alt_fstat.o)
 .data          0x00812418        0x0 ../cs303a2_bsp/\libhal_bsp.a(alt_irq_register.o)
 .data          0x00812418        0x0 ../cs303a2_bsp/\libhal_bsp.a(alt_irq_vars.o)
 .data          0x00812418        0x0 ../cs303a2_bsp/\libhal_bsp.a(alt_isatty.o)
 .data          0x00812418        0x0 ../cs303a2_bsp/\libhal_bsp.a(alt_load.o)
 .data          0x00812418        0x0 ../cs303a2_bsp/\libhal_bsp.a(alt_lseek.o)
 .data          0x00812418        0x0 ../cs303a2_bsp/\libhal_bsp.a(alt_main.o)
 .data          0x00812418        0x0 ../cs303a2_bsp/\libhal_bsp.a(alt_malloc_lock.o)
 .data          0x00812418        0x0 ../cs303a2_bsp/\libhal_bsp.a(alt_read.o)
 .data          0x00812418        0x0 ../cs303a2_bsp/\libhal_bsp.a(alt_release_fd.o)
 .data          0x00812418        0x0 ../cs303a2_bsp/\libhal_bsp.a(alt_sbrk.o)
 .data          0x00812418        0x0 ../cs303a2_bsp/\libhal_bsp.a(alt_tick.o)
 .data          0x00812418        0x0 ../cs303a2_bsp/\libhal_bsp.a(alt_write.o)
 .data          0x00812418     0x1244 ../cs303a2_bsp/\libhal_bsp.a(alt_sys_init.o)
 .data          0x0081365c        0x0 ../cs303a2_bsp/\libhal_bsp.a(altera_avalon_jtag_uart_fd.o)
 .data          0x0081365c        0x0 ../cs303a2_bsp/\libhal_bsp.a(altera_avalon_jtag_uart_init.o)
 .data          0x0081365c        0x0 ../cs303a2_bsp/\libhal_bsp.a(altera_avalon_jtag_uart_ioctl.o)
 .data          0x0081365c        0x0 ../cs303a2_bsp/\libhal_bsp.a(altera_avalon_jtag_uart_read.o)
 .data          0x0081365c        0x0 ../cs303a2_bsp/\libhal_bsp.a(altera_avalon_jtag_uart_write.o)
 .data          0x0081365c        0x0 ../cs303a2_bsp/\libhal_bsp.a(altera_avalon_lcd_16207.o)
 .data          0x0081365c        0x0 ../cs303a2_bsp/\libhal_bsp.a(altera_avalon_lcd_16207_fd.o)
 .data          0x0081365c        0x0 ../cs303a2_bsp/\libhal_bsp.a(altera_avalon_timer_sc.o)
 .data          0x0081365c        0x0 ../cs303a2_bsp/\libhal_bsp.a(altera_avalon_uart_fd.o)
 .data          0x0081365c        0x0 ../cs303a2_bsp/\libhal_bsp.a(altera_avalon_uart_init.o)
 .data          0x0081365c        0x0 ../cs303a2_bsp/\libhal_bsp.a(altera_avalon_uart_read.o)
 .data          0x0081365c        0x0 ../cs303a2_bsp/\libhal_bsp.a(altera_avalon_uart_write.o)
 .data          0x0081365c        0x0 ../cs303a2_bsp/\libhal_bsp.a(alt_dcache_flush_all.o)
 .data          0x0081365c        0x0 ../cs303a2_bsp/\libhal_bsp.a(alt_dev_llist_insert.o)
 .data          0x0081365c        0x0 ../cs303a2_bsp/\libhal_bsp.a(alt_do_ctors.o)
 .data          0x0081365c        0x0 ../cs303a2_bsp/\libhal_bsp.a(alt_do_dtors.o)
 .data          0x0081365c        0x0 ../cs303a2_bsp/\libhal_bsp.a(alt_icache_flush_all.o)
 .data          0x0081365c        0x0 ../cs303a2_bsp/\libhal_bsp.a(alt_iic.o)
 .data          0x0081365c        0x0 ../cs303a2_bsp/\libhal_bsp.a(alt_iic_isr_register.o)
 .data          0x0081365c        0x0 ../cs303a2_bsp/\libhal_bsp.a(alt_io_redirect.o)
 .data          0x0081365c        0x0 ../cs303a2_bsp/\libhal_bsp.a(alt_irq_entry.o)
 .data          0x0081365c        0x0 ../cs303a2_bsp/\libhal_bsp.a(alt_irq_handler.o)
 .data          0x0081365c        0x0 ../cs303a2_bsp/\libhal_bsp.a(alt_open.o)
 .data          0x0081365c        0x0 ../cs303a2_bsp/\libhal_bsp.a(alt_usleep.o)
 .data          0x0081365c        0x0 ../cs303a2_bsp/\libhal_bsp.a(altera_nios2_qsys_irq.o)
 .data          0x0081365c        0x0 ../cs303a2_bsp/\libhal_bsp.a(alt_busy_sleep.o)
 .data          0x0081365c        0x0 ../cs303a2_bsp/\libhal_bsp.a(alt_exception_entry.o)
 .data          0x0081365c        0x0 ../cs303a2_bsp/\libhal_bsp.a(alt_find_dev.o)
 .data          0x0081365c        0x0 ../cs303a2_bsp/\libhal_bsp.a(alt_find_file.o)
 .data          0x0081365c        0x0 ../cs303a2_bsp/\libhal_bsp.a(alt_get_fd.o)
 .data          0x0081365c        0x0 ../cs303a2_bsp/\libhal_bsp.a(alt_icache_flush.o)
 .data          0x0081365c        0x0 c:/altera/13.0/nios2eds/bin/gnu/h-i686-mingw32/bin/../lib/gcc/nios2-elf/4.1.2/../../../../nios2-elf/lib\libc.a(lib_a-atexit.o)
 .data          0x0081365c        0x0 c:/altera/13.0/nios2eds/bin/gnu/h-i686-mingw32/bin/../lib/gcc/nios2-elf/4.1.2/../../../../nios2-elf/lib\libc.a(lib_a-ctype_.o)
 .data          0x0081365c        0x0 c:/altera/13.0/nios2eds/bin/gnu/h-i686-mingw32/bin/../lib/gcc/nios2-elf/4.1.2/../../../../nios2-elf/lib\libc.a(lib_a-exit.o)
 .data          0x0081365c        0x0 c:/altera/13.0/nios2eds/bin/gnu/h-i686-mingw32/bin/../lib/gcc/nios2-elf/4.1.2/../../../../nios2-elf/lib\libc.a(lib_a-memcmp.o)
 .data          0x0081365c        0x0 c:/altera/13.0/nios2eds/bin/gnu/h-i686-mingw32/bin/../lib/gcc/nios2-elf/4.1.2/../../../../nios2-elf/lib\libc.a(lib_a-__atexit.o)
 .data          0x0081365c        0x0 c:/altera/13.0/nios2eds/bin/gnu/h-i686-mingw32/bin/../lib/gcc/nios2-elf/4.1.2/../../../../nios2-elf/lib\libc.a(lib_a-__call_atexit.o)
 .data          0x0081365c        0x0 ../cs303a2_bsp/\libhal_bsp.a(alt_exit.o)
                0x0081b65c                _gp = ABSOLUTE ((. + 0x8000))
                0x0081b65c                PROVIDE (gp, _gp)
 *(.rwdata .rwdata.*)
 *(.sdata .sdata.* .gnu.linkonce.s.*)
 .sdata         0x0081365c        0x8 c:/altera/13.0/nios2eds/bin/gnu/h-i686-mingw32/bin/../lib/gcc/nios2-elf/4.1.2/../../../../nios2-elf/lib\libc.a(lib_a-impure.o)
                0x0081365c                _impure_ptr
                0x00813660                _global_impure_ptr
 .sdata         0x00813664        0x8 c:/altera/13.0/nios2eds/bin/gnu/h-i686-mingw32/bin/../lib/gcc/nios2-elf/4.1.2/../../../../nios2-elf/lib\libc.a(lib_a-locale.o)
                0x00813664                __mb_cur_max
 .sdata         0x0081366c        0x8 c:/altera/13.0/nios2eds/bin/gnu/h-i686-mingw32/bin/../lib/gcc/nios2-elf/4.1.2/../../../../nios2-elf/lib\libc.a(lib_a-mallocr.o)
                0x0081366c                __malloc_trim_threshold
                0x00813670                __malloc_sbrk_base
 .sdata         0x00813674       0x14 ../cs303a2_bsp/\libhal_bsp.a(alt_dev.o)
                0x00813674                alt_fs_list
                0x0081367c                alt_dev_list
                0x00813684                alt_max_fd
 .sdata         0x00813688        0x4 ../cs303a2_bsp/\libhal_bsp.a(alt_errno.o)
                0x00813688                alt_errno
 .sdata         0x0081368c        0x4 ../cs303a2_bsp/\libhal_bsp.a(alt_irq_vars.o)
                0x0081368c                alt_priority_mask
 .sdata         0x00813690        0x4 ../cs303a2_bsp/\libhal_bsp.a(alt_sbrk.o)
 .sdata         0x00813694        0x8 ../cs303a2_bsp/\libhal_bsp.a(alt_tick.o)
                0x00813694                alt_alarm_list
 .sdata         0x0081369c        0x4 ../cs303a2_bsp/\libhal_bsp.a(altera_avalon_lcd_16207.o)
 .sdata         0x008136a0        0x4 c:/altera/13.0/nios2eds/bin/gnu/h-i686-mingw32/bin/../lib/gcc/nios2-elf/4.1.2/../../../../nios2-elf/lib\libc.a(lib_a-ctype_.o)
                0x008136a0                __ctype_ptr
 *(.sdata2 .sdata2.* .gnu.linkonce.s2.*)
                0x008136a4                . = ALIGN (0x4)
                0x008136a4                _edata = ABSOLUTE (.)
                0x008136a4                PROVIDE (edata, ABSOLUTE (.))
                0x008136a4                PROVIDE (__ram_rwdata_end, ABSOLUTE (.))
                0x008136a4                PROVIDE (__flash_rwdata_start, LOADADDR (.rwdata))

.bss            0x008152ec      0x4b4
                0x008152ec                __bss_start = ABSOLUTE (.)
                0x008152ec                PROVIDE (__sbss_start, ABSOLUTE (.))
                0x008152ec                PROVIDE (___sbss_start, ABSOLUTE (.))
 *(.dynsbss)
 *(.sbss .sbss.* .gnu.linkonce.sb.*)
 .sbss          0x008152ec      0x11e obj/default/sccharts.o
                0x008152ec                g83
                0x008152ed                g40
                0x008152ee                AVI_TO
                0x008152ef                g91
                0x008152f0                APace
                0x008152f1                _DDDPacemaker_local_AEI_ex
                0x008152f2                g4
                0x008152f3                g108
                0x008152f4                g19
                0x008152f5                g111
                0x008152f6                PRE_g38
                0x008152f7                PRE_g102
                0x008152f8                VRP_TO
                0x008152f9                g55
                0x008152fa                _cg59
                0x008152fb                g27
                0x008152fc                _DDDPacemaker_local_AVI_start
                0x008152fd                _cg116
                0x008152fe                g112
                0x008152ff                g126_fix2
                0x00815300                g3
                0x00815301                PRE_g63
                0x00815302                _DDDPacemaker_local_VRP_stop
                0x00815303                g103
                0x00815304                g47
                0x00815305                g42
                0x00815306                g85
                0x00815307                g9
                0x00815308                g127
                0x00815309                _cg7
                0x0081530c                _PRE_GO
                0x00815310                PRE_g3
                0x00815311                g102
                0x00815312                PRE_g29
                0x00815313                g115
                0x00815314                PRE_g56
                0x00815315                g87
                0x00815316                g44
                0x00815317                _DDDPacemaker_local_LRI_ex
                0x00815318                g97b
                0x00815319                g123
                0x0081531a                _cg75
                0x0081531b                g88b
                0x0081531c                g92
                0x0081531d                g1
                0x0081531e                g61
                0x0081531f                g71
                0x00815320                _DDDPacemaker_local_AVI_ex
                0x00815321                g95b
                0x00815322                g7b
                0x00815323                g126
                0x00815324                g39b
                0x00815325                g82
                0x00815326                _cg33
                0x00815327                _cg98
                0x00815328                g12
                0x00815329                g97
                0x0081532a                g52
                0x0081532b                g72_e7
                0x0081532c                LRI_TO
                0x0081532d                _cg46
                0x0081532e                _cg85
                0x0081532f                g17
                0x00815330                g76
                0x00815331                g31
                0x00815332                g37
                0x00815333                g106b
                0x00815334                g62
                0x00815335                g84
                0x00815336                g41
                0x00815337                _cg119
                0x00815338                _cg26
                0x00815339                g118
                0x0081533a                PRE_g40
                0x0081533b                PRE_g8
                0x0081533c                _cg69
                0x0081533d                PRE_g17
                0x0081533e                PRE_g94
                0x0081533f                _cg34
                0x00815340                g18
                0x00815341                PRE_g81
                0x00815342                ASense
                0x00815343                g132
                0x00815344                g48
                0x00815345                g118b
                0x00815346                g126_fix0
                0x00815347                _cg95
                0x00815348                _cg111
                0x00815349                g67b
                0x0081534a                g38
                0x0081534b                g105
                0x0081534c                _cg97
                0x0081534d                g125_e13
                0x0081534e                _cg21
                0x0081534f                PRE_g87
                0x00815350                _DDDPacemaker_local_URI_start
                0x00815351                g75b
                0x00815352                g30b
                0x00815353                g117
                0x00815354                _cg20
                0x00815355                _cg118
                0x00815356                PRE_g123
                0x00815357                _DDDPacemaker_local_LRI_stop
                0x00815358                g85b
                0x00815359                _cg82
                0x0081535a                g64
                0x0081535b                g21
                0x0081535c                _DDDPacemaker_local_AR
                0x0081535d                _cg51
                0x0081535e                g129_e1
                0x0081535f                g121_e12
                0x00815360                g79
                0x00815361                g34
                0x00815362                g5
                0x00815363                g94
                0x00815364                g110
                0x00815365                g49
                0x00815366                g2
                0x00815367                g7
                0x00815368                _cg53
                0x00815369                _cg90
                0x0081536a                g80
                0x0081536b                PRE_g25
                0x0081536c                g128
                0x0081536d                g100
                0x0081536e                g59
                0x0081536f                g54
                0x00815370                g99
                0x00815371                g23
                0x00815372                g66
                0x00815373                _DDDPacemaker_local_PVARP_ex
                0x00815374                g14
                0x00815375                PRE_g84
                0x00815376                g9b
                0x00815377                g101
                0x00815378                g114
                0x00815379                g56
                0x0081537a                g129
                0x0081537b                g131
                0x0081537c                VSense
                0x0081537d                PRE_g6
                0x0081537e                g78
                0x0081537f                g33
                0x00815380                g126_fix1
                0x00815381                g126_fix3
                0x00815382                g109b
                0x00815383                g113_e11
                0x00815384                _DDDPacemaker_local_URI_stop
                0x00815385                g122
                0x00815386                PRE_g96
                0x00815387                _cg64
                0x00815388                g103b
                0x00815389                g129_e1_fix
                0x0081538a                g134
                0x0081538b                g116b
                0x0081538c                g35
                0x0081538d                _cg71
                0x0081538e                g36_e3
                0x0081538f                g15
                0x00815390                g90
                0x00815391                g133_e2
                0x00815392                _GO
                0x00815393                PRE_g11
                0x00815394                g92_e9
                0x00815395                g43_e4
                0x00815396                g63
                0x00815397                g20
                0x00815398                g60
                0x00815399                PRE_g19
                0x0081539a                _DDDPacemaker_local_PVARP_stop
                0x0081539b                g93
                0x0081539c                g119
                0x0081539d                g129_e1_fix_fix
                0x0081539e                g43
                0x0081539f                g86
                0x008153a0                PRE_g131
                0x008153a1                _DDDPacemaker_local_PVARP_start
                0x008153a2                g36
                0x008153a3                g89
                0x008153a4                g46
                0x008153a5                _cg106
                0x008153a6                g57b
                0x008153a7                g95
                0x008153a8                g50
                0x008153a9                g96
                0x008153aa                g51
                0x008153ab                AEI_TO
                0x008153ac                g107
                0x008153ad                PRE_g74
                0x008153ae                g113
                0x008153af                g54_e5
                0x008153b0                PRE_g48
                0x008153b1                _cg41
                0x008153b2                g104
                0x008153b3                g13
                0x008153b4                PRE_g115
                0x008153b5                g53
                0x008153b6                g98
                0x008153b7                g8
                0x008153b8                g57
                0x008153b9                g70
                0x008153ba                g116
                0x008153bb                g6
                0x008153bc                _DDDPacemaker_local_URI_ex
                0x008153bd                g82b
                0x008153be                g72
                0x008153bf                _DDDPacemaker_local_VRP_ex
                0x008153c0                g81
                0x008153c1                PRE_g76
                0x008153c2                g18b
                0x008153c3                g124
                0x008153c4                _cg13
                0x008153c5                _cg9
                0x008153c6                g0
                0x008153c7                g75
                0x008153c8                g30
                0x008153c9                PRE_g58
                0x008153ca                g79_e8
                0x008153cb                PRE_g66
                0x008153cc                _cg30
                0x008153cd                _DDDPacemaker_local_VRP_start
                0x008153ce                g16
                0x008153cf                g61_e6
                0x008153d0                g58
                0x008153d1                _cg77
                0x008153d2                _cg57
                0x008153d3                g68
                0x008153d4                g25
                0x008153d5                _DDDPacemaker_local_AEI_stop
                0x008153d6                g11
                0x008153d7                g65
                0x008153d8                g22
                0x008153d9                g28
                0x008153da                g73
                0x008153db                g15_e1
                0x008153dc                _DDDPacemaker_local_VR
                0x008153dd                g125
                0x008153de                g77
                0x008153df                g32
                0x008153e0                PVARP_TO
                0x008153e1                g20b
                0x008153e2                g88
                0x008153e3                g45
                0x008153e4                _cg103
                0x008153e5                _cg18
                0x008153e6                PRE_g45
                0x008153e7                g130
                0x008153e8                g49b
                0x008153e9                _DDDPacemaker_local_LRI_start
                0x008153ea                g121
                0x008153eb                _cg109
                0x008153ec                VPace
                0x008153ed                g12b
                0x008153ee                g39
                0x008153ef                _cg88
                0x008153f0                _cg49
                0x008153f1                g120
                0x008153f2                PRE_g108
                0x008153f3                PRE_g105
                0x008153f4                g29
                0x008153f5                g67
                0x008153f6                g24
                0x008153f7                _cg4
                0x008153f8                URI_TO
                0x008153f9                g133
                0x008153fa                g109
                0x008153fb                g100_e10
                0x008153fc                _cg32
                0x008153fd                _DDDPacemaker_local_AEI_start
                0x008153fe                g4b
                0x008153ff                _cg67
                0x00815400                g106
                0x00815401                g10
                0x00815402                PRE_g117
                0x00815403                g69
                0x00815404                g26
                0x00815405                g23_e2
                0x00815406                _cg39
                0x00815407                _DDDPacemaker_local_AVI_stop
                0x00815408                g74
                0x00815409                _DDDPacemaker_local_idleURI
 *fill*         0x0081540a        0x2 00
 .sbss          0x0081540c        0xc c:/altera/13.0/nios2eds/bin/gnu/h-i686-mingw32/bin/../lib/gcc/nios2-elf/4.1.2/../../../../nios2-elf/lib\libc.a(lib_a-locale.o)
                0x0081540c                __nlocale_changed
                0x00815410                __mlocale_changed
                0x00815414                _PathLocale
 .sbss          0x00815418        0xc c:/altera/13.0/nios2eds/bin/gnu/h-i686-mingw32/bin/../lib/gcc/nios2-elf/4.1.2/../../../../nios2-elf/lib\libc.a(lib_a-mallocr.o)
                0x00815418                __malloc_top_pad
                0x0081541c                __malloc_max_sbrked_mem
                0x00815420                __malloc_max_total_mem
 .sbss          0x00815424        0x4 c:/altera/13.0/nios2eds/bin/gnu/h-i686-mingw32/bin/../lib/gcc/nios2-elf/4.1.2/../../../../nios2-elf/lib\libc.a(lib_a-int_errno.o)
                0x00815424                errno
 .sbss          0x00815428        0x4 ../cs303a2_bsp/\libhal_bsp.a(alt_irq_vars.o)
                0x00815428                alt_irq_active
 .sbss          0x0081542c        0xc ../cs303a2_bsp/\libhal_bsp.a(alt_main.o)
                0x0081542c                alt_argc
                0x00815430                alt_argv
                0x00815434                alt_envp
 .sbss          0x00815438        0x8 ../cs303a2_bsp/\libhal_bsp.a(alt_tick.o)
                0x00815438                _alt_tick_rate
                0x0081543c                _alt_nticks
 *(.sbss2 .sbss2.* .gnu.linkonce.sb2.*)
 *(.scommon)
                0x00815440                PROVIDE (__sbss_end, ABSOLUTE (.))
                0x00815440                PROVIDE (___sbss_end, ABSOLUTE (.))
 *(.dynbss)
 *(.bss .bss.* .gnu.linkonce.b.*)
 .bss           0x00815440        0x0 ../cs303a2_bsp//obj/HAL/src/crt0.o
 .bss           0x00815440       0xa8 obj/default/hello_world.o
 .bss           0x008154e8        0x0 obj/default/sccharts.o
 .bss           0x008154e8        0x0 c:/altera/13.0/nios2eds/bin/gnu/h-i686-mingw32/bin/../lib/gcc/nios2-elf/4.1.2/../../../../nios2-elf/lib\libc.a(lib_a-printf.o)
 .bss           0x008154e8        0x0 c:/altera/13.0/nios2eds/bin/gnu/h-i686-mingw32/bin/../lib/gcc/nios2-elf/4.1.2/../../../../nios2-elf/lib\libc.a(lib_a-vfprintf.o)
 .bss           0x008154e8        0x0 c:/altera/13.0/nios2eds/bin/gnu/h-i686-mingw32/bin/../lib/gcc/nios2-elf/4.1.2/../../../../nios2-elf/lib\libc.a(lib_a-wsetup.o)
 .bss           0x008154e8        0x0 c:/altera/13.0/nios2eds/bin/gnu/h-i686-mingw32/bin/../lib/gcc/nios2-elf/4.1.2/../../../../nios2-elf/lib\libc.a(lib_a-dtoa.o)
 .bss           0x008154e8        0x0 c:/altera/13.0/nios2eds/bin/gnu/h-i686-mingw32/bin/../lib/gcc/nios2-elf/4.1.2/../../../../nios2-elf/lib\libc.a(lib_a-fflush.o)
 .bss           0x008154e8        0x0 c:/altera/13.0/nios2eds/bin/gnu/h-i686-mingw32/bin/../lib/gcc/nios2-elf/4.1.2/../../../../nios2-elf/lib\libc.a(lib_a-findfp.o)
 .bss           0x008154e8        0x0 c:/altera/13.0/nios2eds/bin/gnu/h-i686-mingw32/bin/../lib/gcc/nios2-elf/4.1.2/../../../../nios2-elf/lib\libc.a(lib_a-freer.o)
 .bss           0x008154e8        0x0 c:/altera/13.0/nios2eds/bin/gnu/h-i686-mingw32/bin/../lib/gcc/nios2-elf/4.1.2/../../../../nios2-elf/lib\libc.a(lib_a-fvwrite.o)
 .bss           0x008154e8        0x0 c:/altera/13.0/nios2eds/bin/gnu/h-i686-mingw32/bin/../lib/gcc/nios2-elf/4.1.2/../../../../nios2-elf/lib\libc.a(lib_a-fwalk.o)
 .bss           0x008154e8        0x0 c:/altera/13.0/nios2eds/bin/gnu/h-i686-mingw32/bin/../lib/gcc/nios2-elf/4.1.2/../../../../nios2-elf/lib\libc.a(lib_a-impure.o)
 .bss           0x008154e8        0x0 c:/altera/13.0/nios2eds/bin/gnu/h-i686-mingw32/bin/../lib/gcc/nios2-elf/4.1.2/../../../../nios2-elf/lib\libc.a(lib_a-locale.o)
 .bss           0x008154e8        0x0 c:/altera/13.0/nios2eds/bin/gnu/h-i686-mingw32/bin/../lib/gcc/nios2-elf/4.1.2/../../../../nios2-elf/lib\libc.a(lib_a-makebuf.o)
 .bss           0x008154e8       0x28 c:/altera/13.0/nios2eds/bin/gnu/h-i686-mingw32/bin/../lib/gcc/nios2-elf/4.1.2/../../../../nios2-elf/lib\libc.a(lib_a-mallocr.o)
                0x008154e8                __malloc_current_mallinfo
 .bss           0x00815510        0x0 c:/altera/13.0/nios2eds/bin/gnu/h-i686-mingw32/bin/../lib/gcc/nios2-elf/4.1.2/../../../../nios2-elf/lib\libc.a(lib_a-memchr.o)
 .bss           0x00815510        0x0 c:/altera/13.0/nios2eds/bin/gnu/h-i686-mingw32/bin/../lib/gcc/nios2-elf/4.1.2/../../../../nios2-elf/lib\libc.a(lib_a-memcpy.o)
 .bss           0x00815510        0x0 c:/altera/13.0/nios2eds/bin/gnu/h-i686-mingw32/bin/../lib/gcc/nios2-elf/4.1.2/../../../../nios2-elf/lib\libc.a(lib_a-memmove.o)
 .bss           0x00815510        0x0 c:/altera/13.0/nios2eds/bin/gnu/h-i686-mingw32/bin/../lib/gcc/nios2-elf/4.1.2/../../../../nios2-elf/lib\libc.a(lib_a-memset.o)
 .bss           0x00815510        0x0 c:/altera/13.0/nios2eds/bin/gnu/h-i686-mingw32/bin/../lib/gcc/nios2-elf/4.1.2/../../../../nios2-elf/lib\libc.a(lib_a-mprec.o)
 .bss           0x00815510        0x0 c:/altera/13.0/nios2eds/bin/gnu/h-i686-mingw32/bin/../lib/gcc/nios2-elf/4.1.2/../../../../nios2-elf/lib\libc.a(lib_a-reallocr.o)
 .bss           0x00815510        0x0 c:/altera/13.0/nios2eds/bin/gnu/h-i686-mingw32/bin/../lib/gcc/nios2-elf/4.1.2/../../../../nios2-elf/lib\libc.a(lib_a-s_isinfd.o)
 .bss           0x00815510        0x0 c:/altera/13.0/nios2eds/bin/gnu/h-i686-mingw32/bin/../lib/gcc/nios2-elf/4.1.2/../../../../nios2-elf/lib\libc.a(lib_a-s_isnand.o)
 .bss           0x00815510        0x0 c:/altera/13.0/nios2eds/bin/gnu/h-i686-mingw32/bin/../lib/gcc/nios2-elf/4.1.2/../../../../nios2-elf/lib\libc.a(lib_a-sbrkr.o)
 .bss           0x00815510        0x0 c:/altera/13.0/nios2eds/bin/gnu/h-i686-mingw32/bin/../lib/gcc/nios2-elf/4.1.2/../../../../nios2-elf/lib\libc.a(lib_a-stdio.o)
 .bss           0x00815510        0x0 c:/altera/13.0/nios2eds/bin/gnu/h-i686-mingw32/bin/../lib/gcc/nios2-elf/4.1.2/../../../../nios2-elf/lib\libc.a(lib_a-strcmp.o)
 .bss           0x00815510        0x0 c:/altera/13.0/nios2eds/bin/gnu/h-i686-mingw32/bin/../lib/gcc/nios2-elf/4.1.2/../../../../nios2-elf/lib\libc.a(lib_a-strlen.o)
 .bss           0x00815510        0x0 c:/altera/13.0/nios2eds/bin/gnu/h-i686-mingw32/bin/../lib/gcc/nios2-elf/4.1.2/../../../../nios2-elf/lib\libc.a(lib_a-writer.o)
 .bss           0x00815510        0x0 c:/altera/13.0/nios2eds/bin/gnu/h-i686-mingw32/bin/../lib/gcc/nios2-elf/4.1.2/../../../../nios2-elf/lib\libc.a(lib_a-callocr.o)
 .bss           0x00815510        0x0 c:/altera/13.0/nios2eds/bin/gnu/h-i686-mingw32/bin/../lib/gcc/nios2-elf/4.1.2/../../../../nios2-elf/lib\libc.a(lib_a-closer.o)
 .bss           0x00815510        0x0 c:/altera/13.0/nios2eds/bin/gnu/h-i686-mingw32/bin/../lib/gcc/nios2-elf/4.1.2/../../../../nios2-elf/lib\libc.a(lib_a-fclose.o)
 .bss           0x00815510        0x0 c:/altera/13.0/nios2eds/bin/gnu/h-i686-mingw32/bin/../lib/gcc/nios2-elf/4.1.2/../../../../nios2-elf/lib\libc.a(lib_a-fstatr.o)
 .bss           0x00815510        0x0 c:/altera/13.0/nios2eds/bin/gnu/h-i686-mingw32/bin/../lib/gcc/nios2-elf/4.1.2/../../../../nios2-elf/lib\libc.a(lib_a-int_errno.o)
 .bss           0x00815510        0x0 c:/altera/13.0/nios2eds/bin/gnu/h-i686-mingw32/bin/../lib/gcc/nios2-elf/4.1.2/../../../../nios2-elf/lib\libc.a(lib_a-isattyr.o)
 .bss           0x00815510        0x0 c:/altera/13.0/nios2eds/bin/gnu/h-i686-mingw32/bin/../lib/gcc/nios2-elf/4.1.2/../../../../nios2-elf/lib\libc.a(lib_a-lseekr.o)
 .bss           0x00815510        0x0 c:/altera/13.0/nios2eds/bin/gnu/h-i686-mingw32/bin/../lib/gcc/nios2-elf/4.1.2/../../../../nios2-elf/lib\libc.a(lib_a-readr.o)
 .bss           0x00815510        0x0 c:/altera/13.0/nios2eds/bin/gnu/h-i686-mingw32/bin/../lib/gcc/nios2-elf/4.1.2\libgcc.a(_udivdi3.o)
 .bss           0x00815510        0x0 c:/altera/13.0/nios2eds/bin/gnu/h-i686-mingw32/bin/../lib/gcc/nios2-elf/4.1.2\libgcc.a(_umoddi3.o)
 .bss           0x00815510        0x0 c:/altera/13.0/nios2eds/bin/gnu/h-i686-mingw32/bin/../lib/gcc/nios2-elf/4.1.2\libgcc.a(_addsub_df.o)
 .bss           0x00815510        0x0 c:/altera/13.0/nios2eds/bin/gnu/h-i686-mingw32/bin/../lib/gcc/nios2-elf/4.1.2\libgcc.a(_mul_df.o)
 .bss           0x00815510        0x0 c:/altera/13.0/nios2eds/bin/gnu/h-i686-mingw32/bin/../lib/gcc/nios2-elf/4.1.2\libgcc.a(_div_df.o)
 .bss           0x00815510        0x0 c:/altera/13.0/nios2eds/bin/gnu/h-i686-mingw32/bin/../lib/gcc/nios2-elf/4.1.2\libgcc.a(_eq_df.o)
 .bss           0x00815510        0x0 c:/altera/13.0/nios2eds/bin/gnu/h-i686-mingw32/bin/../lib/gcc/nios2-elf/4.1.2\libgcc.a(_ne_df.o)
 .bss           0x00815510        0x0 c:/altera/13.0/nios2eds/bin/gnu/h-i686-mingw32/bin/../lib/gcc/nios2-elf/4.1.2\libgcc.a(_gt_df.o)
 .bss           0x00815510        0x0 c:/altera/13.0/nios2eds/bin/gnu/h-i686-mingw32/bin/../lib/gcc/nios2-elf/4.1.2\libgcc.a(_ge_df.o)
 .bss           0x00815510        0x0 c:/altera/13.0/nios2eds/bin/gnu/h-i686-mingw32/bin/../lib/gcc/nios2-elf/4.1.2\libgcc.a(_lt_df.o)
 .bss           0x00815510        0x0 c:/altera/13.0/nios2eds/bin/gnu/h-i686-mingw32/bin/../lib/gcc/nios2-elf/4.1.2\libgcc.a(_si_to_df.o)
 .bss           0x00815510        0x0 c:/altera/13.0/nios2eds/bin/gnu/h-i686-mingw32/bin/../lib/gcc/nios2-elf/4.1.2\libgcc.a(_df_to_si.o)
 .bss           0x00815510        0x0 c:/altera/13.0/nios2eds/bin/gnu/h-i686-mingw32/bin/../lib/gcc/nios2-elf/4.1.2\libgcc.a(_thenan_df.o)
 .bss           0x00815510        0x0 c:/altera/13.0/nios2eds/bin/gnu/h-i686-mingw32/bin/../lib/gcc/nios2-elf/4.1.2\libgcc.a(_usi_to_df.o)
 .bss           0x00815510        0x0 c:/altera/13.0/nios2eds/bin/gnu/h-i686-mingw32/bin/../lib/gcc/nios2-elf/4.1.2\libgcc.a(lib2-divmod.o)
 .bss           0x00815510        0x0 c:/altera/13.0/nios2eds/bin/gnu/h-i686-mingw32/bin/../lib/gcc/nios2-elf/4.1.2\libgcc.a(_muldi3.o)
 .bss           0x00815510        0x0 c:/altera/13.0/nios2eds/bin/gnu/h-i686-mingw32/bin/../lib/gcc/nios2-elf/4.1.2\libgcc.a(_clz.o)
 .bss           0x00815510        0x0 c:/altera/13.0/nios2eds/bin/gnu/h-i686-mingw32/bin/../lib/gcc/nios2-elf/4.1.2\libgcc.a(_clzsi2.o)
 .bss           0x00815510        0x0 c:/altera/13.0/nios2eds/bin/gnu/h-i686-mingw32/bin/../lib/gcc/nios2-elf/4.1.2\libgcc.a(_pack_df.o)
 .bss           0x00815510        0x0 c:/altera/13.0/nios2eds/bin/gnu/h-i686-mingw32/bin/../lib/gcc/nios2-elf/4.1.2\libgcc.a(_unpack_df.o)
 .bss           0x00815510        0x0 c:/altera/13.0/nios2eds/bin/gnu/h-i686-mingw32/bin/../lib/gcc/nios2-elf/4.1.2\libgcc.a(_fpcmp_parts_df.o)
 .bss           0x00815510        0x0 ../cs303a2_bsp/\libhal_bsp.a(alt_alarm_start.o)
 .bss           0x00815510        0x0 ../cs303a2_bsp/\libhal_bsp.a(alt_close.o)
 .bss           0x00815510        0x0 ../cs303a2_bsp/\libhal_bsp.a(alt_dev.o)
 .bss           0x00815510        0x0 ../cs303a2_bsp/\libhal_bsp.a(alt_errno.o)
 .bss           0x00815510        0x0 ../cs303a2_bsp/\libhal_bsp.a(alt_fstat.o)
 .bss           0x00815510        0x0 ../cs303a2_bsp/\libhal_bsp.a(alt_irq_register.o)
 .bss           0x00815510        0x0 ../cs303a2_bsp/\libhal_bsp.a(alt_irq_vars.o)
 .bss           0x00815510        0x0 ../cs303a2_bsp/\libhal_bsp.a(alt_isatty.o)
 .bss           0x00815510        0x0 ../cs303a2_bsp/\libhal_bsp.a(alt_load.o)
 .bss           0x00815510        0x0 ../cs303a2_bsp/\libhal_bsp.a(alt_lseek.o)
 .bss           0x00815510        0x0 ../cs303a2_bsp/\libhal_bsp.a(alt_main.o)
 .bss           0x00815510        0x0 ../cs303a2_bsp/\libhal_bsp.a(alt_malloc_lock.o)
 .bss           0x00815510        0x0 ../cs303a2_bsp/\libhal_bsp.a(alt_read.o)
 .bss           0x00815510        0x0 ../cs303a2_bsp/\libhal_bsp.a(alt_release_fd.o)
 .bss           0x00815510        0x0 ../cs303a2_bsp/\libhal_bsp.a(alt_sbrk.o)
 .bss           0x00815510        0x0 ../cs303a2_bsp/\libhal_bsp.a(alt_tick.o)
 .bss           0x00815510        0x0 ../cs303a2_bsp/\libhal_bsp.a(alt_write.o)
 .bss           0x00815510        0x0 ../cs303a2_bsp/\libhal_bsp.a(alt_sys_init.o)
 .bss           0x00815510        0x0 ../cs303a2_bsp/\libhal_bsp.a(altera_avalon_jtag_uart_fd.o)
 .bss           0x00815510        0x0 ../cs303a2_bsp/\libhal_bsp.a(altera_avalon_jtag_uart_init.o)
 .bss           0x00815510        0x0 ../cs303a2_bsp/\libhal_bsp.a(altera_avalon_jtag_uart_ioctl.o)
 .bss           0x00815510        0x0 ../cs303a2_bsp/\libhal_bsp.a(altera_avalon_jtag_uart_read.o)
 .bss           0x00815510        0x0 ../cs303a2_bsp/\libhal_bsp.a(altera_avalon_jtag_uart_write.o)
 .bss           0x00815510        0x0 ../cs303a2_bsp/\libhal_bsp.a(altera_avalon_lcd_16207.o)
 .bss           0x00815510        0x0 ../cs303a2_bsp/\libhal_bsp.a(altera_avalon_lcd_16207_fd.o)
 .bss           0x00815510        0x0 ../cs303a2_bsp/\libhal_bsp.a(altera_avalon_timer_sc.o)
 .bss           0x00815510        0x0 ../cs303a2_bsp/\libhal_bsp.a(altera_avalon_uart_fd.o)
 .bss           0x00815510        0x0 ../cs303a2_bsp/\libhal_bsp.a(altera_avalon_uart_init.o)
 .bss           0x00815510        0x0 ../cs303a2_bsp/\libhal_bsp.a(altera_avalon_uart_read.o)
 .bss           0x00815510        0x0 ../cs303a2_bsp/\libhal_bsp.a(altera_avalon_uart_write.o)
 .bss           0x00815510        0x0 ../cs303a2_bsp/\libhal_bsp.a(alt_dcache_flush_all.o)
 .bss           0x00815510        0x0 ../cs303a2_bsp/\libhal_bsp.a(alt_dev_llist_insert.o)
 .bss           0x00815510        0x0 ../cs303a2_bsp/\libhal_bsp.a(alt_do_ctors.o)
 .bss           0x00815510        0x0 ../cs303a2_bsp/\libhal_bsp.a(alt_do_dtors.o)
 .bss           0x00815510        0x0 ../cs303a2_bsp/\libhal_bsp.a(alt_icache_flush_all.o)
 .bss           0x00815510        0x0 ../cs303a2_bsp/\libhal_bsp.a(alt_iic.o)
 .bss           0x00815510        0x0 ../cs303a2_bsp/\libhal_bsp.a(alt_iic_isr_register.o)
 .bss           0x00815510        0x0 ../cs303a2_bsp/\libhal_bsp.a(alt_io_redirect.o)
 .bss           0x00815510        0x0 ../cs303a2_bsp/\libhal_bsp.a(alt_irq_entry.o)
 .bss           0x00815510        0x0 ../cs303a2_bsp/\libhal_bsp.a(alt_irq_handler.o)
 .bss           0x00815510        0x0 ../cs303a2_bsp/\libhal_bsp.a(alt_open.o)
 .bss           0x00815510        0x0 ../cs303a2_bsp/\libhal_bsp.a(alt_usleep.o)
 .bss           0x00815510        0x0 ../cs303a2_bsp/\libhal_bsp.a(altera_nios2_qsys_irq.o)
 .bss           0x00815510        0x0 ../cs303a2_bsp/\libhal_bsp.a(alt_busy_sleep.o)
 .bss           0x00815510        0x0 ../cs303a2_bsp/\libhal_bsp.a(alt_exception_entry.o)
 .bss           0x00815510        0x0 ../cs303a2_bsp/\libhal_bsp.a(alt_find_dev.o)
 .bss           0x00815510        0x0 ../cs303a2_bsp/\libhal_bsp.a(alt_find_file.o)
 .bss           0x00815510        0x0 ../cs303a2_bsp/\libhal_bsp.a(alt_get_fd.o)
 .bss           0x00815510        0x0 ../cs303a2_bsp/\libhal_bsp.a(alt_icache_flush.o)
 .bss           0x00815510        0x0 c:/altera/13.0/nios2eds/bin/gnu/h-i686-mingw32/bin/../lib/gcc/nios2-elf/4.1.2/../../../../nios2-elf/lib\libc.a(lib_a-atexit.o)
 .bss           0x00815510        0x0 c:/altera/13.0/nios2eds/bin/gnu/h-i686-mingw32/bin/../lib/gcc/nios2-elf/4.1.2/../../../../nios2-elf/lib\libc.a(lib_a-ctype_.o)
 .bss           0x00815510        0x0 c:/altera/13.0/nios2eds/bin/gnu/h-i686-mingw32/bin/../lib/gcc/nios2-elf/4.1.2/../../../../nios2-elf/lib\libc.a(lib_a-exit.o)
 .bss           0x00815510        0x0 c:/altera/13.0/nios2eds/bin/gnu/h-i686-mingw32/bin/../lib/gcc/nios2-elf/4.1.2/../../../../nios2-elf/lib\libc.a(lib_a-memcmp.o)
 .bss           0x00815510        0x0 c:/altera/13.0/nios2eds/bin/gnu/h-i686-mingw32/bin/../lib/gcc/nios2-elf/4.1.2/../../../../nios2-elf/lib\libc.a(lib_a-__atexit.o)
 .bss           0x00815510        0x0 c:/altera/13.0/nios2eds/bin/gnu/h-i686-mingw32/bin/../lib/gcc/nios2-elf/4.1.2/../../../../nios2-elf/lib\libc.a(lib_a-__call_atexit.o)
 .bss           0x00815510        0x0 ../cs303a2_bsp/\libhal_bsp.a(alt_exit.o)
 *(COMMON)
 COMMON         0x00815510      0x100 ../cs303a2_bsp/\libhal_bsp.a(alt_irq_handler.o)
                0x00815510                alt_irq
 COMMON         0x00815610      0x190 c:/altera/13.0/nios2eds/bin/gnu/h-i686-mingw32/bin/../lib/gcc/nios2-elf/4.1.2/../../../../nios2-elf/lib\libc.a(lib_a-atexit.o)
                0x00815610                _atexit0
                0x008157a0                . = ALIGN (0x4)
                0x008157a0                __bss_end = ABSOLUTE (.)

.sdram_controller
                0x008157a0        0x0
                0x008157a0                PROVIDE (_alt_partition_sdram_controller_start, ABSOLUTE (.))
 *(.sdram_controller. sdram_controller.*)
                0x008157a0                . = ALIGN (0x4)
                0x008157a0                PROVIDE (_alt_partition_sdram_controller_end, ABSOLUTE (.))
                0x008157a0                _end = ABSOLUTE (.)
                0x008157a0                end = ABSOLUTE (.)
                0x008157a0                __alt_stack_base = ABSOLUTE (.)
                0x008157a0                PROVIDE (_alt_partition_sdram_controller_load_addr, LOADADDR (.sdram_controller))

.onchip_mem     0x01008000        0x0 load address 0x008157a0
                0x01008000                PROVIDE (_alt_partition_onchip_mem_start, ABSOLUTE (.))
 *(.onchip_mem. onchip_mem.*)
                0x01008000                . = ALIGN (0x4)
                0x01008000                PROVIDE (_alt_partition_onchip_mem_end, ABSOLUTE (.))
                0x008157a0                PROVIDE (_alt_partition_onchip_mem_load_addr, LOADADDR (.onchip_mem))

.stab
 *(.stab)

.stabstr
 *(.stabstr)

.stab.excl
 *(.stab.excl)

.stab.exclstr
 *(.stab.exclstr)

.stab.index
 *(.stab.index)

.stab.indexstr
 *(.stab.indexstr)

.comment        0x00000000       0x23
 *(.comment)
 .comment       0x00000000       0x23 obj/default/hello_world.o
                                 0x24 (size before relaxing)
 .comment       0x00000000       0x24 obj/default/sccharts.o
 .comment       0x00000000       0x24 c:/altera/13.0/nios2eds/bin/gnu/h-i686-mingw32/bin/../lib/gcc/nios2-elf/4.1.2/../../../../nios2-elf/lib\libc.a(lib_a-printf.o)
 .comment       0x00000000       0x24 c:/altera/13.0/nios2eds/bin/gnu/h-i686-mingw32/bin/../lib/gcc/nios2-elf/4.1.2/../../../../nios2-elf/lib\libc.a(lib_a-vfprintf.o)
 .comment       0x00000000       0x24 c:/altera/13.0/nios2eds/bin/gnu/h-i686-mingw32/bin/../lib/gcc/nios2-elf/4.1.2/../../../../nios2-elf/lib\libc.a(lib_a-wsetup.o)
 .comment       0x00000000       0x24 c:/altera/13.0/nios2eds/bin/gnu/h-i686-mingw32/bin/../lib/gcc/nios2-elf/4.1.2/../../../../nios2-elf/lib\libc.a(lib_a-dtoa.o)
 .comment       0x00000000       0x24 c:/altera/13.0/nios2eds/bin/gnu/h-i686-mingw32/bin/../lib/gcc/nios2-elf/4.1.2/../../../../nios2-elf/lib\libc.a(lib_a-fflush.o)
 .comment       0x00000000       0x24 c:/altera/13.0/nios2eds/bin/gnu/h-i686-mingw32/bin/../lib/gcc/nios2-elf/4.1.2/../../../../nios2-elf/lib\libc.a(lib_a-findfp.o)
 .comment       0x00000000       0x24 c:/altera/13.0/nios2eds/bin/gnu/h-i686-mingw32/bin/../lib/gcc/nios2-elf/4.1.2/../../../../nios2-elf/lib\libc.a(lib_a-freer.o)
 .comment       0x00000000       0x24 c:/altera/13.0/nios2eds/bin/gnu/h-i686-mingw32/bin/../lib/gcc/nios2-elf/4.1.2/../../../../nios2-elf/lib\libc.a(lib_a-fvwrite.o)
 .comment       0x00000000       0x24 c:/altera/13.0/nios2eds/bin/gnu/h-i686-mingw32/bin/../lib/gcc/nios2-elf/4.1.2/../../../../nios2-elf/lib\libc.a(lib_a-fwalk.o)
 .comment       0x00000000       0x24 c:/altera/13.0/nios2eds/bin/gnu/h-i686-mingw32/bin/../lib/gcc/nios2-elf/4.1.2/../../../../nios2-elf/lib\libc.a(lib_a-impure.o)
 .comment       0x00000000       0x24 c:/altera/13.0/nios2eds/bin/gnu/h-i686-mingw32/bin/../lib/gcc/nios2-elf/4.1.2/../../../../nios2-elf/lib\libc.a(lib_a-locale.o)
 .comment       0x00000000       0x24 c:/altera/13.0/nios2eds/bin/gnu/h-i686-mingw32/bin/../lib/gcc/nios2-elf/4.1.2/../../../../nios2-elf/lib\libc.a(lib_a-makebuf.o)
 .comment       0x00000000       0x24 c:/altera/13.0/nios2eds/bin/gnu/h-i686-mingw32/bin/../lib/gcc/nios2-elf/4.1.2/../../../../nios2-elf/lib\libc.a(lib_a-mallocr.o)
 .comment       0x00000000       0x24 c:/altera/13.0/nios2eds/bin/gnu/h-i686-mingw32/bin/../lib/gcc/nios2-elf/4.1.2/../../../../nios2-elf/lib\libc.a(lib_a-memchr.o)
 .comment       0x00000000       0x24 c:/altera/13.0/nios2eds/bin/gnu/h-i686-mingw32/bin/../lib/gcc/nios2-elf/4.1.2/../../../../nios2-elf/lib\libc.a(lib_a-memcpy.o)
 .comment       0x00000000       0x24 c:/altera/13.0/nios2eds/bin/gnu/h-i686-mingw32/bin/../lib/gcc/nios2-elf/4.1.2/../../../../nios2-elf/lib\libc.a(lib_a-memmove.o)
 .comment       0x00000000       0x24 c:/altera/13.0/nios2eds/bin/gnu/h-i686-mingw32/bin/../lib/gcc/nios2-elf/4.1.2/../../../../nios2-elf/lib\libc.a(lib_a-memset.o)
 .comment       0x00000000       0x24 c:/altera/13.0/nios2eds/bin/gnu/h-i686-mingw32/bin/../lib/gcc/nios2-elf/4.1.2/../../../../nios2-elf/lib\libc.a(lib_a-mprec.o)
 .comment       0x00000000       0x24 c:/altera/13.0/nios2eds/bin/gnu/h-i686-mingw32/bin/../lib/gcc/nios2-elf/4.1.2/../../../../nios2-elf/lib\libc.a(lib_a-reallocr.o)
 .comment       0x00000000       0x24 c:/altera/13.0/nios2eds/bin/gnu/h-i686-mingw32/bin/../lib/gcc/nios2-elf/4.1.2/../../../../nios2-elf/lib\libc.a(lib_a-s_isinfd.o)
 .comment       0x00000000       0x24 c:/altera/13.0/nios2eds/bin/gnu/h-i686-mingw32/bin/../lib/gcc/nios2-elf/4.1.2/../../../../nios2-elf/lib\libc.a(lib_a-s_isnand.o)
 .comment       0x00000000       0x24 c:/altera/13.0/nios2eds/bin/gnu/h-i686-mingw32/bin/../lib/gcc/nios2-elf/4.1.2/../../../../nios2-elf/lib\libc.a(lib_a-sbrkr.o)
 .comment       0x00000000       0x24 c:/altera/13.0/nios2eds/bin/gnu/h-i686-mingw32/bin/../lib/gcc/nios2-elf/4.1.2/../../../../nios2-elf/lib\libc.a(lib_a-stdio.o)
 .comment       0x00000000       0x24 c:/altera/13.0/nios2eds/bin/gnu/h-i686-mingw32/bin/../lib/gcc/nios2-elf/4.1.2/../../../../nios2-elf/lib\libc.a(lib_a-strcmp.o)
 .comment       0x00000000       0x24 c:/altera/13.0/nios2eds/bin/gnu/h-i686-mingw32/bin/../lib/gcc/nios2-elf/4.1.2/../../../../nios2-elf/lib\libc.a(lib_a-strlen.o)
 .comment       0x00000000       0x24 c:/altera/13.0/nios2eds/bin/gnu/h-i686-mingw32/bin/../lib/gcc/nios2-elf/4.1.2/../../../../nios2-elf/lib\libc.a(lib_a-writer.o)
 .comment       0x00000000       0x24 c:/altera/13.0/nios2eds/bin/gnu/h-i686-mingw32/bin/../lib/gcc/nios2-elf/4.1.2/../../../../nios2-elf/lib\libc.a(lib_a-callocr.o)
 .comment       0x00000000       0x24 c:/altera/13.0/nios2eds/bin/gnu/h-i686-mingw32/bin/../lib/gcc/nios2-elf/4.1.2/../../../../nios2-elf/lib\libc.a(lib_a-closer.o)
 .comment       0x00000000       0x24 c:/altera/13.0/nios2eds/bin/gnu/h-i686-mingw32/bin/../lib/gcc/nios2-elf/4.1.2/../../../../nios2-elf/lib\libc.a(lib_a-fclose.o)
 .comment       0x00000000       0x24 c:/altera/13.0/nios2eds/bin/gnu/h-i686-mingw32/bin/../lib/gcc/nios2-elf/4.1.2/../../../../nios2-elf/lib\libc.a(lib_a-fstatr.o)
 .comment       0x00000000       0x24 c:/altera/13.0/nios2eds/bin/gnu/h-i686-mingw32/bin/../lib/gcc/nios2-elf/4.1.2/../../../../nios2-elf/lib\libc.a(lib_a-int_errno.o)
 .comment       0x00000000       0x24 c:/altera/13.0/nios2eds/bin/gnu/h-i686-mingw32/bin/../lib/gcc/nios2-elf/4.1.2/../../../../nios2-elf/lib\libc.a(lib_a-isattyr.o)
 .comment       0x00000000       0x24 c:/altera/13.0/nios2eds/bin/gnu/h-i686-mingw32/bin/../lib/gcc/nios2-elf/4.1.2/../../../../nios2-elf/lib\libc.a(lib_a-lseekr.o)
 .comment       0x00000000       0x24 c:/altera/13.0/nios2eds/bin/gnu/h-i686-mingw32/bin/../lib/gcc/nios2-elf/4.1.2/../../../../nios2-elf/lib\libc.a(lib_a-readr.o)
 .comment       0x00000000       0x24 c:/altera/13.0/nios2eds/bin/gnu/h-i686-mingw32/bin/../lib/gcc/nios2-elf/4.1.2\libgcc.a(_udivdi3.o)
 .comment       0x00000000       0x24 c:/altera/13.0/nios2eds/bin/gnu/h-i686-mingw32/bin/../lib/gcc/nios2-elf/4.1.2\libgcc.a(_umoddi3.o)
 .comment       0x00000000       0x24 c:/altera/13.0/nios2eds/bin/gnu/h-i686-mingw32/bin/../lib/gcc/nios2-elf/4.1.2\libgcc.a(_addsub_df.o)
 .comment       0x00000000       0x24 c:/altera/13.0/nios2eds/bin/gnu/h-i686-mingw32/bin/../lib/gcc/nios2-elf/4.1.2\libgcc.a(_mul_df.o)
 .comment       0x00000000       0x24 c:/altera/13.0/nios2eds/bin/gnu/h-i686-mingw32/bin/../lib/gcc/nios2-elf/4.1.2\libgcc.a(_div_df.o)
 .comment       0x00000000       0x24 c:/altera/13.0/nios2eds/bin/gnu/h-i686-mingw32/bin/../lib/gcc/nios2-elf/4.1.2\libgcc.a(_eq_df.o)
 .comment       0x00000000       0x24 c:/altera/13.0/nios2eds/bin/gnu/h-i686-mingw32/bin/../lib/gcc/nios2-elf/4.1.2\libgcc.a(_ne_df.o)
 .comment       0x00000000       0x24 c:/altera/13.0/nios2eds/bin/gnu/h-i686-mingw32/bin/../lib/gcc/nios2-elf/4.1.2\libgcc.a(_gt_df.o)
 .comment       0x00000000       0x24 c:/altera/13.0/nios2eds/bin/gnu/h-i686-mingw32/bin/../lib/gcc/nios2-elf/4.1.2\libgcc.a(_ge_df.o)
 .comment       0x00000000       0x24 c:/altera/13.0/nios2eds/bin/gnu/h-i686-mingw32/bin/../lib/gcc/nios2-elf/4.1.2\libgcc.a(_lt_df.o)
 .comment       0x00000000       0x24 c:/altera/13.0/nios2eds/bin/gnu/h-i686-mingw32/bin/../lib/gcc/nios2-elf/4.1.2\libgcc.a(_si_to_df.o)
 .comment       0x00000000       0x24 c:/altera/13.0/nios2eds/bin/gnu/h-i686-mingw32/bin/../lib/gcc/nios2-elf/4.1.2\libgcc.a(_df_to_si.o)
 .comment       0x00000000       0x24 c:/altera/13.0/nios2eds/bin/gnu/h-i686-mingw32/bin/../lib/gcc/nios2-elf/4.1.2\libgcc.a(_thenan_df.o)
 .comment       0x00000000       0x24 c:/altera/13.0/nios2eds/bin/gnu/h-i686-mingw32/bin/../lib/gcc/nios2-elf/4.1.2\libgcc.a(_usi_to_df.o)
 .comment       0x00000000       0x24 c:/altera/13.0/nios2eds/bin/gnu/h-i686-mingw32/bin/../lib/gcc/nios2-elf/4.1.2\libgcc.a(lib2-divmod.o)
 .comment       0x00000000       0x24 c:/altera/13.0/nios2eds/bin/gnu/h-i686-mingw32/bin/../lib/gcc/nios2-elf/4.1.2\libgcc.a(_muldi3.o)
 .comment       0x00000000       0x24 c:/altera/13.0/nios2eds/bin/gnu/h-i686-mingw32/bin/../lib/gcc/nios2-elf/4.1.2\libgcc.a(_clz.o)
 .comment       0x00000000       0x24 c:/altera/13.0/nios2eds/bin/gnu/h-i686-mingw32/bin/../lib/gcc/nios2-elf/4.1.2\libgcc.a(_clzsi2.o)
 .comment       0x00000000       0x24 c:/altera/13.0/nios2eds/bin/gnu/h-i686-mingw32/bin/../lib/gcc/nios2-elf/4.1.2\libgcc.a(_pack_df.o)
 .comment       0x00000000       0x24 c:/altera/13.0/nios2eds/bin/gnu/h-i686-mingw32/bin/../lib/gcc/nios2-elf/4.1.2\libgcc.a(_unpack_df.o)
 .comment       0x00000000       0x24 c:/altera/13.0/nios2eds/bin/gnu/h-i686-mingw32/bin/../lib/gcc/nios2-elf/4.1.2\libgcc.a(_fpcmp_parts_df.o)
 .comment       0x00000000       0x24 ../cs303a2_bsp/\libhal_bsp.a(alt_alarm_start.o)
 .comment       0x00000000       0x24 ../cs303a2_bsp/\libhal_bsp.a(alt_close.o)
 .comment       0x00000000       0x24 ../cs303a2_bsp/\libhal_bsp.a(alt_dev.o)
 .comment       0x00000000       0x24 ../cs303a2_bsp/\libhal_bsp.a(alt_errno.o)
 .comment       0x00000000       0x24 ../cs303a2_bsp/\libhal_bsp.a(alt_fstat.o)
 .comment       0x00000000       0x24 ../cs303a2_bsp/\libhal_bsp.a(alt_irq_register.o)
 .comment       0x00000000       0x24 ../cs303a2_bsp/\libhal_bsp.a(alt_irq_vars.o)
 .comment       0x00000000       0x24 ../cs303a2_bsp/\libhal_bsp.a(alt_isatty.o)
 .comment       0x00000000       0x24 ../cs303a2_bsp/\libhal_bsp.a(alt_load.o)
 .comment       0x00000000       0x24 ../cs303a2_bsp/\libhal_bsp.a(alt_lseek.o)
 .comment       0x00000000       0x24 ../cs303a2_bsp/\libhal_bsp.a(alt_main.o)
 .comment       0x00000000       0x24 ../cs303a2_bsp/\libhal_bsp.a(alt_malloc_lock.o)
 .comment       0x00000000       0x24 ../cs303a2_bsp/\libhal_bsp.a(alt_read.o)
 .comment       0x00000000       0x24 ../cs303a2_bsp/\libhal_bsp.a(alt_release_fd.o)
 .comment       0x00000000       0x24 ../cs303a2_bsp/\libhal_bsp.a(alt_sbrk.o)
 .comment       0x00000000       0x24 ../cs303a2_bsp/\libhal_bsp.a(alt_tick.o)
 .comment       0x00000000       0x24 ../cs303a2_bsp/\libhal_bsp.a(alt_write.o)
 .comment       0x00000000       0x24 ../cs303a2_bsp/\libhal_bsp.a(alt_sys_init.o)
 .comment       0x00000000       0x24 ../cs303a2_bsp/\libhal_bsp.a(altera_avalon_jtag_uart_fd.o)
 .comment       0x00000000       0x24 ../cs303a2_bsp/\libhal_bsp.a(altera_avalon_jtag_uart_init.o)
 .comment       0x00000000       0x24 ../cs303a2_bsp/\libhal_bsp.a(altera_avalon_jtag_uart_ioctl.o)
 .comment       0x00000000       0x24 ../cs303a2_bsp/\libhal_bsp.a(altera_avalon_jtag_uart_read.o)
 .comment       0x00000000       0x24 ../cs303a2_bsp/\libhal_bsp.a(altera_avalon_jtag_uart_write.o)
 .comment       0x00000000       0x24 ../cs303a2_bsp/\libhal_bsp.a(altera_avalon_lcd_16207.o)
 .comment       0x00000000       0x24 ../cs303a2_bsp/\libhal_bsp.a(altera_avalon_lcd_16207_fd.o)
 .comment       0x00000000       0x24 ../cs303a2_bsp/\libhal_bsp.a(altera_avalon_timer_sc.o)
 .comment       0x00000000       0x24 ../cs303a2_bsp/\libhal_bsp.a(altera_avalon_uart_fd.o)
 .comment       0x00000000       0x24 ../cs303a2_bsp/\libhal_bsp.a(altera_avalon_uart_init.o)
 .comment       0x00000000       0x24 ../cs303a2_bsp/\libhal_bsp.a(altera_avalon_uart_read.o)
 .comment       0x00000000       0x24 ../cs303a2_bsp/\libhal_bsp.a(altera_avalon_uart_write.o)
 .comment       0x00000000       0x24 ../cs303a2_bsp/\libhal_bsp.a(alt_dcache_flush_all.o)
 .comment       0x00000000       0x24 ../cs303a2_bsp/\libhal_bsp.a(alt_dev_llist_insert.o)
 .comment       0x00000000       0x24 ../cs303a2_bsp/\libhal_bsp.a(alt_do_ctors.o)
 .comment       0x00000000       0x24 ../cs303a2_bsp/\libhal_bsp.a(alt_do_dtors.o)
 .comment       0x00000000       0x24 ../cs303a2_bsp/\libhal_bsp.a(alt_icache_flush_all.o)